<html>
<body>
<pre>
<h1>µVision Build Log</h1>
<h2>Tool Versions:</h2>
IDE-Version: µVision V5.41.0.0
Copyright (C) 2024 ARM Ltd and ARM Germany GmbH. All rights reserved.
License Information: Dow Cox, Tennessee Tech University, LIC=----
 
Tool Versions:
Toolchain:       MDK-Lite  Version: 5.41.0.0
Toolchain Path:  C:\Users\mrpat\AppData\Local\Keil_v5\ARM\ARMCLANG\Bin
C Compiler:      ArmClang.exe V6.22
Assembler:       Armasm.exe V6.22
Linker/Locator:  ArmLink.exe V6.22
Library Manager: ArmAr.exe V6.22
Hex Converter:   FromElf.exe V6.22
CPU DLL:         SARMCM3.DLL V5.41.0.0
Dialog DLL:      DCM.DLL V1.17.5.0
Target DLL:      STLink\ST-LINKIII-KEIL_SWO.dll V3.3.0.0
Dialog DLL:      TCM.DLL V1.56.4.0
 
<h2>Project:</h2>
C:\Users\mrpat\OneDrive\Documents\ECE3130\Hardware\ece3130_project\src\ece3130_project.uvprojx
Project File Date:  04/05/2025

<h2>Output:</h2>
*** Using Compiler 'V6.22', folder: 'C:\Users\mrpat\AppData\Local\Keil_v5\ARM\ARMCLANG\Bin'
Build target 'Target_1'
compiling date.c...
compiling buzzer.c...
compiling stm32l4xx_hal.c...
compiling main.c...
compiling stm32l4xx_hal_rcc.c...
compiling stm32l4xx_it.c...
run.c(56): warning: unused variable 'sector5New' [-Wunused-variable]
   56 |         char sector5New[4];
      |              ^~~~~~~~~~
run.c(57): warning: unused variable 'sector6New' [-Wunused-variable]
   57 |         char sector6New[4];
      |              ^~~~~~~~~~
run.c(58): warning: unused variable 'sector7New' [-Wunused-variable]
   58 |         char sector7New[4];
      |              ^~~~~~~~~~
3 warnings generated.
compiling run.c...
compiling stm32l4xx_hal_i2c.c...
compiling stm32l4xx_hal_flash_ramfunc.c...
compiling stm32l4xx_hal_msp.c...
compiling stm32l4xx_hal_dma_ex.c...
compiling stm32l4xx_hal_i2c_ex.c...
compiling system_stm32l4xx.c...
compiling stm32l4xx_hal_gpio.c...
compiling stm32l4xx_hal_flash_ex.c...
events.c(61): warning: unused variable 'keyb2' [-Wunused-variable]
   61 |                 int keyb2 = keyPadIB2[i];
      |                     ^~~~~
events.c(72): warning: incompatible pointer types passing 'void (**)(enum KEYPAD)' to parameter of type 'void **' [-Wincompatible-pointer-types]
   72 |         int size = length(Events.onKeyPadPressCallbacks);
      |                           ^~~~~~~~~~~~~~~~~~~~~~~~~~~~~
.\events.h(155): note: passing argument to parameter 'array' here
  155 | int length(void **array);
      |                   ^
events.c(86): warning: incompatible pointer types passing 'void (**)(enum KEYPAD)' to parameter of type 'void **' [-Wincompatible-pointer-types]
   86 |         int size = length(Events.onKeyPadReleaseCallbacks);
      |                           ^~~~~~~~~~~~~~~~~~~~~~~~~~~~~~~
.\events.h(155): note: passing argument to parameter 'array' here
  155 | int length(void **array);
      |                   ^
events.c(100): warning: incompatible pointer types passing 'void (**)(enum SWITCHS)' to parameter of type 'void **' [-Wincompatible-pointer-types]
  100 |         int size = length(Events.onSwitchReleaseCallbacks);
      |                           ^~~~~~~~~~~~~~~~~~~~~~~~~~~~~~~
.\events.h(155): note: passing argument to parameter 'array' here
  155 | int length(void **array);
      |                   ^
events.c(114): warning: incompatible pointer types passing 'void (**)(enum SWITCHS)' to parameter of type 'void **' [-Wincompatible-pointer-types]
  114 |         int size = length(Events.onSwitchPressCallbacks);
      |                           ^~~~~~~~~~~~~~~~~~~~~~~~~~~~~
.\events.h(155): note: passing argument to parameter 'array' here
  155 | int length(void **array);
      |                   ^
events.c(128): warning: incompatible pointer types passing 'void (**)(struct BeforeCharWriteEventType *)' to parameter of type 'void **' [-Wincompatible-pointer-types]
  128 |         int size = length(Events.beforeCharWriteCallbacks);
      |                           ^~~~~~~~~~~~~~~~~~~~~~~~~~~~~~~
.\events.h(155): note: passing argument to parameter 'array' here
  155 | int length(void **array);
      |                   ^
events.c(145): warning: incompatible pointer types passing 'void (**)(struct BeforeCharWriteEventType *)' to parameter of type 'void **' [-Wincompatible-pointer-types]
  145 |         int size = length(Events.beforeCharWriteCallbacks);
      |                           ^~~~~~~~~~~~~~~~~~~~~~~~~~~~~~~
.\events.h(155): note: passing argument to parameter 'array' here
  155 | int length(void **array);
      |                   ^
events.c(161): warning: comparing a pointer to a null character constant; did you mean to compare to NULL? [-Wpointer-compare]
  161 |         for (int i = 0; callbackArray[i] != '\0'; i++)
      |                                             ^~~~
      |                                             (void *)0
events.c(180): warning: incompatible pointer types passing 'void (**)(enum KEYPAD)' to parameter of type 'void **' [-Wincompatible-pointer-types]
  180 |                         length(Events.onKeyPadPressCallbacks)))
      |                                ^~~~~~~~~~~~~~~~~~~~~~~~~~~~~
.\events.h(155): note: passing argument to parameter 'array' here
  155 | int length(void **array);
      |                   ^
events.c(186): warning: incompatible pointer types passing 'void (**)(enum KEYPAD)' to parameter of type 'void **' [-Wincompatible-pointer-types]
  186 |                         length(Events.onKeyPadReleaseCallbacks)))
      |                                ^~~~~~~~~~~~~~~~~~~~~~~~~~~~~~~
.\events.h(155): note: passing argument to parameter 'array' here
  155 | int length(void **array);
      |                   ^
events.c(192): warning: incompatible pointer types passing 'void (**)(enum SWITCHS)' to parameter of type 'void **' [-Wincompatible-pointer-types]
  192 |                         length(Events.onSwitchReleaseCallbacks)))
      |                                ^~~~~~~~~~~~~~~~~~~~~~~~~~~~~~~
.\events.h(155): note: passing argument to parameter 'array' here
  155 | int length(void **array);
      |                   ^
events.c(199): warning: incompatible pointer types passing 'void (**)(enum SWITCHS)' to parameter of type 'void **' [-Wincompatible-pointer-types]
  199 |                         length(Events.onSwitchPressCallbacks)))
      |                                ^~~~~~~~~~~~~~~~~~~~~~~~~~~~~
.\events.h(155): note: passing argument to parameter 'array' here
  155 | int length(void **array);
      |                   ^
events.c(205): warning: incompatible pointer types passing 'void (**)(struct BeforeCharWriteEventType *)' to parameter of type 'void **' [-Wincompatible-pointer-types]
  205 |                         length(Events.beforeCharWriteCallbacks)))
      |                                ^~~~~~~~~~~~~~~~~~~~~~~~~~~~~~~
.\events.h(155): note: passing argument to parameter 'array' here
  155 | int length(void **array);
      |                   ^
events.c(279): warning: incompatible pointer types passing 'void (**)(enum SWITCHS)' to parameter of type 'void **' [-Wincompatible-pointer-types]
  279 |                         int callbacksLength = length(Events.onSwitchReleaseCallbacks);
      |                                                      ^~~~~~~~~~~~~~~~~~~~~~~~~~~~~~~
events.c(242): note: passing argument to parameter 'array' here
  242 | int length(void **array)
      |                   ^
events.c(300): warning: incompatible pointer types passing 'void (**)(enum SWITCHS)' to parameter of type 'void **' [-Wincompatible-pointer-types]
  300 |                 int callbacksLength = length(Events.onSwitchPressCallbacks);
      |                                              ^~~~~~~~~~~~~~~~~~~~~~~~~~~~~
events.c(242): note: passing argument to parameter 'array' here
  242 | int length(void **array)
      |                   ^
events.c(333): warning: incompatible pointer types passing 'void (**)(enum KEYPAD)' to parameter of type 'void **' [-Wincompatible-pointer-types]
  333 |                                         int callbacksLength = length(Events.onKeyPadReleaseCallbacks); //
      |                                                                      ^~~~~~~~~~~~~~~~~~~~~~~~~~~~~~~
events.c(242): note: passing argument to parameter 'array' here
  242 | int length(void **array)
      |                   ^
events.c(357): warning: incompatible pointer types passing 'void (**)(enum KEYPAD)' to parameter of type 'void **' [-Wincompatible-pointer-types]
  357 |                         int callbacksLength = length(Events.onKeyPadPressCallbacks);
      |                                                      ^~~~~~~~~~~~~~~~~~~~~~~~~~~~~
events.c(242): note: passing argument to parameter 'array' here
  242 | int length(void **array)
      |                   ^
17 warnings generated.
compiling events.c...
compiling stm32l4xx_hal_flash.c...
compiling lcd.c...
compiling stm32l4xx_hal_dma.c...
compiling stm32l4xx_hal_pwr.c...
compiling stm32l4xx_hal_cortex.c...
compiling stm32l4xx_hal_rcc_ex.c...
compiling stm32l4xx_hal_exti.c...
compiling stm32l4xx_hal_pwr_ex.c...
compiling stm32l4xx_hal_tim_ex.c...
compiling stm32l4xx_hal_tim.c...
linking...
Program Size: Code=17760 RO-data=536 RW-data=368 ZI-data=2224  
".\Objects\ece3130_project.axf" - 0 Error(s), 20 Warning(s).

<h2>Software Packages used:</h2>

Package Vendor: ARM
                https://www.keil.com/pack/ARM.CMSIS.6.1.0.pack
                ARM::CMSIS@6.1.0
                CMSIS (Common Microcontroller Software Interface Standard)
   * Component: CORE Version: 6.1.0

Package Vendor: Keil
                https://www.keil.com/pack/Keil.STM32L4xx_DFP.3.0.0.pack
                Keil::STM32L4xx_DFP@3.0.0
                STMicroelectronics STM32L4 Series Device Support
   * Component: CubeMX Version: 1.0.0

<h2>Collection of Component include folders:</h2>
  ./RTE/_Target_1
  ./STM32CubeMX/Target_1/MX_Device
  ./STM32CubeMX/Target_1/STM32CubeMX/Drivers/CMSIS/Device/ST/STM32L4xx/Include
  ./STM32CubeMX/Target_1/STM32CubeMX/Drivers/STM32L4xx_HAL_Driver/Inc
  ./STM32CubeMX/Target_1/STM32CubeMX/Drivers/STM32L4xx_HAL_Driver/Inc/Legacy
  ./STM32CubeMX/Target_1/STM32CubeMX/Inc
  C:/Users/mrpat/AppData/Local/Arm/Packs/ARM/CMSIS/6.1.0/CMSIS/Core/Include

<h2>Collection of Component Files used:</h2>

   * Component: ARM::CMSIS:CORE@6.1.0

   * Component: Keil::Device:CubeMX@1.0.0
Build Time Elapsed:  00:00:03
</pre>
</body>
</html>
