<html>
<body>
<pre>
<h1>µVision Build Log</h1>
<h2>Tool Versions:</h2>
IDE-Version: µVision V5.41.0.0
Copyright (C) 2024 ARM Ltd and ARM Germany GmbH. All rights reserved.
License Information: Austin DuCrest, Student, LIC=----
 
Tool Versions:
Toolchain:       MDK-Lite  Version: 5.41.0.0
Toolchain Path:  C:\Users\austi\AppData\Local\Keil_v5\ARM\ARMCLANG\Bin
C Compiler:      ArmClang.exe V6.22
Assembler:       Armasm.exe V6.22
Linker/Locator:  ArmLink.exe V6.22
Library Manager: ArmAr.exe V6.22
Hex Converter:   FromElf.exe V6.22
CPU DLL:         SARMCM3.DLL V5.41.0.0
Dialog DLL:      DCM.DLL V1.17.5.0
Target DLL:      STLink\ST-LINKIII-KEIL_SWO.dll V3.3.0.0
Dialog DLL:      TCM.DLL V1.56.4.0
 
<h2>Project:</h2>
C:\Users\austi\OneDrive\Documents\School Stuff\Class Stuff\Engineering Folder\ECE 3130\Project\ece3130_project\src\ece3130_project.uvprojx
Project File Date:  04/07/2025

<h2>Output:</h2>
*** Using Compiler 'V6.22', folder: 'C:\Users\austi\AppData\Local\Keil_v5\ARM\ARMCLANG\Bin'
Build target 'Target_1'
run.c(56): warning: unused variable 'sector5New' [-Wunused-variable]
   56 |         char sector5New[4];
      |              ^~~~~~~~~~
run.c(57): warning: unused variable 'sector6New' [-Wunused-variable]
   57 |         char sector6New[4];
      |              ^~~~~~~~~~
run.c(58): warning: unused variable 'sector7New' [-Wunused-variable]
   58 |         char sector7New[4];
      |              ^~~~~~~~~~
run.c(146): warning: multiple unsequenced modifications to 'modeCycle' [-Wunsequenced]
  146 |                 modeCycle = (++modeCycle) % 3;
      |                           ~  ^
run.c(160): warning: multiple unsequenced modifications to 'modeCycle' [-Wunsequenced]
  160 |                 modeCycle = (++modeCycle) % 3;
      |                           ~  ^
5 warnings generated.
compiling run.c...
linking...
Program Size: Code=16298 RO-data=490 RW-data=236 ZI-data=1968  
".\Objects\ece3130_project.axf" - 0 Error(s), 5 Warning(s).

<h2>Software Packages used:</h2>

Package Vendor: ARM
                https://www.keil.com/pack/ARM.CMSIS.6.1.0.pack
                ARM::CMSIS@6.1.0
                CMSIS (Common Microcontroller Software Interface Standard)
   * Component: CORE Version: 6.1.0

Package Vendor: Keil
                https://www.keil.com/pack/Keil.STM32L4xx_DFP.3.0.0.pack
                Keil::STM32L4xx_DFP@3.0.0
                STMicroelectronics STM32L4 Series Device Support
   * Component: CubeMX Version: 1.0.0

<h2>Collection of Component include folders:</h2>
  ./RTE/_Target_1
  ./STM32CubeMX/Target_1/MX_Device
  ./STM32CubeMX/Target_1/STM32CubeMX/Drivers/CMSIS/Device/ST/STM32L4xx/Include
  ./STM32CubeMX/Target_1/STM32CubeMX/Drivers/STM32L4xx_HAL_Driver/Inc
  ./STM32CubeMX/Target_1/STM32CubeMX/Drivers/STM32L4xx_HAL_Driver/Inc/Legacy
  ./STM32CubeMX/Target_1/STM32CubeMX/Inc
  C:/Users/austi/AppData/Local/Arm/Packs/ARM/CMSIS/6.1.0/CMSIS/Core/Include

<h2>Collection of Component Files used:</h2>

   * Component: ARM::CMSIS:CORE@6.1.0

   * Component: Keil::Device:CubeMX@1.0.0
Build Time Elapsed:  00:00:02
</pre>
</body>
</html>
