Component: Arm Compiler for Embedded 6.22 Tool: armlink [5ee90200]

==============================================================================

Section Cross References

    buzzer.o(.text.Init_buzzer) refers to h1_alloc.o(.text) for malloc
    buzzer.o(.text.Init_buzzer) refers to buzzer.o(.bss.frequency_list) for frequency_list
    buzzer.o(.text.Init_buzzer) refers to stm32l4xx_hal_gpio.o(.text.HAL_GPIO_Init) for HAL_GPIO_Init
    buzzer.o(.text.Init_buzzer) refers to buzzer.o(.bss.htim3) for htim3
    buzzer.o(.ARM.exidx.text.Init_buzzer) refers to buzzer.o(.text.Init_buzzer) for [Anonymous Symbol]
    buzzer.o(.text.AddFrequency) refers to dfix.o(x$fpl$dfix) for __aeabi_d2iz
    buzzer.o(.text.AddFrequency) refers to buzzer.o(.bss.frequency_list) for frequency_list
    buzzer.o(.text.AddFrequency) refers to list.o(.text.pushInteger) for pushInteger
    buzzer.o(.ARM.exidx.text.AddFrequency) refers to buzzer.o(.text.AddFrequency) for [Anonymous Symbol]
    buzzer.o(.text.RemoveFrequency) refers to dfix.o(x$fpl$dfix) for __aeabi_d2iz
    buzzer.o(.text.RemoveFrequency) refers to buzzer.o(.bss.frequency_list) for frequency_list
    buzzer.o(.text.RemoveFrequency) refers to list.o(.text.removeFromIntegers) for removeFromIntegers
    buzzer.o(.ARM.exidx.text.RemoveFrequency) refers to buzzer.o(.text.RemoveFrequency) for [Anonymous Symbol]
    buzzer.o(.text.CheckFrequency) refers to date.o(.text.date) for date
    buzzer.o(.text.CheckFrequency) refers to buzzer.o(.bss.lastDateFrequency) for lastDateFrequency
    buzzer.o(.text.CheckFrequency) refers to daddsub_clz.o(x$fpl$dsub) for __aeabi_dsub
    buzzer.o(.text.CheckFrequency) refers to buzzer.o(.data.lastSwitchTime) for lastSwitchTime
    buzzer.o(.text.CheckFrequency) refers to dflt_clz.o(x$fpl$dflt) for __aeabi_i2d
    buzzer.o(.text.CheckFrequency) refers to dcmp.o(x$fpl$fcmp) for __aeabi_dcmple
    buzzer.o(.text.CheckFrequency) refers to buzzer.o(.bss.frequency_list) for frequency_list
    buzzer.o(.text.CheckFrequency) refers to buzzer.o(.bss.currentFrequency) for currentFrequency
    buzzer.o(.text.CheckFrequency) refers to buzzer.o(.bss.htim3) for htim3
    buzzer.o(.text.CheckFrequency) refers to stm32l4xx_hal_tim.o(.text.HAL_TIM_PWM_Stop) for HAL_TIM_PWM_Stop
    buzzer.o(.text.CheckFrequency) refers to buzzer.o(.bss.frequencyIndex) for frequencyIndex
    buzzer.o(.text.CheckFrequency) refers to buzzer.o(.text.SetFrequency) for SetFrequency
    buzzer.o(.ARM.exidx.text.CheckFrequency) refers to buzzer.o(.text.CheckFrequency) for [Anonymous Symbol]
    buzzer.o(.text.SetFrequency) refers to dfix.o(x$fpl$dfix) for __aeabi_d2iz
    buzzer.o(.text.SetFrequency) refers to buzzer.o(.bss.currentFrequency) for currentFrequency
    buzzer.o(.text.SetFrequency) refers to dcmp.o(x$fpl$fcmp) for __aeabi_dcmpgt
    buzzer.o(.text.SetFrequency) refers to daddsub_clz.o(x$fpl$dadd) for __aeabi_dadd
    buzzer.o(.text.SetFrequency) refers to dmul.o(x$fpl$dmul) for __aeabi_dmul
    buzzer.o(.text.SetFrequency) refers to ddiv.o(x$fpl$ddiv) for __aeabi_ddiv
    buzzer.o(.text.SetFrequency) refers to dfixu.o(x$fpl$dfixu) for __aeabi_d2uiz
    buzzer.o(.text.SetFrequency) refers to buzzer.o(.bss.htim3) for htim3
    buzzer.o(.text.SetFrequency) refers to stm32l4xx_hal_tim.o(.text.HAL_TIM_Base_Init) for HAL_TIM_Base_Init
    buzzer.o(.text.SetFrequency) refers to stm32l4xx_hal_tim.o(.text.HAL_TIM_PWM_Stop) for HAL_TIM_PWM_Stop
    buzzer.o(.text.SetFrequency) refers to stm32l4xx_hal_tim.o(.text.HAL_TIM_PWM_ConfigChannel) for HAL_TIM_PWM_ConfigChannel
    buzzer.o(.text.SetFrequency) refers to stm32l4xx_hal_tim.o(.text.HAL_TIM_PWM_Start) for HAL_TIM_PWM_Start
    buzzer.o(.ARM.exidx.text.SetFrequency) refers to buzzer.o(.text.SetFrequency) for [Anonymous Symbol]
    date.o(.text.getCurrentMicros) refers to stm32l4xx_hal.o(.text.HAL_GetTick) for HAL_GetTick
    date.o(.text.getCurrentMicros) refers to dflt_clz.o(x$fpl$dfltu) for __aeabi_ui2d
    date.o(.text.getCurrentMicros) refers to dmul.o(x$fpl$dmul) for __aeabi_dmul
    date.o(.text.getCurrentMicros) refers to ddiv.o(x$fpl$ddiv) for __aeabi_ddiv
    date.o(.text.getCurrentMicros) refers to daddsub_clz.o(x$fpl$dadd) for __aeabi_dadd
    date.o(.text.getCurrentMicros) refers to dfix.o(x$fpl$dfix) for __aeabi_d2iz
    date.o(.ARM.exidx.text.getCurrentMicros) refers to date.o(.text.getCurrentMicros) for [Anonymous Symbol]
    date.o(.text.date) refers to date.o(.text.getCurrentMicros) for getCurrentMicros
    date.o(.text.date) refers to dflt_clz.o(x$fpl$dflt) for __aeabi_i2d
    date.o(.text.date) refers to ddiv.o(x$fpl$ddiv) for __aeabi_ddiv
    date.o(.ARM.exidx.text.date) refers to date.o(.text.date) for [Anonymous Symbol]
    events.o(.text.Delay) refers to stm32l4xx_hal.o(.text.HAL_Delay) for HAL_Delay
    events.o(.ARM.exidx.text.Delay) refers to events.o(.text.Delay) for [Anonymous Symbol]
    events.o(.text.subscribeKeyPad) refers to events.o(.bss.Events) for Events
[...]
    locale$$code                             0x08005378   Section       44  lc_ctype_c.o(locale$$code)
    $v0                                      0x080053a4   Number         0  d2f.o(x$fpl$d2f)
    x$fpl$d2f                                0x080053a4   Section       98  d2f.o(x$fpl$d2f)
    $v0                                      0x08005408   Number         0  daddsub_clz.o(x$fpl$dadd)
    x$fpl$dadd                               0x08005408   Section      336  daddsub_clz.o(x$fpl$dadd)
    _dadd1                                   0x08005419   Thumb Code     0  daddsub_clz.o(x$fpl$dadd)
    $v0                                      0x08005558   Number         0  dcheck1.o(x$fpl$dcheck1)
    x$fpl$dcheck1                            0x08005558   Section       16  dcheck1.o(x$fpl$dcheck1)
    $v0                                      0x08005568   Number         0  dcmpi.o(x$fpl$dcmpinf)
    x$fpl$dcmpinf                            0x08005568   Section       24  dcmpi.o(x$fpl$dcmpinf)
    $v0                                      0x08005580   Number         0  ddiv.o(x$fpl$ddiv)
    x$fpl$ddiv                               0x08005580   Section      696  ddiv.o(x$fpl$ddiv)
    ddiv_entry                               0x08005587   Thumb Code     0  ddiv.o(x$fpl$ddiv)
    $v0                                      0x08005838   Number         0  deqf.o(x$fpl$deqf)
    x$fpl$deqf                               0x08005838   Section      120  deqf.o(x$fpl$deqf)
    $v0                                      0x080058b0   Number         0  dfix.o(x$fpl$dfix)
    x$fpl$dfix                               0x080058b0   Section       94  dfix.o(x$fpl$dfix)
    $v0                                      0x08005910   Number         0  dfixu.o(x$fpl$dfixu)
    x$fpl$dfixu                              0x08005910   Section       90  dfixu.o(x$fpl$dfixu)
    $v0                                      0x0800596a   Number         0  dflt_clz.o(x$fpl$dflt)
    x$fpl$dflt                               0x0800596a   Section       46  dflt_clz.o(x$fpl$dflt)
    $v0                                      0x08005998   Number         0  dflt_clz.o(x$fpl$dfltu)
    x$fpl$dfltu                              0x08005998   Section       38  dflt_clz.o(x$fpl$dfltu)
    $v0                                      0x080059c0   Number         0  dgeqf.o(x$fpl$dgeqf)
    x$fpl$dgeqf                              0x080059c0   Section      120  dgeqf.o(x$fpl$dgeqf)
    $v0                                      0x08005a38   Number         0  dleqf.o(x$fpl$dleqf)
    x$fpl$dleqf                              0x08005a38   Section      120  dleqf.o(x$fpl$dleqf)
    $v0                                      0x08005ab0   Number         0  dmul.o(x$fpl$dmul)
    x$fpl$dmul                               0x08005ab0   Section      340  dmul.o(x$fpl$dmul)
    $v0                                      0x08005c04   Number         0  dnaninf.o(x$fpl$dnaninf)
    x$fpl$dnaninf                            0x08005c04   Section      156  dnaninf.o(x$fpl$dnaninf)
    $v0                                      0x08005ca0   Number         0  dretinf.o(x$fpl$dretinf)
    x$fpl$dretinf                            0x08005ca0   Section       12  dretinf.o(x$fpl$dretinf)
    $v0                                      0x08005cac   Number         0  drleqf.o(x$fpl$drleqf)
    x$fpl$drleqf                             0x08005cac   Section      108  drleqf.o(x$fpl$drleqf)
    $v0                                      0x08005d18   Number         0  daddsub_clz.o(x$fpl$dsub)
    x$fpl$dsub                               0x08005d18   Section      476  daddsub_clz.o(x$fpl$dsub)
    _dsub1                                   0x08005d29   Thumb Code     0  daddsub_clz.o(x$fpl$dsub)
    $v0                                      0x08005ef4   Number         0  dcmp.o(x$fpl$fcmp)
    x$fpl$fcmp                               0x08005ef4   Section       84  dcmp.o(x$fpl$fcmp)
    $v0                                      0x08005f48   Number         0  fpinit.o(x$fpl$fpinit)
    x$fpl$fpinit                             0x08005f48   Section       26  fpinit.o(x$fpl$fpinit)
    $v0                                      0x08005f62   Number         0  fretinf.o(x$fpl$fretinf)
    x$fpl$fretinf                            0x08005f62   Section       10  fretinf.o(x$fpl$fretinf)
    $v0                                      0x08005f6c   Number         0  istatus.o(x$fpl$ieeestatus)
    x$fpl$ieeestatus                         0x08005f6c   Section        6  istatus.o(x$fpl$ieeestatus)
    $v0                                      0x08005f72   Number         0  retnan.o(x$fpl$retnan)
    x$fpl$retnan                             0x08005f72   Section      100  retnan.o(x$fpl$retnan)
    $v0                                      0x08005fd6   Number         0  scalbn.o(x$fpl$scalbn)
    x$fpl$scalbn                             0x08005fd6   Section       92  scalbn.o(x$fpl$scalbn)
    $v0                                      0x08006032   Number         0  scanf1.o(x$fpl$scanf1)
    x$fpl$scanf1                             0x08006032   Section        4  scanf1.o(x$fpl$scanf1)
    $v0                                      0x08006036   Number         0  scanf2.o(x$fpl$scanf2)
    x$fpl$scanf2                             0x08006036   Section        8  scanf2.o(x$fpl$scanf2)
    $v0                                      0x0800603e   Number         0  trapv.o(x$fpl$trapveneer)
    x$fpl$trapveneer                         0x0800603e   Section       48  trapv.o(x$fpl$trapveneer)
    x$fpl$usenofp                            0x0800606e   Section        0  usenofp.o(x$fpl$usenofp)
    tenpwrs_x                                0x08006070   Data          60  bigflt0.o(.constdata)
    .constdata                               0x08006070   Section      148  bigflt0.o(.constdata)
    tenpwrs_i                                0x080060ac   Data          64  bigflt0.o(.constdata)
    [Anonymous Symbol]                       0x08006144   Section        0  run.o(.rodata.str1.1)
    .L.str                                   0x0800614e   Data           3  run.o(.rodata.str1.1)
    c$$dinf                                  0x08006174   Section        8  fpconst.o(c$$dinf)
    c$$dmax                                  0x0800617c   Section        8  fpconst.o(c$$dmax)
    locale$$data                             0x08006184   Section       28  lc_numeric_c.o(locale$$data)
    __lcnum_c_name                           0x08006188   Data           2  lc_numeric_c.o(locale$$data)
    __lcnum_c_start                          0x08006190   Data           0  lc_numeric_c.o(locale$$data)
    __lcnum_c_point                          0x0800619c   Data           0  lc_numeric_c.o(locale$$data)
    __lcnum_c_thousands                      0x0800619e   Data           0  lc_numeric_c.o(locale$$data)
    __lcnum_c_grouping                       0x0800619f   Data           0  lc_numeric_c.o(locale$$data)
    __lcnum_c_end                            0x080061a0   Data           0  lc_numeric_c.o(locale$$data)
    locale$$data                             0x080061a0   Section      272  lc_ctype_c.o(locale$$data)
    __lcctype_c_name                         0x080061a4   Data           2  lc_ctype_c.o(locale$$data)
    __lcctype_c_start                        0x080061ac   Data           0  lc_ctype_c.o(locale$$data)
    __lcctype_c_end                          0x080062b0   Data           0  lc_ctype_c.o(locale$$data)
    .bss                                     0x20000080   Section       96  libspace.o(.bss)
    Heap_Mem                                 0x20000230   Data         512  startup_stm32l476xx.o(HEAP)
    HEAP                                     0x20000230   Section      512  startup_stm32l476xx.o(HEAP)
    Stack_Mem                                0x20000430   Data        1024  startup_stm32l476xx.o(STACK)
    STACK                                    0x20000430   Section     1024  startup_stm32l476xx.o(STACK)
    __initial_sp                             0x20000830   Data           0  startup_stm32l476xx.o(STACK)

    Global Symbols

    Symbol Name                              Value     Ov Type        Size  Object(Section)

    BuildAttributes$$THM_ISAv4$E$P$D$K$B$S$7EM$VFPi3$EXTD16$VFPS$VFMA$PE$A:L22UL41UL21$X:L11$S22US41US21$IEEE1$IW$~IW$USESV6$~STKCKD$USESV7$~SHL$OTIME$ROPI$IEEEX$EBA8$UX$STANDARDLIB$REQ8$PRES8$EABIv2 0x00000000   Number         0  anon$$obj.o ABSOLUTE
    __ARM_exceptions_init                     - Undefined Weak Reference
    __alloca_initialize                       - Undefined Weak Reference
    __arm_preinit_                            - Undefined Weak Reference
    __arm_relocate_pie_                       - Undefined Weak Reference
    __cpp_initialize__aeabi_                  - Undefined Weak Reference
    __cxa_finalize                            - Undefined Weak Reference
    __sigvec_lookup                           - Undefined Weak Reference
    __user_heap_extent                        - Undefined Weak Reference
    _atexit_init                              - Undefined Weak Reference
    _call_atexit_fns                          - Undefined Weak Reference
    _clock_init                               - Undefined Weak Reference
    _fp_trap_init                             - Undefined Weak Reference
    _fp_trap_shutdown                         - Undefined Weak Reference
    _get_lc_collate                           - Undefined Weak Reference
    _get_lc_monetary                          - Undefined Weak Reference
    _get_lc_time                              - Undefined Weak Reference
    _getenv_init                              - Undefined Weak Reference
    _handle_redirection                       - Undefined Weak Reference
    _initio                                   - Undefined Weak Reference
    _mutex_acquire                            - Undefined Weak Reference
    _mutex_free                               - Undefined Weak Reference
    _mutex_release                            - Undefined Weak Reference
    _printf_post_padding                      - Undefined Weak Reference
    _printf_pre_padding                       - Undefined Weak Reference
    _printf_truncate_signed                   - Undefined Weak Reference
    _printf_truncate_unsigned                 - Undefined Weak Reference
    _rand_init                                - Undefined Weak Reference
    _signal_finish                            - Undefined Weak Reference
    _signal_init                              - Undefined Weak Reference
    _terminateio                              - Undefined Weak Reference
    __Vectors_Size                           0x00000188   Number         0  startup_stm32l476xx.o ABSOLUTE
    __Vectors                                0x08000000   Data           4  startup_stm32l476xx.o(RESET)
    __Vectors_End                            0x08000188   Data           0  startup_stm32l476xx.o(RESET)
    __main                                   0x08000189   Thumb Code     8  __main.o(!!!main)
    __scatterload                            0x08000191   Thumb Code     0  __scatter.o(!!!scatter)
    __scatterload_rt2                        0x08000191   Thumb Code    84  __scatter.o(!!!scatter)
    __scatterload_rt2_thumb_only             0x08000191   Thumb Code     0  __scatter.o(!!!scatter)
    __scatterload_loop                       0x0800019b   Thumb Code     0  __scatter.o(!!!scatter)
    __scatterload_copy                       0x080001ed   Thumb Code    26  __scatter_copy.o(!!handler_copy)
    __scatterload_null                       0x08000209   Thumb Code     2  __scatter.o(!!handler_null)
    __scatterload_zeroinit                   0x0800020d   Thumb Code    28  __scatter_zi.o(!!handler_zi)
    _printf_d                                0x08000229   Thumb Code     0  _printf_d.o(.ARM.Collect$$_printf_percent$$00000009)
    _printf_percent                          0x08000229   Thumb Code     0  _printf_percent.o(.ARM.Collect$$_printf_percent$$00000000)
    _printf_percent_end                      0x0800022f   Thumb Code     0  _printf_percent_end.o(.ARM.Collect$$_printf_percent$$00000017)
    __rt_lib_init                            0x08000233   Thumb Code     0  libinit.o(.ARM.Collect$$libinit$$00000000)
    __rt_lib_init_fp_1                       0x08000235   Thumb Code     0  libinit2.o(.ARM.Collect$$libinit$$00000001)
    __rt_lib_init_heap_2                     0x08000239   Thumb Code     0  libinit2.o(.ARM.Collect$$libinit$$00000007)
    __rt_lib_init_preinit_1                  0x08000239   Thumb Code     0  libinit2.o(.ARM.Collect$$libinit$$00000006)
    __rt_lib_init_relocate_pie_1             0x08000239   Thumb Code     0  libinit2.o(.ARM.Collect$$libinit$$00000004)
    __rt_lib_init_heap_1                     0x08000241   Thumb Code     0  libinit2.o(.ARM.Collect$$libinit$$0000000C)
    __rt_lib_init_lc_common                  0x08000241   Thumb Code     0  libinit2.o(.ARM.Collect$$libinit$$00000011)
    __rt_lib_init_rand_1                     0x08000241   Thumb Code     0  libinit2.o(.ARM.Collect$$libinit$$00000010)
    __rt_lib_init_user_alloc_1               0x08000241   Thumb Code     0  libinit2.o(.ARM.Collect$$libinit$$0000000E)
    __rt_lib_init_lc_collate_1               0x08000247   Thumb Code     0  libinit2.o(.ARM.Collect$$libinit$$00000013)
    __rt_lib_init_lc_ctype_2                 0x08000247   Thumb Code     0  libinit2.o(.ARM.Collect$$libinit$$00000014)
    __rt_lib_init_lc_ctype_1                 0x08000253   Thumb Code     0  libinit2.o(.ARM.Collect$$libinit$$00000015)
    __rt_lib_init_lc_monetary_1              0x08000253   Thumb Code     0  libinit2.o(.ARM.Collect$$libinit$$00000017)
    __rt_lib_init_lc_numeric_2               0x08000253   Thumb Code     0  libinit2.o(.ARM.Collect$$libinit$$00000018)
    __rt_lib_init_alloca_1                   0x0800025d   Thumb Code     0  libinit2.o(.ARM.Collect$$libinit$$00000030)
    __rt_lib_init_argv_1                     0x0800025d   Thumb Code     0  libinit2.o(.ARM.Collect$$libinit$$0000002E)
    __rt_lib_init_atexit_1                   0x0800025d   Thumb Code     0  libinit2.o(.ARM.Collect$$libinit$$0000001D)
    __rt_lib_init_clock_1                    0x0800025d   Thumb Code     0  libinit2.o(.ARM.Collect$$libinit$$00000023)
    __rt_lib_init_cpp_1                      0x0800025d   Thumb Code     0  libinit2.o(.ARM.Collect$$libinit$$00000034)
    __rt_lib_init_exceptions_1               0x0800025d   Thumb Code     0  libinit2.o(.ARM.Collect$$libinit$$00000032)
    __rt_lib_init_fp_trap_1                  0x0800025d   Thumb Code     0  libinit2.o(.ARM.Collect$$libinit$$00000021)
    __rt_lib_init_getenv_1                   0x0800025d   Thumb Code     0  libinit2.o(.ARM.Collect$$libinit$$00000025)
    __rt_lib_init_lc_numeric_1               0x0800025d   Thumb Code     0  libinit2.o(.ARM.Collect$$libinit$$00000019)
    __rt_lib_init_lc_time_1                  0x0800025d   Thumb Code     0  libinit2.o(.ARM.Collect$$libinit$$0000001B)
    __rt_lib_init_return                     0x0800025d   Thumb Code     0  libinit2.o(.ARM.Collect$$libinit$$00000035)
    __rt_lib_init_signal_1                   0x0800025d   Thumb Code     0  libinit2.o(.ARM.Collect$$libinit$$0000001F)
    __rt_lib_init_stdio_1                    0x0800025d   Thumb Code     0  libinit2.o(.ARM.Collect$$libinit$$00000027)
    __rt_lib_shutdown                        0x0800025f   Thumb Code     0  libshutdown.o(.ARM.Collect$$libshutdown$$00000000)
    __rt_lib_shutdown_cpp_1                  0x08000261   Thumb Code     0  libshutdown2.o(.ARM.Collect$$libshutdown$$00000002)
    __rt_lib_shutdown_fp_trap_1              0x08000261   Thumb Code     0  libshutdown2.o(.ARM.Collect$$libshutdown$$00000007)
    __rt_lib_shutdown_heap_1                 0x08000261   Thumb Code     0  libshutdown2.o(.ARM.Collect$$libshutdown$$0000000F)
    __rt_lib_shutdown_return                 0x08000261   Thumb Code     0  libshutdown2.o(.ARM.Collect$$libshutdown$$00000010)
    __rt_lib_shutdown_signal_1               0x08000261   Thumb Code     0  libshutdown2.o(.ARM.Collect$$libshutdown$$0000000A)
    __rt_lib_shutdown_stdio_1                0x08000261   Thumb Code     0  libshutdown2.o(.ARM.Collect$$libshutdown$$00000004)
    __rt_lib_shutdown_user_alloc_1           0x08000261   Thumb Code     0  libshutdown2.o(.ARM.Collect$$libshutdown$$0000000C)
    __rt_entry                               0x08000263   Thumb Code     0  __rtentry.o(.ARM.Collect$$rtentry$$00000000)
    __rt_entry_presh_1                       0x08000263   Thumb Code     0  __rtentry2.o(.ARM.Collect$$rtentry$$00000002)
    __rt_entry_sh                            0x08000263   Thumb Code     0  __rtentry4.o(.ARM.Collect$$rtentry$$00000004)
    __rt_entry_li                            0x08000269   Thumb Code     0  __rtentry2.o(.ARM.Collect$$rtentry$$0000000A)
    __rt_entry_postsh_1                      0x08000269   Thumb Code     0  __rtentry2.o(.ARM.Collect$$rtentry$$00000009)
    __rt_entry_main                          0x0800026d   Thumb Code     0  __rtentry2.o(.ARM.Collect$$rtentry$$0000000D)
    __rt_entry_postli_1                      0x0800026d   Thumb Code     0  __rtentry2.o(.ARM.Collect$$rtentry$$0000000C)
    __rt_exit                                0x08000275   Thumb Code     0  rtexit.o(.ARM.Collect$$rtexit$$00000000)
    __rt_exit_ls                             0x08000277   Thumb Code     0  rtexit2.o(.ARM.Collect$$rtexit$$00000003)
    __rt_exit_prels_1                        0x08000277   Thumb Code     0  rtexit2.o(.ARM.Collect$$rtexit$$00000002)
    __rt_exit_exit                           0x0800027b   Thumb Code     0  rtexit2.o(.ARM.Collect$$rtexit$$00000004)
    Reset_Handler                            0x08000281   Thumb Code     8  startup_stm32l476xx.o(.text)
    ADC1_2_IRQHandler                        0x0800029b   Thumb Code     0  startup_stm32l476xx.o(.text)
    ADC3_IRQHandler                          0x0800029b   Thumb Code     0  startup_stm32l476xx.o(.text)
    CAN1_RX0_IRQHandler                      0x0800029b   Thumb Code     0  startup_stm32l476xx.o(.text)
    CAN1_RX1_IRQHandler                      0x0800029b   Thumb Code     0  startup_stm32l476xx.o(.text)
    CAN1_SCE_IRQHandler                      0x0800029b   Thumb Code     0  startup_stm32l476xx.o(.text)
    CAN1_TX_IRQHandler                       0x0800029b   Thumb Code     0  startup_stm32l476xx.o(.text)
    COMP_IRQHandler                          0x0800029b   Thumb Code     0  startup_stm32l476xx.o(.text)
    DFSDM1_FLT0_IRQHandler                   0x0800029b   Thumb Code     0  startup_stm32l476xx.o(.text)
    DFSDM1_FLT1_IRQHandler                   0x0800029b   Thumb Code     0  startup_stm32l476xx.o(.text)
    DFSDM1_FLT2_IRQHandler                   0x0800029b   Thumb Code     0  startup_stm32l476xx.o(.text)
    DFSDM1_FLT3_IRQHandler                   0x0800029b   Thumb Code     0  startup_stm32l476xx.o(.text)
    DMA1_Channel1_IRQHandler                 0x0800029b   Thumb Code     0  startup_stm32l476xx.o(.text)
    DMA1_Channel2_IRQHandler                 0x0800029b   Thumb Code     0  startup_stm32l476xx.o(.text)
    DMA1_Channel3_IRQHandler                 0x0800029b   Thumb Code     0  startup_stm32l476xx.o(.text)
    DMA1_Channel4_IRQHandler                 0x0800029b   Thumb Code     0  startup_stm32l476xx.o(.text)
    DMA1_Channel5_IRQHandler                 0x0800029b   Thumb Code     0  startup_stm32l476xx.o(.text)
    DMA1_Channel6_IRQHandler                 0x0800029b   Thumb Code     0  startup_stm32l476xx.o(.text)
    DMA1_Channel7_IRQHandler                 0x0800029b   Thumb Code     0  startup_stm32l476xx.o(.text)
    DMA2_Channel1_IRQHandler                 0x0800029b   Thumb Code     0  startup_stm32l476xx.o(.text)
    DMA2_Channel2_IRQHandler                 0x0800029b   Thumb Code     0  startup_stm32l476xx.o(.text)
    DMA2_Channel3_IRQHandler                 0x0800029b   Thumb Code     0  startup_stm32l476xx.o(.text)
    DMA2_Channel4_IRQHandler                 0x0800029b   Thumb Code     0  startup_stm32l476xx.o(.text)
    DMA2_Channel5_IRQHandler                 0x0800029b   Thumb Code     0  startup_stm32l476xx.o(.text)
    DMA2_Channel6_IRQHandler                 0x0800029b   Thumb Code     0  startup_stm32l476xx.o(.text)
    DMA2_Channel7_IRQHandler                 0x0800029b   Thumb Code     0  startup_stm32l476xx.o(.text)
    EXTI0_IRQHandler                         0x0800029b   Thumb Code     0  startup_stm32l476xx.o(.text)
    EXTI15_10_IRQHandler                     0x0800029b   Thumb Code     0  startup_stm32l476xx.o(.text)
    EXTI1_IRQHandler                         0x0800029b   Thumb Code     0  startup_stm32l476xx.o(.text)
    EXTI2_IRQHandler                         0x0800029b   Thumb Code     0  startup_stm32l476xx.o(.text)
    EXTI3_IRQHandler                         0x0800029b   Thumb Code     0  startup_stm32l476xx.o(.text)
    EXTI4_IRQHandler                         0x0800029b   Thumb Code     0  startup_stm32l476xx.o(.text)
    EXTI9_5_IRQHandler                       0x0800029b   Thumb Code     0  startup_stm32l476xx.o(.text)
    FLASH_IRQHandler                         0x0800029b   Thumb Code     0  startup_stm32l476xx.o(.text)
    FMC_IRQHandler                           0x0800029b   Thumb Code     0  startup_stm32l476xx.o(.text)
    FPU_IRQHandler                           0x0800029b   Thumb Code     0  startup_stm32l476xx.o(.text)
    I2C1_ER_IRQHandler                       0x0800029b   Thumb Code     0  startup_stm32l476xx.o(.text)
    I2C1_EV_IRQHandler                       0x0800029b   Thumb Code     0  startup_stm32l476xx.o(.text)
    I2C2_ER_IRQHandler                       0x0800029b   Thumb Code     0  startup_stm32l476xx.o(.text)
    I2C2_EV_IRQHandler                       0x0800029b   Thumb Code     0  startup_stm32l476xx.o(.text)
    I2C3_ER_IRQHandler                       0x0800029b   Thumb Code     0  startup_stm32l476xx.o(.text)
    I2C3_EV_IRQHandler                       0x0800029b   Thumb Code     0  startup_stm32l476xx.o(.text)
    LCD_IRQHandler                           0x0800029b   Thumb Code     0  startup_stm32l476xx.o(.text)
    LPTIM1_IRQHandler                        0x0800029b   Thumb Code     0  startup_stm32l476xx.o(.text)
    LPTIM2_IRQHandler                        0x0800029b   Thumb Code     0  startup_stm32l476xx.o(.text)
    LPUART1_IRQHandler                       0x0800029b   Thumb Code     0  startup_stm32l476xx.o(.text)
    OTG_FS_IRQHandler                        0x0800029b   Thumb Code     0  startup_stm32l476xx.o(.text)
    PVD_PVM_IRQHandler                       0x0800029b   Thumb Code     0  startup_stm32l476xx.o(.text)
    QUADSPI_IRQHandler                       0x0800029b   Thumb Code     0  startup_stm32l476xx.o(.text)
    RCC_IRQHandler                           0x0800029b   Thumb Code     0  startup_stm32l476xx.o(.text)
    RNG_IRQHandler                           0x0800029b   Thumb Code     0  startup_stm32l476xx.o(.text)
    RTC_Alarm_IRQHandler                     0x0800029b   Thumb Code     0  startup_stm32l476xx.o(.text)
    RTC_WKUP_IRQHandler                      0x0800029b   Thumb Code     0  startup_stm32l476xx.o(.text)
    SAI1_IRQHandler                          0x0800029b   Thumb Code     0  startup_stm32l476xx.o(.text)
    SAI2_IRQHandler                          0x0800029b   Thumb Code     0  startup_stm32l476xx.o(.text)
    SDMMC1_IRQHandler                        0x0800029b   Thumb Code     0  startup_stm32l476xx.o(.text)
    SPI1_IRQHandler                          0x0800029b   Thumb Code     0  startup_stm32l476xx.o(.text)
    SPI2_IRQHandler                          0x0800029b   Thumb Code     0  startup_stm32l476xx.o(.text)
    SPI3_IRQHandler                          0x0800029b   Thumb Code     0  startup_stm32l476xx.o(.text)
    SWPMI1_IRQHandler                        0x0800029b   Thumb Code     0  startup_stm32l476xx.o(.text)
    TAMP_STAMP_IRQHandler                    0x0800029b   Thumb Code     0  startup_stm32l476xx.o(.text)
    TIM1_BRK_TIM15_IRQHandler                0x0800029b   Thumb Code     0  startup_stm32l476xx.o(.text)
    TIM1_CC_IRQHandler                       0x0800029b   Thumb Code     0  startup_stm32l476xx.o(.text)
    TIM1_TRG_COM_TIM17_IRQHandler            0x0800029b   Thumb Code     0  startup_stm32l476xx.o(.text)
    TIM1_UP_TIM16_IRQHandler                 0x0800029b   Thumb Code     0  startup_stm32l476xx.o(.text)
    TIM2_IRQHandler                          0x0800029b   Thumb Code     0  startup_stm32l476xx.o(.text)
    TIM3_IRQHandler                          0x0800029b   Thumb Code     0  startup_stm32l476xx.o(.text)
    TIM4_IRQHandler                          0x0800029b   Thumb Code     0  startup_stm32l476xx.o(.text)
    TIM5_IRQHandler                          0x0800029b   Thumb Code     0  startup_stm32l476xx.o(.text)
    TIM6_DAC_IRQHandler                      0x0800029b   Thumb Code     0  startup_stm32l476xx.o(.text)
    TIM7_IRQHandler                          0x0800029b   Thumb Code     0  startup_stm32l476xx.o(.text)
    TIM8_BRK_IRQHandler                      0x0800029b   Thumb Code     0  startup_stm32l476xx.o(.text)
    TIM8_CC_IRQHandler                       0x0800029b   Thumb Code     0  startup_stm32l476xx.o(.text)
    TIM8_TRG_COM_IRQHandler                  0x0800029b   Thumb Code     0  startup_stm32l476xx.o(.text)
    TIM8_UP_IRQHandler                       0x0800029b   Thumb Code     0  startup_stm32l476xx.o(.text)
    TSC_IRQHandler                           0x0800029b   Thumb Code     0  startup_stm32l476xx.o(.text)
    UART4_IRQHandler                         0x0800029b   Thumb Code     0  startup_stm32l476xx.o(.text)
    UART5_IRQHandler                         0x0800029b   Thumb Code     0  startup_stm32l476xx.o(.text)
    USART1_IRQHandler                        0x0800029b   Thumb Code     0  startup_stm32l476xx.o(.text)
    USART2_IRQHandler                        0x0800029b   Thumb Code     0  startup_stm32l476xx.o(.text)
    USART3_IRQHandler                        0x0800029b   Thumb Code     0  startup_stm32l476xx.o(.text)
    WWDG_IRQHandler                          0x0800029b   Thumb Code     0  startup_stm32l476xx.o(.text)
    __user_initial_stackheap                 0x0800029d   Thumb Code     0  startup_stm32l476xx.o(.text)
    malloc                                   0x080002c1   Thumb Code    94  h1_alloc.o(.text)
    free                                     0x0800031f   Thumb Code    78  h1_free.o(.text)
    __2sprintf                               0x0800036d   Thumb Code    34  noretval__2sprintf.o(.text)
    __printf                                 0x08000395   Thumb Code   104  __printf.o(.text)
    _printf_int_dec                          0x080003fd   Thumb Code   104  _printf_dec.o(.text)
    strlen                                   0x08000475   Thumb Code    62  strlen.o(.text)
    strcat                                   0x080004b3   Thumb Code    24  strcat.o(.text)
    __aeabi_memcpy                           0x080004cb   Thumb Code     0  rt_memcpy_v6.o(.text)
    __rt_memcpy                              0x080004cb   Thumb Code   138  rt_memcpy_v6.o(.text)
    _memcpy_lastbytes                        0x08000531   Thumb Code     0  rt_memcpy_v6.o(.text)
    __aeabi_memclr4                          0x08000555   Thumb Code     0  rt_memclr_w.o(.text)
    __aeabi_memclr8                          0x08000555   Thumb Code     0  rt_memclr_w.o(.text)
    __rt_memclr_w                            0x08000555   Thumb Code     0  rt_memclr_w.o(.text)
    _memset_w                                0x08000559   Thumb Code    74  rt_memclr_w.o(.text)
    __use_two_region_memory                  0x080005a3   Thumb Code     2  heapauxi.o(.text)
    __rt_heap_escrow                         0x080005a5   Thumb Code     2  heapauxi.o(.text)
    __rt_heap_expand                         0x080005a7   Thumb Code     2  heapauxi.o(.text)
    __rt_heap_descriptor                     0x080005a9   Thumb Code     8  rt_heap_descriptor_intlibspace.o(.text)
    __use_no_heap                            0x080005b1   Thumb Code     2  hguard.o(.text)
    __heap$guard                             0x080005b3   Thumb Code     2  hguard.o(.text)
    _terminate_user_alloc                    0x080005b5   Thumb Code     2  init_alloc.o(.text)
    _init_user_alloc                         0x080005b7   Thumb Code     2  init_alloc.o(.text)
    __Heap_Full                              0x080005b9   Thumb Code    34  init_alloc.o(.text)
    __Heap_Broken                            0x080005db   Thumb Code     6  init_alloc.o(.text)
    _init_alloc                              0x080005e1   Thumb Code    94  init_alloc.o(.text)
    __Heap_Initialize                        0x0800063f   Thumb Code     8  h1_init.o(.text)
    __Heap_DescSize                          0x08000647   Thumb Code     4  h1_init.o(.text)
    __read_errno                             0x0800064b   Thumb Code    10  _rserrno.o(.text)
    __set_errno                              0x08000655   Thumb Code    12  _rserrno.o(.text)
    _printf_int_common                       0x08000661   Thumb Code   178  _printf_intcommon.o(.text)
    _printf_char_common                      0x0800071f   Thumb Code    32  _printf_char_common.o(.text)
    _sputc                                   0x08000745   Thumb Code    10  _sputc.o(.text)
    __strtod_int                             0x08000795   Thumb Code    94  strtod.o(.text)
    __aeabi_memcpy4                          0x08000801   Thumb Code     0  rt_memcpy_w.o(.text)
    __aeabi_memcpy8                          0x08000801   Thumb Code     0  rt_memcpy_w.o(.text)
    __rt_memcpy_w                            0x08000801   Thumb Code   100  rt_memcpy_w.o(.text)
    _memcpy_lastbytes_aligned                0x08000849   Thumb Code     0  rt_memcpy_w.o(.text)
    __user_libspace                          0x08000865   Thumb Code     8  libspace.o(.text)
    __user_perproc_libspace                  0x08000865   Thumb Code     0  libspace.o(.text)
    __user_perthread_libspace                0x08000865   Thumb Code     0  libspace.o(.text)
    __aeabi_errno_addr                       0x0800086d   Thumb Code     8  rt_errno_addr_intlibspace.o(.text)
    __errno$intlibspace                      0x0800086d   Thumb Code     0  rt_errno_addr_intlibspace.o(.text)
    __rt_errno_addr$intlibspace              0x0800086d   Thumb Code     0  rt_errno_addr_intlibspace.o(.text)
    __Heap_ProvideMemory                     0x08000875   Thumb Code    52  h1_extend.o(.text)
    _maybe_terminate_alloc                   0x08000875   Thumb Code     0  maybetermalloc1.o(.text)
    isspace                                  0x080008a9   Thumb Code    18  isspace.o(.text)
    _sgetc                                   0x080008bb   Thumb Code    30  _sgetc.o(.text)
    _sbackspace                              0x080008d9   Thumb Code    34  _sgetc.o(.text)
    __rt_SIGRTMEM                            0x080008fb   Thumb Code    14  defsig_rtmem_outer.o(.text)
    __I$use$semihosting                      0x08000909   Thumb Code     0  use_no_semi.o(.text)
    __use_no_semihosting_swi                 0x08000909   Thumb Code     2  use_no_semi.o(.text)
    __semihosting_library_function           0x0800090b   Thumb Code     0  indicate_semi.o(.text)
    __user_setup_stackheap                   0x0800090b   Thumb Code    74  sys_stackheap_outer.o(.text)
    __rt_ctype_table                         0x08000955   Thumb Code    16  rt_ctype_table.o(.text)
    _scanf_really_real                       0x08000bb1   Thumb Code   684  scanf_fp.o(.text)
    exit                                     0x08000e6d   Thumb Code    18  exit.o(.text)
    __sig_exit                               0x08000e7f   Thumb Code    10  defsig_exit.o(.text)
    __rt_SIGRTMEM_inner                      0x08000e89   Thumb Code    22  defsig_rtmem_inner.o(.text)
    strcmp                                   0x08000ed9   Thumb Code   124  strcmpv7em.o(.text)
    _sys_exit                                0x08000f55   Thumb Code     8  sys_exit.o(.text)
    __rt_locale                              0x08000f61   Thumb Code     8  rt_locale_intlibspace.o(.text)
    __aeabi_llsl                             0x08000f69   Thumb Code     0  llshl.o(.text)
    _ll_shift_l                              0x08000f69   Thumb Code    38  llshl.o(.text)
    _btod_etento                             0x08000f91   Thumb Code   224  bigflt0.o(.text)
    __default_signal_display                 0x08001075   Thumb Code    50  defsig_general.o(.text)
    _ttywrch                                 0x080010a7   Thumb Code    14  sys_wrch.o(.text)
    _scanf_really_hex_real                   0x080010b5   Thumb Code   786  scanf_hexfp.o(.text)
    _scanf_really_infnan                     0x080013dd   Thumb Code   292  scanf_infnan.o(.text)
    _chval                                   0x08001517   Thumb Code    28  _chval.o(.text)
    AddFrequency                             0x08001535   Thumb Code    28  buzzer.o(.text.AddFrequency)
    BusFault_Handler                         0x08001551   Thumb Code     2  stm32l4xx_it.o(.text.BusFault_Handler)
    CheckFrequency                           0x08001555   Thumb Code   308  buzzer.o(.text.CheckFrequency)
    DebugMon_Handler                         0x08001689   Thumb Code     2  stm32l4xx_it.o(.text.DebugMon_Handler)
    Get_String_LCD                           0x0800168d   Thumb Code   202  lcd.o(.text.Get_String_LCD)
    HAL_GPIO_Init                            0x08001759   Thumb Code   470  stm32l4xx_hal_gpio.o(.text.HAL_GPIO_Init)
    HAL_GetTick                              0x08001935   Thumb Code    12  stm32l4xx_hal.o(.text.HAL_GetTick)
    HAL_IncTick                              0x08001941   Thumb Code    26  stm32l4xx_hal.o(.text.HAL_IncTick)
    HAL_Init                                 0x0800195d   Thumb Code    30  stm32l4xx_hal.o(.text.HAL_Init)
    HAL_InitTick                             0x0800197d   Thumb Code    90  stm32l4xx_hal.o(.text.HAL_InitTick)
    HAL_MspInit                              0x080019d9   Thumb Code    50  stm32l4xx_hal_msp.o(.text.HAL_MspInit)
    HAL_NVIC_SetPriority                     0x08001a0d   Thumb Code    86  stm32l4xx_hal_cortex.o(.text.HAL_NVIC_SetPriority)
    HAL_NVIC_SetPriorityGrouping             0x08001a65   Thumb Code    32  stm32l4xx_hal_cortex.o(.text.HAL_NVIC_SetPriorityGrouping)
    HAL_PWREx_ControlVoltageScaling          0x08001a85   Thumb Code   140  stm32l4xx_hal_pwr_ex.o(.text.HAL_PWREx_ControlVoltageScaling)
    HAL_PWREx_GetVoltageRange                0x08001b11   Thumb Code    16  stm32l4xx_hal_pwr_ex.o(.text.HAL_PWREx_GetVoltageRange)
    HAL_RCCEx_EnableMSIPLLMode               0x08001b21   Thumb Code    18  stm32l4xx_hal_rcc_ex.o(.text.HAL_RCCEx_EnableMSIPLLMode)
    HAL_RCC_ClockConfig                      0x08001b35   Thumb Code   548  stm32l4xx_hal_rcc.o(.text.HAL_RCC_ClockConfig)
    HAL_RCC_OscConfig                        0x08001d59   Thumb Code  1882  stm32l4xx_hal_rcc.o(.text.HAL_RCC_OscConfig)
    HAL_SYSTICK_Config                       0x080024b5   Thumb Code    44  stm32l4xx_hal_cortex.o(.text.HAL_SYSTICK_Config)
    HAL_TIMEx_MasterConfigSynchronization    0x080024e1   Thumb Code   192  stm32l4xx_hal_tim_ex.o(.text.HAL_TIMEx_MasterConfigSynchronization)
    HAL_TIM_Base_Init                        0x080025a1   Thumb Code    98  stm32l4xx_hal_tim.o(.text.HAL_TIM_Base_Init)
    HAL_TIM_Base_MspInit                     0x08002605   Thumb Code    42  stm32l4xx_hal_msp.o(.text.HAL_TIM_Base_MspInit)
    HAL_TIM_ConfigClockSource                0x08002631   Thumb Code   410  stm32l4xx_hal_tim.o(.text.HAL_TIM_ConfigClockSource)
    HAL_TIM_MspPostInit                      0x080027cd   Thumb Code    82  stm32l4xx_hal_msp.o(.text.HAL_TIM_MspPostInit)
    HAL_TIM_PWM_ConfigChannel                0x08002821   Thumb Code   902  stm32l4xx_hal_tim.o(.text.HAL_TIM_PWM_ConfigChannel)
    HAL_TIM_PWM_Init                         0x08002ba9   Thumb Code    98  stm32l4xx_hal_tim.o(.text.HAL_TIM_PWM_Init)
    HAL_TIM_PWM_MspInit                      0x08002c0d   Thumb Code     2  stm32l4xx_hal_tim.o(.text.HAL_TIM_PWM_MspInit)
    HAL_TIM_PWM_Start                        0x08002c11   Thumb Code   410  stm32l4xx_hal_tim.o(.text.HAL_TIM_PWM_Start)
    HAL_TIM_PWM_Stop                         0x08002dad   Thumb Code   202  stm32l4xx_hal_tim.o(.text.HAL_TIM_PWM_Stop)
    HardFault_Handler                        0x08002e79   Thumb Code     2  stm32l4xx_it.o(.text.HardFault_Handler)
    InitEvents                               0x08002e7d   Thumb Code   140  events.o(.text.InitEvents)
    Init_buzzer                              0x08002f09   Thumb Code   140  buzzer.o(.text.Init_buzzer)
    LCD_Init                                 0x08002f95   Thumb Code   238  lcd.o(.text.LCD_Init)
    LCD_nibble_write                         0x08003085   Thumb Code   486  lcd.o(.text.LCD_nibble_write)
    MemManage_Handler                        0x08003271   Thumb Code     2  stm32l4xx_it.o(.text.MemManage_Handler)
    NMI_Handler                              0x08003275   Thumb Code     2  stm32l4xx_it.o(.text.NMI_Handler)
    PendSV_Handler                           0x08003279   Thumb Code     2  stm32l4xx_it.o(.text.PendSV_Handler)
    RemoveFrequency                          0x0800327d   Thumb Code    30  buzzer.o(.text.RemoveFrequency)
    SVC_Handler                              0x0800329d   Thumb Code     2  stm32l4xx_it.o(.text.SVC_Handler)
    SetFrequency                             0x080032a1   Thumb Code   208  buzzer.o(.text.SetFrequency)
    Set_CursorPosition                       0x08003391   Thumb Code    60  lcd.o(.text.Set_CursorPosition)
    Set_LCD                                  0x080033cd   Thumb Code    76  lcd.o(.text.Set_LCD)
    SysTick_Handler                          0x08003419   Thumb Code     4  stm32l4xx_it.o(.text.SysTick_Handler)
    SystemClock_Config                       0x0800341d   Thumb Code   114  main.o(.text.SystemClock_Config)
    SystemInit                               0x08003491   Thumb Code    18  system_stm32l4xx.o(.text.SystemInit)
    TIM_Base_SetConfig                       0x080034a5   Thumb Code   310  stm32l4xx_hal_tim.o(.text.TIM_Base_SetConfig)
    UsageFault_Handler                       0x080035dd   Thumb Code     2  stm32l4xx_it.o(.text.UsageFault_Handler)
    Write_Char_LCD                           0x080035e1   Thumb Code   174  lcd.o(.text.Write_Char_LCD)
    beforeCharWrite                          0x08003691   Thumb Code   210  events.o(.text.beforeCharWrite)
    check                                    0x08003769   Thumb Code   784  events.o(.text.check)
    checkLCDWrites                           0x08003a89   Thumb Code   448  lcd.o(.text.checkLCDWrites)
    date                                     0x08003c59   Thumb Code    32  date.o(.text.date)
    getCurrentMicros                         0x08003c81   Thumb Code   152  date.o(.text.getCurrentMicros)
    keyPressCallback                         0x08003d21   Thumb Code   164  run.o(.text.keyPressCallback)
    keyReleaseCallback                       0x08003dc5   Thumb Code    48  run.o(.text.keyReleaseCallback)
    main                                     0x08003df5   Thumb Code   244  main.o(.text.main)
    numberBoxCallback                        0x08003ee9   Thumb Code    36  run.o(.text.numberBoxCallback)
    onKeyPadPress                            0x08003f0d   Thumb Code   208  events.o(.text.onKeyPadPress)
    onKeyPadRelease                          0x08003fdd   Thumb Code   208  events.o(.text.onKeyPadRelease)
    onSwitchPress                            0x080040ad   Thumb Code   208  events.o(.text.onSwitchPress)
    onSwitchRelease                          0x0800417d   Thumb Code   208  events.o(.text.onSwitchRelease)
    pushInteger                              0x0800424d   Thumb Code   238  list.o(.text.pushInteger)
    removeFromIntegers                       0x0800433d   Thumb Code   396  list.o(.text.removeFromIntegers)
    run                                      0x080044c9   Thumb Code   114  run.o(.text.run)
    runBeforeCharWriteCallbacks              0x0800453d   Thumb Code   100  events.o(.text.runBeforeCharWriteCallbacks)
    subscribeKeyPad                          0x080045a1   Thumb Code   254  events.o(.text.subscribeKeyPad)
    subscribeSwitch                          0x080046a1   Thumb Code   160  events.o(.text.subscribeSwitch)
    switchPressCallback                      0x08004741   Thumb Code   336  run.o(.text.switchPressCallback)
    __btod_div_common                        0x080048c1   Thumb Code   696  btod.o(CL$$btod_div_common)
    _e2d                                     0x08004bf9   Thumb Code   122  btod.o(CL$$btod_e2d)
    _e2e                                     0x08004c7d   Thumb Code   220  btod.o(CL$$btod_e2e)
    _btod_ediv                               0x08004d59   Thumb Code    42  btod.o(CL$$btod_ediv)
    _btod_edivd                              0x08004d83   Thumb Code    42  btod.o(CL$$btod_edivd)
    _btod_emul                               0x08004dad   Thumb Code    42  btod.o(CL$$btod_emul)
    _btod_emuld                              0x08004dd7   Thumb Code    42  btod.o(CL$$btod_emuld)
    __btod_mult_common                       0x08004e01   Thumb Code   580  btod.o(CL$$btod_mult_common)
    __hardfp___mathlib_tofloat               0x08005049   Thumb Code   232  narrow.o(i.__hardfp___mathlib_tofloat)
    __hardfp_atof                            0x08005141   Thumb Code    46  atof.o(i.__hardfp_atof)
    __hardfp_ldexp                           0x08005179   Thumb Code   200  ldexp.o(i.__hardfp_ldexp)
    __mathlib_dbl_overflow                   0x08005249   Thumb Code    24  dunder.o(i.__mathlib_dbl_overflow)
    __mathlib_dbl_underflow                  0x08005269   Thumb Code    24  dunder.o(i.__mathlib_dbl_underflow)
    __mathlib_narrow                         0x08005289   Thumb Code    18  narrow.o(i.__mathlib_narrow)
    __support_ldexp                          0x0800529b   Thumb Code    20  ldexp.o(i.__support_ldexp)
    _is_digit                                0x080052af   Thumb Code    14  __printf_wp.o(i._is_digit)
    frexp                                    0x080052c1   Thumb Code   118  frexp.o(i.frexp)
    _get_lc_numeric                          0x0800534d   Thumb Code    44  lc_numeric_c.o(locale$$code)
    _get_lc_ctype                            0x08005379   Thumb Code    44  lc_ctype_c.o(locale$$code)
    __aeabi_d2f                              0x080053a5   Thumb Code     0  d2f.o(x$fpl$d2f)
    _d2f                                     0x080053a5   Thumb Code    98  d2f.o(x$fpl$d2f)
    __aeabi_dadd                             0x08005409   Thumb Code     0  daddsub_clz.o(x$fpl$dadd)
    _dadd                                    0x08005409   Thumb Code   332  daddsub_clz.o(x$fpl$dadd)
    __fpl_dcheck_NaN1                        0x08005559   Thumb Code    10  dcheck1.o(x$fpl$dcheck1)
    __fpl_dcmp_Inf                           0x08005569   Thumb Code    24  dcmpi.o(x$fpl$dcmpinf)
    __aeabi_ddiv                             0x08005581   Thumb Code     0  ddiv.o(x$fpl$ddiv)
    _ddiv                                    0x08005581   Thumb Code   560  ddiv.o(x$fpl$ddiv)
    __aeabi_cdcmpeq                          0x08005839   Thumb Code     0  deqf.o(x$fpl$deqf)
    _dcmpeq                                  0x08005839   Thumb Code   120  deqf.o(x$fpl$deqf)
    __aeabi_d2iz                             0x080058b1   Thumb Code     0  dfix.o(x$fpl$dfix)
    _dfix                                    0x080058b1   Thumb Code    94  dfix.o(x$fpl$dfix)
    __aeabi_d2uiz                            0x08005911   Thumb Code     0  dfixu.o(x$fpl$dfixu)
    _dfixu                                   0x08005911   Thumb Code    90  dfixu.o(x$fpl$dfixu)
    __aeabi_i2d                              0x0800596b   Thumb Code     0  dflt_clz.o(x$fpl$dflt)
    _dflt                                    0x0800596b   Thumb Code    46  dflt_clz.o(x$fpl$dflt)
    __aeabi_ui2d                             0x08005999   Thumb Code     0  dflt_clz.o(x$fpl$dfltu)
    _dfltu                                   0x08005999   Thumb Code    38  dflt_clz.o(x$fpl$dfltu)
    __aeabi_cdcmpge                          0x080059c1   Thumb Code     0  dgeqf.o(x$fpl$dgeqf)
    _dcmpge                                  0x080059c1   Thumb Code   120  dgeqf.o(x$fpl$dgeqf)
    __aeabi_cdcmple                          0x08005a39   Thumb Code     0  dleqf.o(x$fpl$dleqf)
    _dcmple                                  0x08005a39   Thumb Code   120  dleqf.o(x$fpl$dleqf)
    __fpl_dcmple_InfNaN                      0x08005a9b   Thumb Code     0  dleqf.o(x$fpl$dleqf)
    __aeabi_dmul                             0x08005ab1   Thumb Code     0  dmul.o(x$fpl$dmul)
    _dmul                                    0x08005ab1   Thumb Code   332  dmul.o(x$fpl$dmul)
    __fpl_dnaninf                            0x08005c05   Thumb Code   156  dnaninf.o(x$fpl$dnaninf)
    __fpl_dretinf                            0x08005ca1   Thumb Code    12  dretinf.o(x$fpl$dretinf)
    __aeabi_cdrcmple                         0x08005cad   Thumb Code     0  drleqf.o(x$fpl$drleqf)
    _drcmple                                 0x08005cad   Thumb Code   108  drleqf.o(x$fpl$drleqf)
    __aeabi_dsub                             0x08005d19   Thumb Code     0  daddsub_clz.o(x$fpl$dsub)
    _dsub                                    0x08005d19   Thumb Code   472  daddsub_clz.o(x$fpl$dsub)
    __aeabi_dcmpeq                           0x08005ef5   Thumb Code     0  dcmp.o(x$fpl$fcmp)
    _deq                                     0x08005ef5   Thumb Code    14  dcmp.o(x$fpl$fcmp)
    _dneq                                    0x08005f03   Thumb Code    14  dcmp.o(x$fpl$fcmp)
    __aeabi_dcmpgt                           0x08005f11   Thumb Code     0  dcmp.o(x$fpl$fcmp)
    _dgr                                     0x08005f11   Thumb Code    14  dcmp.o(x$fpl$fcmp)
    __aeabi_dcmpge                           0x08005f1f   Thumb Code     0  dcmp.o(x$fpl$fcmp)
    _dgeq                                    0x08005f1f   Thumb Code    14  dcmp.o(x$fpl$fcmp)
    __aeabi_dcmple                           0x08005f2d   Thumb Code     0  dcmp.o(x$fpl$fcmp)
    _dleq                                    0x08005f2d   Thumb Code    14  dcmp.o(x$fpl$fcmp)
    __aeabi_dcmplt                           0x08005f3b   Thumb Code     0  dcmp.o(x$fpl$fcmp)
    _dls                                     0x08005f3b   Thumb Code    14  dcmp.o(x$fpl$fcmp)
    _fp_init                                 0x08005f49   Thumb Code    26  fpinit.o(x$fpl$fpinit)
    __fplib_config_fpu_vfp                   0x08005f61   Thumb Code     0  fpinit.o(x$fpl$fpinit)
    __fplib_config_pureend_doubles           0x08005f61   Thumb Code     0  fpinit.o(x$fpl$fpinit)
    __fpl_fretinf                            0x08005f63   Thumb Code    10  fretinf.o(x$fpl$fretinf)
    __ieee_status                            0x08005f6d   Thumb Code     6  istatus.o(x$fpl$ieeestatus)
    __fpl_return_NaN                         0x08005f73   Thumb Code   100  retnan.o(x$fpl$retnan)
    __ARM_scalbn                             0x08005fd7   Thumb Code    92  scalbn.o(x$fpl$scalbn)
    _scanf_real                              0x08006033   Thumb Code     4  scanf1.o(x$fpl$scanf1)
    _scanf_hex_real                          0x08006037   Thumb Code     4  scanf2.o(x$fpl$scanf2)
    _scanf_infnan                            0x0800603b   Thumb Code     4  scanf2.o(x$fpl$scanf2)
    __fpl_cmpreturn                          0x0800603f   Thumb Code    48  trapv.o(x$fpl$trapveneer)
    __I$use$fp                               0x0800606e   Number         0  usenofp.o(x$fpl$usenofp)
    AHBPrescTable                            0x08006104   Data          16  system_stm32l4xx.o(.rodata.AHBPrescTable)
    MSIRangeTable                            0x08006114   Data          48  system_stm32l4xx.o(.rodata.MSIRangeTable)
    Region$$Table$$Base                      0x08006154   Number         0  anon$$obj.o(Region$$Table)
    Region$$Table$$Limit                     0x08006174   Number         0  anon$$obj.o(Region$$Table)
    __aeabi_HUGE_VAL                         0x08006174   Data           0  fpconst.o(c$$dinf)
    __aeabi_HUGE_VALL                        0x08006174   Data           0  fpconst.o(c$$dinf)
    __aeabi_INFINITY                         0x08006174   Data           0  fpconst.o(c$$dinf)
    __dInf                                   0x08006174   Data           0  fpconst.o(c$$dinf)
    __huge_val                               0x08006174   Data           0  fpconst.o(c$$dinf)
    __dbl_max                                0x0800617c   Data           0  fpconst.o(c$$dmax)
    __ctype                                  0x080061ad   Data           0  lc_ctype_c.o(locale$$data)
    Frequencies                              0x20000000   Data          64  run.o(.data.Frequencies)
    KEYPAD_CHARS                             0x20000040   Data          16  events.o(.data.KEYPAD_CHARS)
    KEYPAD_MATRIX                            0x20000050   Data          16  events.o(.data.KEYPAD_MATRIX)
    SWITCH_ARRAY                             0x20000060   Data           4  events.o(.data.SWITCH_ARRAY)
    SystemCoreClock                          0x20000064   Data           4  system_stm32l4xx.o(.data.SystemCoreClock)
    lastSwitchTime                           0x20000068   Data           4  buzzer.o(.data.lastSwitchTime)
    maskLCD                                  0x2000006c   Data           1  lcd.o(.data.maskLCD)
    setFreq                                  0x20000070   Data           4  run.o(.data.setFreq)
    uwTickFreq                               0x20000074   Data           1  stm32l4xx_hal.o(.data.uwTickFreq)
    uwTickPrio                               0x20000078   Data           4  stm32l4xx_hal.o(.data.uwTickPrio)
    __libspace_start                         0x20000080   Data          96  libspace.o(.bss)
    Events                                   0x200000e0   Data          88  events.o(.bss.Events)
    __temporary_stack_top$libspace           0x200000e0   Data           0  libspace.o(.bss)
    cacheLCD                                 0x20000138   Data          35  lcd.o(.bss.cacheLCD)
    currentFrequency                         0x2000015c   Data           4  buzzer.o(.bss.currentFrequency)
    currentWrite                             0x20000160   Data           1  lcd.o(.bss.currentWrite)
    delayLCD                                 0x20000161   Data           1  lcd.o(.bss.delayLCD)
    frequencyIndex                           0x20000164   Data           4  buzzer.o(.bss.frequencyIndex)
    frequency_list                           0x20000168   Data           4  buzzer.o(.bss.frequency_list)
    htim2                                    0x2000016c   Data          76  main.o(.bss.htim2)
    htim3                                    0x200001b8   Data          76  buzzer.o(.bss.htim3)
    lastDateFrequency                        0x20000208   Data           8  buzzer.o(.bss.lastDateFrequency)
    lastDateLCD                              0x20000210   Data           8  lcd.o(.bss.lastDateLCD)
    modeCycle                                0x20000218   Data           4  run.o(.bss.modeCycle)
    sr_writes                                0x2000021c   Data           4  lcd.o(.bss.sr_writes)
    sr_writeslength                          0x20000220   Data           4  lcd.o(.bss.sr_writeslength)
    uwTick                                   0x20000224   Data           4  stm32l4xx_hal.o(.bss.uwTick)
    writingInstruction                       0x20000228   Data           1  lcd.o(.bss.writingInstruction)



==============================================================================

Memory Map of the image

  Image Entry point : 0x08000281

  Load Region LR_1 (Base: 0x08000000, Size: 0x0000632c, Max: 0xffffffff, ABSOLUTE)

    Execution Region ER_RO (Exec base: 0x08000000, Load base: 0x08000000, Size: 0x000062b0, Max: 0xffffffff, ABSOLUTE)

    Exec Addr    Load Addr    Size         Type   Attr      Idx    E Section Name        Object

    0x08000000   0x08000000   0x00000188   Data   RO          222    RESET               startup_stm32l476xx.o
    0x08000188   0x08000188   0x00000008   Code   RO         1170  * !!!main             c_w.l(__main.o)
    0x08000190   0x08000190   0x0000005c   Code   RO         1571    !!!scatter          c_w.l(__scatter.o)
    0x080001ec   0x080001ec   0x0000001a   Code   RO         1575    !!handler_copy      c_w.l(__scatter_copy.o)
    0x08000206   0x08000206   0x00000002   PAD
    0x08000208   0x08000208   0x00000002   Code   RO         1572    !!handler_null      c_w.l(__scatter.o)
    0x0800020a   0x0800020a   0x00000002   PAD
    0x0800020c   0x0800020c   0x0000001c   Code   RO         1577    !!handler_zi        c_w.l(__scatter_zi.o)
    0x08000228   0x08000228   0x00000000   Code   RO         1159    .ARM.Collect$$_printf_percent$$00000000  c_w.l(_printf_percent.o)
    0x08000228   0x08000228   0x00000006   Code   RO         1158    .ARM.Collect$$_printf_percent$$00000009  c_w.l(_printf_d.o)
    0x0800022e   0x0800022e   0x00000004   Code   RO         1240    .ARM.Collect$$_printf_percent$$00000017  c_w.l(_printf_percent_end.o)
    0x08000232   0x08000232   0x00000002   Code   RO         1396    .ARM.Collect$$libinit$$00000000  c_w.l(libinit.o)
    0x08000234   0x08000234   0x00000004   Code   RO         1247    .ARM.Collect$$libinit$$00000001  c_w.l(libinit2.o)
    0x08000238   0x08000238   0x00000000   Code   RO         1250    .ARM.Collect$$libinit$$00000004  c_w.l(libinit2.o)
    0x08000238   0x08000238   0x00000000   Code   RO         1252    .ARM.Collect$$libinit$$00000006  c_w.l(libinit2.o)
    0x08000238   0x08000238   0x00000008   Code   RO         1253    .ARM.Collect$$libinit$$00000007  c_w.l(libinit2.o)
    0x08000240   0x08000240   0x00000000   Code   RO         1255    .ARM.Collect$$libinit$$0000000C  c_w.l(libinit2.o)
    0x08000240   0x08000240   0x00000000   Code   RO         1257    .ARM.Collect$$libinit$$0000000E  c_w.l(libinit2.o)
    0x08000240   0x08000240   0x00000000   Code   RO         1259    .ARM.Collect$$libinit$$00000010  c_w.l(libinit2.o)
    0x08000240   0x08000240   0x00000006   Code   RO         1260    .ARM.Collect$$libinit$$00000011  c_w.l(libinit2.o)
    0x08000246   0x08000246   0x00000000   Code   RO         1262    .ARM.Collect$$libinit$$00000013  c_w.l(libinit2.o)
    0x08000246   0x08000246   0x0000000c   Code   RO         1263    .ARM.Collect$$libinit$$00000014  c_w.l(libinit2.o)
    0x08000252   0x08000252   0x00000000   Code   RO         1264    .ARM.Collect$$libinit$$00000015  c_w.l(libinit2.o)
    0x08000252   0x08000252   0x00000000   Code   RO         1266    .ARM.Collect$$libinit$$00000017  c_w.l(libinit2.o)
    0x08000252   0x08000252   0x0000000a   Code   RO         1267    .ARM.Collect$$libinit$$00000018  c_w.l(libinit2.o)
    0x0800025c   0x0800025c   0x00000000   Code   RO         1268    .ARM.Collect$$libinit$$00000019  c_w.l(libinit2.o)
    0x0800025c   0x0800025c   0x00000000   Code   RO         1270    .ARM.Collect$$libinit$$0000001B  c_w.l(libinit2.o)
    0x0800025c   0x0800025c   0x00000000   Code   RO         1272    .ARM.Collect$$libinit$$0000001D  c_w.l(libinit2.o)
    0x0800025c   0x0800025c   0x00000000   Code   RO         1274    .ARM.Collect$$libinit$$0000001F  c_w.l(libinit2.o)
    0x0800025c   0x0800025c   0x00000000   Code   RO         1276    .ARM.Collect$$libinit$$00000021  c_w.l(libinit2.o)
    0x0800025c   0x0800025c   0x00000000   Code   RO         1278    .ARM.Collect$$libinit$$00000023  c_w.l(libinit2.o)
    0x0800025c   0x0800025c   0x00000000   Code   RO         1280    .ARM.Collect$$libinit$$00000025  c_w.l(libinit2.o)
    0x0800025c   0x0800025c   0x00000000   Code   RO         1282    .ARM.Collect$$libinit$$00000027  c_w.l(libinit2.o)
    0x0800025c   0x0800025c   0x00000000   Code   RO         1286    .ARM.Collect$$libinit$$0000002E  c_w.l(libinit2.o)
    0x0800025c   0x0800025c   0x00000000   Code   RO         1288    .ARM.Collect$$libinit$$00000030  c_w.l(libinit2.o)
    0x0800025c   0x0800025c   0x00000000   Code   RO         1290    .ARM.Collect$$libinit$$00000032  c_w.l(libinit2.o)
    0x0800025c   0x0800025c   0x00000000   Code   RO         1292    .ARM.Collect$$libinit$$00000034  c_w.l(libinit2.o)
    0x0800025c   0x0800025c   0x00000002   Code   RO         1293    .ARM.Collect$$libinit$$00000035  c_w.l(libinit2.o)
    0x0800025e   0x0800025e   0x00000002   Code   RO         1536    .ARM.Collect$$libshutdown$$00000000  c_w.l(libshutdown.o)
    0x08000260   0x08000260   0x00000000   Code   RO         1450    .ARM.Collect$$libshutdown$$00000002  c_w.l(libshutdown2.o)
    0x08000260   0x08000260   0x00000000   Code   RO         1452    .ARM.Collect$$libshutdown$$00000004  c_w.l(libshutdown2.o)
    0x08000260   0x08000260   0x00000000   Code   RO         1455    .ARM.Collect$$libshutdown$$00000007  c_w.l(libshutdown2.o)
    0x08000260   0x08000260   0x00000000   Code   RO         1458    .ARM.Collect$$libshutdown$$0000000A  c_w.l(libshutdown2.o)
    0x08000260   0x08000260   0x00000000   Code   RO         1460    .ARM.Collect$$libshutdown$$0000000C  c_w.l(libshutdown2.o)
    0x08000260   0x08000260   0x00000000   Code   RO         1463    .ARM.Collect$$libshutdown$$0000000F  c_w.l(libshutdown2.o)
    0x08000260   0x08000260   0x00000002   Code   RO         1464    .ARM.Collect$$libshutdown$$00000010  c_w.l(libshutdown2.o)
    0x08000262   0x08000262   0x00000000   Code   RO         1208    .ARM.Collect$$rtentry$$00000000  c_w.l(__rtentry.o)
    0x08000262   0x08000262   0x00000000   Code   RO         1313    .ARM.Collect$$rtentry$$00000002  c_w.l(__rtentry2.o)
    0x08000262   0x08000262   0x00000006   Code   RO         1325    .ARM.Collect$$rtentry$$00000004  c_w.l(__rtentry4.o)
    0x08000268   0x08000268   0x00000000   Code   RO         1315    .ARM.Collect$$rtentry$$00000009  c_w.l(__rtentry2.o)
    0x08000268   0x08000268   0x00000004   Code   RO         1316    .ARM.Collect$$rtentry$$0000000A  c_w.l(__rtentry2.o)
    0x0800026c   0x0800026c   0x00000000   Code   RO         1318    .ARM.Collect$$rtentry$$0000000C  c_w.l(__rtentry2.o)
    0x0800026c   0x0800026c   0x00000008   Code   RO         1319    .ARM.Collect$$rtentry$$0000000D  c_w.l(__rtentry2.o)
    0x08000274   0x08000274   0x00000002   Code   RO         1401    .ARM.Collect$$rtexit$$00000000  c_w.l(rtexit.o)
    0x08000276   0x08000276   0x00000000   Code   RO         1490    .ARM.Collect$$rtexit$$00000002  c_w.l(rtexit2.o)
    0x08000276   0x08000276   0x00000004   Code   RO         1491    .ARM.Collect$$rtexit$$00000003  c_w.l(rtexit2.o)
    0x0800027a   0x0800027a   0x00000006   Code   RO         1492    .ARM.Collect$$rtexit$$00000004  c_w.l(rtexit2.o)
    0x08000280   0x08000280   0x00000040   Code   RO          223  * .text               startup_stm32l476xx.o
    0x080002c0   0x080002c0   0x0000005e   Code   RO         1072    .text               c_w.l(h1_alloc.o)
    0x0800031e   0x0800031e   0x0000004e   Code   RO         1074    .text               c_w.l(h1_free.o)
    0x0800036c   0x0800036c   0x00000028   Code   RO         1132    .text               c_w.l(noretval__2sprintf.o)
    0x08000394   0x08000394   0x00000068   Code   RO         1134    .text               c_w.l(__printf.o)
    0x080003fc   0x080003fc   0x00000078   Code   RO         1136    .text               c_w.l(_printf_dec.o)
    0x08000474   0x08000474   0x0000003e   Code   RO         1160    .text               c_w.l(strlen.o)
    0x080004b2   0x080004b2   0x00000018   Code   RO         1162    .text               c_w.l(strcat.o)
    0x080004ca   0x080004ca   0x0000008a   Code   RO         1164    .text               c_w.l(rt_memcpy_v6.o)
    0x08000554   0x08000554   0x0000004e   Code   RO         1166    .text               c_w.l(rt_memclr_w.o)
    0x080005a2   0x080005a2   0x00000006   Code   RO         1168    .text               c_w.l(heapauxi.o)
    0x080005a8   0x080005a8   0x00000008   Code   RO         1212    .text               c_w.l(rt_heap_descriptor_intlibspace.o)
    0x080005b0   0x080005b0   0x00000004   Code   RO         1214    .text               c_w.l(hguard.o)
    0x080005b4   0x080005b4   0x0000008a   Code   RO         1216    .text               c_w.l(init_alloc.o)
    0x0800063e   0x0800063e   0x0000000c   Code   RO         1220    .text               c_w.l(h1_init.o)
    0x0800064a   0x0800064a   0x00000016   Code   RO         1232    .text               c_w.l(_rserrno.o)
    0x08000660   0x08000660   0x000000b2   Code   RO         1234    .text               c_w.l(_printf_intcommon.o)
    0x08000712   0x08000712   0x00000002   PAD
    0x08000714   0x08000714   0x00000030   Code   RO         1236    .text               c_w.l(_printf_char_common.o)
    0x08000744   0x08000744   0x0000000a   Code   RO         1238    .text               c_w.l(_sputc.o)
    0x0800074e   0x0800074e   0x00000002   PAD
    0x08000750   0x08000750   0x000000b0   Code   RO         1241    .text               c_w.l(strtod.o)
    0x08000800   0x08000800   0x00000064   Code   RO         1243    .text               c_w.l(rt_memcpy_w.o)
    0x08000864   0x08000864   0x00000008   Code   RO         1309    .text               c_w.l(libspace.o)
    0x0800086c   0x0800086c   0x00000008   Code   RO         1330    .text               c_w.l(rt_errno_addr_intlibspace.o)
    0x08000874   0x08000874   0x00000000   Code   RO         1334    .text               c_w.l(maybetermalloc1.o)
    0x08000874   0x08000874   0x00000034   Code   RO         1336    .text               c_w.l(h1_extend.o)
    0x080008a8   0x080008a8   0x00000012   Code   RO         1340    .text               c_w.l(isspace.o)
    0x080008ba   0x080008ba   0x00000040   Code   RO         1344    .text               c_w.l(_sgetc.o)
    0x080008fa   0x080008fa   0x0000000e   Code   RO         1349    .text               c_w.l(defsig_rtmem_outer.o)
    0x08000908   0x08000908   0x00000002   Code   RO         1364    .text               c_w.l(use_no_semi.o)
    0x0800090a   0x0800090a   0x00000000   Code   RO         1366    .text               c_w.l(indicate_semi.o)
    0x0800090a   0x0800090a   0x0000004a   Code   RO         1367    .text               c_w.l(sys_stackheap_outer.o)
    0x08000954   0x08000954   0x00000010   Code   RO         1369    .text               c_w.l(rt_ctype_table.o)
    0x08000964   0x08000964   0x00000508   Code   RO         1375    .text               c_w.l(scanf_fp.o)
    0x08000e6c   0x08000e6c   0x00000012   Code   RO         1379    .text               c_w.l(exit.o)
    0x08000e7e   0x08000e7e   0x0000000a   Code   RO         1381    .text               c_w.l(defsig_exit.o)
    0x08000e88   0x08000e88   0x00000050   Code   RO         1383    .text               c_w.l(defsig_rtmem_inner.o)
    0x08000ed8   0x08000ed8   0x0000007c   Code   RO         1385    .text               c_w.l(strcmpv7em.o)
    0x08000f54   0x08000f54   0x0000000c   Code   RO         1397    .text               c_w.l(sys_exit.o)
    0x08000f60   0x08000f60   0x00000008   Code   RO         1406    .text               c_w.l(rt_locale_intlibspace.o)
    0x08000f68   0x08000f68   0x00000026   Code   RO         1412    .text               c_w.l(llshl.o)
    0x08000f8e   0x08000f8e   0x00000002   PAD
    0x08000f90   0x08000f90   0x000000e4   Code   RO         1414    .text               c_w.l(bigflt0.o)
    0x08001074   0x08001074   0x00000032   Code   RO         1447    .text               c_w.l(defsig_general.o)
    0x080010a6   0x080010a6   0x0000000e   Code   RO         1485    .text               c_w.l(sys_wrch.o)
    0x080010b4   0x080010b4   0x00000326   Code   RO         1496    .text               c_w.l(scanf_hexfp.o)
    0x080013da   0x080013da   0x00000002   PAD
    0x080013dc   0x080013dc   0x0000013a   Code   RO         1498    .text               c_w.l(scanf_infnan.o)
    0x08001516   0x08001516   0x0000001c   Code   RO         1516    .text               c_w.l(_chval.o)
    0x08001532   0x08001532   0x00000002   PAD
    0x08001534   0x08001534   0x0000001c   Code   RO            4    .text.AddFrequency  buzzer.o
    0x08001550   0x08001550   0x00000002   Code   RO          186    .text.BusFault_Handler  stm32l4xx_it.o
    0x08001552   0x08001552   0x00000002   PAD
    0x08001554   0x08001554   0x00000134   Code   RO            8    .text.CheckFrequency  buzzer.o
    0x08001688   0x08001688   0x00000002   Code   RO          192    .text.DebugMon_Handler  stm32l4xx_it.o
    0x0800168a   0x0800168a   0x00000002   PAD
    0x0800168c   0x0800168c   0x000000ca   Code   RO          100    .text.Get_String_LCD  lcd.o
    0x08001756   0x08001756   0x00000002   PAD
    0x08001758   0x08001758   0x000001dc   Code   RO          802    .text.HAL_GPIO_Init  stm32l4xx_hal_gpio.o
    0x08001934   0x08001934   0x0000000c   Code   RO          583    .text.HAL_GetTick   stm32l4xx_hal.o
    0x08001940   0x08001940   0x0000001a   Code   RO          581    .text.HAL_IncTick   stm32l4xx_hal.o
    0x0800195a   0x0800195a   0x00000002   PAD
    0x0800195c   0x0800195c   0x0000001e   Code   RO          571    .text.HAL_Init      stm32l4xx_hal.o
    0x0800197a   0x0800197a   0x00000002   PAD
    0x0800197c   0x0800197c   0x0000005a   Code   RO          573    .text.HAL_InitTick  stm32l4xx_hal.o
    0x080019d6   0x080019d6   0x00000002   PAD
    0x080019d8   0x080019d8   0x00000032   Code   RO          205    .text.HAL_MspInit   stm32l4xx_hal_msp.o
    0x08001a0a   0x08001a0a   0x00000002   PAD
    0x08001a0c   0x08001a0c   0x00000056   Code   RO          993    .text.HAL_NVIC_SetPriority  stm32l4xx_hal_cortex.o
    0x08001a62   0x08001a62   0x00000002   PAD
    0x08001a64   0x08001a64   0x00000020   Code   RO          991    .text.HAL_NVIC_SetPriorityGrouping  stm32l4xx_hal_cortex.o
    0x08001a84   0x08001a84   0x0000008c   Code   RO          903    .text.HAL_PWREx_ControlVoltageScaling  stm32l4xx_hal_pwr_ex.o
    0x08001b10   0x08001b10   0x00000010   Code   RO          901    .text.HAL_PWREx_GetVoltageRange  stm32l4xx_hal_pwr_ex.o
    0x08001b20   0x08001b20   0x00000012   Code   RO          726    .text.HAL_RCCEx_EnableMSIPLLMode  stm32l4xx_hal_rcc_ex.o
    0x08001b32   0x08001b32   0x00000002   PAD
    0x08001b34   0x08001b34   0x00000224   Code   RO          658    .text.HAL_RCC_ClockConfig  stm32l4xx_hal_rcc.o
    0x08001d58   0x08001d58   0x0000075a   Code   RO          654    .text.HAL_RCC_OscConfig  stm32l4xx_hal_rcc.o
    0x080024b2   0x080024b2   0x00000002   PAD
    0x080024b4   0x080024b4   0x0000002c   Code   RO         1003    .text.HAL_SYSTICK_Config  stm32l4xx_hal_cortex.o
    0x080024e0   0x080024e0   0x000000c0   Code   RO          541    .text.HAL_TIMEx_MasterConfigSynchronization  stm32l4xx_hal_tim_ex.o
    0x080025a0   0x080025a0   0x00000062   Code   RO          246    .text.HAL_TIM_Base_Init  stm32l4xx_hal_tim.o
    0x08002602   0x08002602   0x00000002   PAD
    0x08002604   0x08002604   0x0000002a   Code   RO          207    .text.HAL_TIM_Base_MspInit  stm32l4xx_hal_msp.o
    0x0800262e   0x0800262e   0x00000002   PAD
    0x08002630   0x08002630   0x0000019a   Code   RO          426    .text.HAL_TIM_ConfigClockSource  stm32l4xx_hal_tim.o
    0x080027ca   0x080027ca   0x00000002   PAD
    0x080027cc   0x080027cc   0x00000052   Code   RO          209    .text.HAL_TIM_MspPostInit  stm32l4xx_hal_msp.o
    0x0800281e   0x0800281e   0x00000002   PAD
    0x08002820   0x08002820   0x00000386   Code   RO          400    .text.HAL_TIM_PWM_ConfigChannel  stm32l4xx_hal_tim.o
    0x08002ba6   0x08002ba6   0x00000002   PAD
    0x08002ba8   0x08002ba8   0x00000062   Code   RO          300    .text.HAL_TIM_PWM_Init  stm32l4xx_hal_tim.o
    0x08002c0a   0x08002c0a   0x00000002   PAD
    0x08002c0c   0x08002c0c   0x00000002   Code   RO          302    .text.HAL_TIM_PWM_MspInit  stm32l4xx_hal_tim.o
    0x08002c0e   0x08002c0e   0x00000002   PAD
    0x08002c10   0x08002c10   0x0000019a   Code   RO          308    .text.HAL_TIM_PWM_Start  stm32l4xx_hal_tim.o
    0x08002daa   0x08002daa   0x00000002   PAD
    0x08002dac   0x08002dac   0x000000ca   Code   RO          310    .text.HAL_TIM_PWM_Stop  stm32l4xx_hal_tim.o
    0x08002e76   0x08002e76   0x00000002   PAD
    0x08002e78   0x08002e78   0x00000002   Code   RO          182    .text.HardFault_Handler  stm32l4xx_it.o
    0x08002e7a   0x08002e7a   0x00000002   PAD
    0x08002e7c   0x08002e7c   0x0000008c   Code   RO           62    .text.InitEvents    events.o
    0x08002f08   0x08002f08   0x0000008c   Code   RO            2    .text.Init_buzzer   buzzer.o
    0x08002f94   0x08002f94   0x000000ee   Code   RO          104    .text.LCD_Init      lcd.o
    0x08003082   0x08003082   0x00000002   PAD
    0x08003084   0x08003084   0x000001ec   Code   RO           88    .text.LCD_nibble_write  lcd.o
    0x08003270   0x08003270   0x00000002   Code   RO          184    .text.MemManage_Handler  stm32l4xx_it.o
    0x08003272   0x08003272   0x00000002   PAD
    0x08003274   0x08003274   0x00000002   Code   RO          180    .text.NMI_Handler   stm32l4xx_it.o
    0x08003276   0x08003276   0x00000002   PAD
    0x08003278   0x08003278   0x00000002   Code   RO          194    .text.PendSV_Handler  stm32l4xx_it.o
    0x0800327a   0x0800327a   0x00000002   PAD
    0x0800327c   0x0800327c   0x0000001e   Code   RO            6    .text.RemoveFrequency  buzzer.o
    0x0800329a   0x0800329a   0x00000002   PAD
    0x0800329c   0x0800329c   0x00000002   Code   RO          190    .text.SVC_Handler   stm32l4xx_it.o
    0x0800329e   0x0800329e   0x00000002   PAD
    0x080032a0   0x080032a0   0x000000f0   Code   RO           10    .text.SetFrequency  buzzer.o
    0x08003390   0x08003390   0x0000003c   Code   RO           94    .text.Set_CursorPosition  lcd.o
    0x080033cc   0x080033cc   0x0000004c   Code   RO          102    .text.Set_LCD       lcd.o
    0x08003418   0x08003418   0x00000004   Code   RO          196    .text.SysTick_Handler  stm32l4xx_it.o
    0x0800341c   0x0800341c   0x00000072   Code   RO          166    .text.SystemClock_Config  main.o
    0x0800348e   0x0800348e   0x00000002   PAD
    0x08003490   0x08003490   0x00000012   Code   RO          230    .text.SystemInit    system_stm32l4xx.o
    0x080034a2   0x080034a2   0x00000002   PAD
    0x080034a4   0x080034a4   0x00000136   Code   RO          250    .text.TIM_Base_SetConfig  stm32l4xx_hal_tim.o
    0x080035da   0x080035da   0x00000002   PAD
    0x080035dc   0x080035dc   0x00000002   Code   RO          188    .text.UsageFault_Handler  stm32l4xx_it.o
    0x080035de   0x080035de   0x00000002   PAD
    0x080035e0   0x080035e0   0x000000ae   Code   RO           92    .text.Write_Char_LCD  lcd.o
    0x0800368e   0x0800368e   0x00000002   PAD
    0x08003690   0x08003690   0x000000d2   Code   RO           54    .text.beforeCharWrite  events.o
    0x08003762   0x08003762   0x00000006   PAD
    0x08003768   0x08003768   0x0000031e   Code   RO           64    .text.check         events.o
    0x08003a86   0x08003a86   0x00000002   PAD
    0x08003a88   0x08003a88   0x000001ce   Code   RO           86    .text.checkLCDWrites  lcd.o
    0x08003c56   0x08003c56   0x00000002   PAD
    0x08003c58   0x08003c58   0x00000028   Code   RO           28    .text.date          date.o
    0x08003c80   0x08003c80   0x000000a0   Code   RO           26    .text.getCurrentMicros  date.o
    0x08003d20   0x08003d20   0x000000a4   Code   RO          142    .text.keyPressCallback  run.o
    0x08003dc4   0x08003dc4   0x00000030   Code   RO          144    .text.keyReleaseCallback  run.o
    0x08003df4   0x08003df4   0x000000f4   Code   RO          164    .text.main          main.o
    0x08003ee8   0x08003ee8   0x00000024   Code   RO          140    .text.numberBoxCallback  run.o
    0x08003f0c   0x08003f0c   0x000000d0   Code   RO           44    .text.onKeyPadPress  events.o
    0x08003fdc   0x08003fdc   0x000000d0   Code   RO           48    .text.onKeyPadRelease  events.o
    0x080040ac   0x080040ac   0x000000d0   Code   RO           52    .text.onSwitchPress  events.o
    0x0800417c   0x0800417c   0x000000d0   Code   RO           50    .text.onSwitchRelease  events.o
    0x0800424c   0x0800424c   0x000000ee   Code   RO          124    .text.pushInteger   list.o
    0x0800433a   0x0800433a   0x00000002   PAD
    0x0800433c   0x0800433c   0x0000018c   Code   RO          128    .text.removeFromIntegers  list.o
    0x080044c8   0x080044c8   0x00000072   Code   RO          148    .text.run           run.o
    0x0800453a   0x0800453a   0x00000002   PAD
    0x0800453c   0x0800453c   0x00000064   Code   RO           56    .text.runBeforeCharWriteCallbacks  events.o
    0x080045a0   0x080045a0   0x000000fe   Code   RO           40    .text.subscribeKeyPad  events.o
    0x0800469e   0x0800469e   0x00000002   PAD
    0x080046a0   0x080046a0   0x000000a0   Code   RO           42    .text.subscribeSwitch  events.o
    0x08004740   0x08004740   0x00000180   Code   RO          146    .text.switchPressCallback  run.o
    0x080048c0   0x080048c0   0x00000338   Code   RO         1427    CL$$btod_div_common  c_w.l(btod.o)
    0x08004bf8   0x08004bf8   0x00000084   Code   RO         1425    CL$$btod_e2d        c_w.l(btod.o)
    0x08004c7c   0x08004c7c   0x000000dc   Code   RO         1424    CL$$btod_e2e        c_w.l(btod.o)
    0x08004d58   0x08004d58   0x0000002a   Code   RO         1421    CL$$btod_ediv       c_w.l(btod.o)
    0x08004d82   0x08004d82   0x0000002a   Code   RO         1423    CL$$btod_edivd      c_w.l(btod.o)
    0x08004dac   0x08004dac   0x0000002a   Code   RO         1420    CL$$btod_emul       c_w.l(btod.o)
    0x08004dd6   0x08004dd6   0x0000002a   Code   RO         1422    CL$$btod_emuld      c_w.l(btod.o)
    0x08004e00   0x08004e00   0x00000244   Code   RO         1426    CL$$btod_mult_common  c_w.l(btod.o)
    0x08005044   0x08005044   0x00000004   PAD
    0x08005048   0x08005048   0x000000f8   Code   RO         1477    i.__hardfp___mathlib_tofloat  m_wm.l(narrow.o)
    0x08005140   0x08005140   0x00000038   Code   RO         1200    i.__hardfp_atof     m_wm.l(atof.o)
    0x08005178   0x08005178   0x000000d0   Code   RO         1539    i.__hardfp_ldexp    m_wm.l(ldexp.o)
    0x08005248   0x08005248   0x00000020   Code   RO         1553    i.__mathlib_dbl_overflow  m_wm.l(dunder.o)
    0x08005268   0x08005268   0x00000020   Code   RO         1555    i.__mathlib_dbl_underflow  m_wm.l(dunder.o)
    0x08005288   0x08005288   0x00000012   Code   RO         1478    i.__mathlib_narrow  m_wm.l(narrow.o)
    0x0800529a   0x0800529a   0x00000014   Code   RO         1541    i.__support_ldexp   m_wm.l(ldexp.o)
    0x080052ae   0x080052ae   0x0000000e   Code   RO         1148    i._is_digit         c_w.l(__printf_wp.o)
    0x080052bc   0x080052bc   0x00000004   PAD
    0x080052c0   0x080052c0   0x0000008c   Code   RO         1510    i.frexp             m_wm.l(frexp.o)
    0x0800534c   0x0800534c   0x0000002c   Code   RO         1347    locale$$code        c_w.l(lc_numeric_c.o)
    0x08005378   0x08005378   0x0000002c   Code   RO         1443    locale$$code        c_w.l(lc_ctype_c.o)
    0x080053a4   0x080053a4   0x00000062   Code   RO         1504    x$fpl$d2f           fz_wm.l(d2f.o)
    0x08005406   0x08005406   0x00000002   PAD
    0x08005408   0x08005408   0x00000150   Code   RO         1172    x$fpl$dadd          fz_wm.l(daddsub_clz.o)
    0x08005558   0x08005558   0x00000010   Code   RO         1563    x$fpl$dcheck1       fz_wm.l(dcheck1.o)
    0x08005568   0x08005568   0x00000018   Code   RO         1358    x$fpl$dcmpinf       fz_wm.l(dcmpi.o)
    0x08005580   0x08005580   0x000002b8   Code   RO         1181    x$fpl$ddiv          fz_wm.l(ddiv.o)
    0x08005838   0x08005838   0x00000078   Code   RO         1294    x$fpl$deqf          fz_wm.l(deqf.o)
    0x080058b0   0x080058b0   0x0000005e   Code   RO         1184    x$fpl$dfix          fz_wm.l(dfix.o)
    0x0800590e   0x0800590e   0x00000002   PAD
    0x08005910   0x08005910   0x0000005a   Code   RO         1188    x$fpl$dfixu         fz_wm.l(dfixu.o)
    0x0800596a   0x0800596a   0x0000002e   Code   RO         1193    x$fpl$dflt          fz_wm.l(dflt_clz.o)
    0x08005998   0x08005998   0x00000026   Code   RO         1192    x$fpl$dfltu         fz_wm.l(dflt_clz.o)
    0x080059be   0x080059be   0x00000002   PAD
    0x080059c0   0x080059c0   0x00000078   Code   RO         1296    x$fpl$dgeqf         fz_wm.l(dgeqf.o)
    0x08005a38   0x08005a38   0x00000078   Code   RO         1298    x$fpl$dleqf         fz_wm.l(dleqf.o)
    0x08005ab0   0x08005ab0   0x00000154   Code   RO         1198    x$fpl$dmul          fz_wm.l(dmul.o)
    0x08005c04   0x08005c04   0x0000009c   Code   RO         1300    x$fpl$dnaninf       fz_wm.l(dnaninf.o)
    0x08005ca0   0x08005ca0   0x0000000c   Code   RO         1302    x$fpl$dretinf       fz_wm.l(dretinf.o)
    0x08005cac   0x08005cac   0x0000006c   Code   RO         1506    x$fpl$drleqf        fz_wm.l(drleqf.o)
    0x08005d18   0x08005d18   0x000001dc   Code   RO         1174    x$fpl$dsub          fz_wm.l(daddsub_clz.o)
    0x08005ef4   0x08005ef4   0x00000054   Code   RO         1178    x$fpl$fcmp          fz_wm.l(dcmp.o)
    0x08005f48   0x08005f48   0x0000001a   Code   RO         1360    x$fpl$fpinit        fz_wm.l(fpinit.o)
    0x08005f62   0x08005f62   0x0000000a   Code   RO         1537    x$fpl$fretinf       fz_wm.l(fretinf.o)
    0x08005f6c   0x08005f6c   0x00000006   Code   RO         1469    x$fpl$ieeestatus    fz_wm.l(istatus.o)
    0x08005f72   0x08005f72   0x00000064   Code   RO         1565    x$fpl$retnan        fz_wm.l(retnan.o)
    0x08005fd6   0x08005fd6   0x0000005c   Code   RO         1547    x$fpl$scalbn        fz_wm.l(scalbn.o)
    0x08006032   0x08006032   0x00000004   Code   RO         1362    x$fpl$scanf1        fz_wm.l(scanf1.o)
    0x08006036   0x08006036   0x00000008   Code   RO         1471    x$fpl$scanf2        fz_wm.l(scanf2.o)
    0x0800603e   0x0800603e   0x00000030   Code   RO         1567    x$fpl$trapveneer    fz_wm.l(trapv.o)
    0x0800606e   0x0800606e   0x00000000   Code   RO         1304    x$fpl$usenofp       fz_wm.l(usenofp.o)
    0x0800606e   0x0800606e   0x00000002   PAD
    0x08006070   0x08006070   0x00000094   Data   RO         1415    .constdata          c_w.l(bigflt0.o)
    0x08006104   0x08006104   0x00000010   Data   RO          235    .rodata.AHBPrescTable  system_stm32l4xx.o
    0x08006114   0x08006114   0x00000030   Data   RO          237    .rodata.MSIRangeTable  system_stm32l4xx.o
    0x08006144   0x08006144   0x0000000d   Data   RO          153    .rodata.str1.1      run.o
    0x08006151   0x08006151   0x00000003   PAD
    0x08006154   0x08006154   0x00000020   Data   RO         1570    Region$$Table       anon$$obj.o
    0x08006174   0x08006174   0x00000008   Data   RO         1465    c$$dinf             fz_wm.l(fpconst.o)
    0x0800617c   0x0800617c   0x00000008   Data   RO         1468    c$$dmax             fz_wm.l(fpconst.o)
    0x08006184   0x08006184   0x0000001c   Data   RO         1346    locale$$data        c_w.l(lc_numeric_c.o)
    0x080061a0   0x080061a0   0x00000110   Data   RO         1442    locale$$data        c_w.l(lc_ctype_c.o)


    Execution Region ER_RW (Exec base: 0x20000000, Load base: 0x080062b0, Size: 0x0000007c, Max: 0xffffffff, ABSOLUTE)

    Exec Addr    Load Addr    Size         Type   Attr      Idx    E Section Name        Object

    0x20000000   0x080062b0   0x00000040   Data   RW          150    .data.Frequencies   run.o
    0x20000040   0x080062f0   0x00000010   Data   RW           68    .data.KEYPAD_CHARS  events.o
    0x20000050   0x08006300   0x00000010   Data   RW           66    .data.KEYPAD_MATRIX  events.o
    0x20000060   0x08006310   0x00000004   Data   RW           67    .data.SWITCH_ARRAY  events.o
    0x20000064   0x08006314   0x00000004   Data   RW          234    .data.SystemCoreClock  system_stm32l4xx.o
    0x20000068   0x08006318   0x00000004   Data   RW           17    .data.lastSwitchTime  buzzer.o
    0x2000006c   0x0800631c   0x00000001   Data   RW          106    .data.maskLCD       lcd.o
    0x2000006d   0x0800631d   0x00000003   PAD
    0x20000070   0x08006320   0x00000004   Data   RW          152    .data.setFreq       run.o
    0x20000074   0x08006324   0x00000001   Data   RW          642    .data.uwTickFreq    stm32l4xx_hal.o
    0x20000075   0x08006325   0x00000003   PAD
    0x20000078   0x08006328   0x00000004   Data   RW          641    .data.uwTickPrio    stm32l4xx_hal.o


    Execution Region ER_ZI (Exec base: 0x20000080, Load base: 0x0800632c, Size: 0x000007b0, Max: 0xffffffff, ABSOLUTE)

    Exec Addr    Load Addr    Size         Type   Attr      Idx    E Section Name        Object

    0x20000080        -       0x00000060   Zero   RW         1310    .bss                c_w.l(libspace.o)
    0x200000e0        -       0x00000058   Zero   RW           71    .bss.Events         events.o
    0x20000138        -       0x00000023   Zero   RW          113    .bss.cacheLCD       lcd.o
    0x2000015b   0x0800632c   0x00000001   PAD
    0x2000015c        -       0x00000004   Zero   RW           16    .bss.currentFrequency  buzzer.o
    0x20000160        -       0x00000001   Zero   RW          110    .bss.currentWrite   lcd.o
    0x20000161        -       0x00000001   Zero   RW          107    .bss.delayLCD       lcd.o
    0x20000162   0x0800632c   0x00000002   PAD
    0x20000164        -       0x00000004   Zero   RW           15    .bss.frequencyIndex  buzzer.o
    0x20000168        -       0x00000004   Zero   RW           12    .bss.frequency_list  buzzer.o
    0x2000016c        -       0x0000004c   Zero   RW          170    .bss.htim2          main.o
    0x200001b8        -       0x0000004c   Zero   RW           13    .bss.htim3          buzzer.o
    0x20000204   0x0800632c   0x00000004   PAD
    0x20000208        -       0x00000008   Zero   RW           14    .bss.lastDateFrequency  buzzer.o
    0x20000210        -       0x00000008   Zero   RW          112    .bss.lastDateLCD    lcd.o
    0x20000218        -       0x00000004   Zero   RW          155    .bss.modeCycle      run.o
    0x2000021c        -       0x00000004   Zero   RW          108    .bss.sr_writes      lcd.o
    0x20000220        -       0x00000004   Zero   RW          109    .bss.sr_writeslength  lcd.o
    0x20000224        -       0x00000004   Zero   RW          643    .bss.uwTick         stm32l4xx_hal.o
    0x20000228        -       0x00000001   Zero   RW          111    .bss.writingInstruction  lcd.o
    0x20000229   0x0800632c   0x00000007   PAD
    0x20000230        -       0x00000200   Zero   RW          221    HEAP                startup_stm32l476xx.o
    0x20000430        -       0x00000400   Zero   RW          220    STACK               startup_stm32l476xx.o


==============================================================================

Image component sizes


      Code (inc. data)   RO Data    RW Data    ZI Data      Debug   Object Name

       746         32          0          4         96       7866   buzzer.o
       200         16          0          0          0       1365   date.o
      2494          8          0         36         88      15968   events.o
      1704          8          0          1         54       9259   lcd.o
       634          0          0          0          0       3756   list.o
       358          0          0          0         76       8174   main.o
       746         48         13         68          4       4325   run.o
        64         26        392          0       1536        948   startup_stm32l476xx.o
       158          0          0          5          4       9065   stm32l4xx_hal.o
       162          0          0          0          0      10933   stm32l4xx_hal_cortex.o
       476          0          0          0          0       5472   stm32l4xx_hal_gpio.o
       174          0          0          0          0       5826   stm32l4xx_hal_msp.o
       156          0          0          0          0       9810   stm32l4xx_hal_pwr_ex.o
      2430          0          0          0          0      11971   stm32l4xx_hal_rcc.o
        18          0          0          0          0      13864   stm32l4xx_hal_rcc_ex.o
      2432         22          0          0          0      60923   stm32l4xx_hal_tim.o
       192          0          0          0          0      23414   stm32l4xx_hal_tim_ex.o
        20          0          0          0          0       1287   stm32l4xx_it.o
        18          0         64          4          0       3214   system_stm32l4xx.o

    ----------------------------------------------------------------------
     13260        160        504        124       1872     207440   Object Totals
         0          0         32          0          0          0   (incl. Generated)
        78          0          3          6         14          0   (incl. Padding)

    ----------------------------------------------------------------------

      Code (inc. data)   RO Data    RW Data    ZI Data      Debug   Library Member Name

         8          0          0          0          0         68   __main.o
       104          0          0          0          0         84   __printf.o
        14          0          0          0          0         68   __printf_wp.o
         0          0          0          0          0          0   __rtentry.o
        12          0          0          0          0          0   __rtentry2.o
         6          0          0          0          0          0   __rtentry4.o
        94          8          0          0          0          0   __scatter.o
        26          0          0          0          0          0   __scatter_copy.o
        28          0          0          0          0          0   __scatter_zi.o
        28          0          0          0          0         68   _chval.o
        48          6          0          0          0         96   _printf_char_common.o
         6          0          0          0          0          0   _printf_d.o
       120         16          0          0          0         92   _printf_dec.o
       178          0          0          0          0         88   _printf_intcommon.o
         0          0          0          0          0          0   _printf_percent.o
         4          0          0          0          0          0   _printf_percent_end.o
        22          0          0          0          0        100   _rserrno.o
        64          0          0          0          0         84   _sgetc.o
        10          0          0          0          0         68   _sputc.o
       228          4        148          0          0         96   bigflt0.o
      1924        136          0          0          0        752   btod.o
        10          0          0          0          0         68   defsig_exit.o
        50          0          0          0          0         88   defsig_general.o
        80         58          0          0          0         76   defsig_rtmem_inner.o
        14          0          0          0          0         80   defsig_rtmem_outer.o
        18          0          0          0          0         80   exit.o
        94          0          0          0          0         80   h1_alloc.o
        52          0          0          0          0         68   h1_extend.o
        78          0          0          0          0         80   h1_free.o
        12          0          0          0          0         84   h1_init.o
         6          0          0          0          0        152   heapauxi.o
         4          0          0          0          0        136   hguard.o
         0          0          0          0          0          0   indicate_semi.o
       138          0          0          0          0        168   init_alloc.o
        18          0          0          0          0         76   isspace.o
        44         10        272          0          0         76   lc_ctype_c.o
        44         10         28          0          0         76   lc_numeric_c.o
         2          0          0          0          0          0   libinit.o
        42          0          0          0          0          0   libinit2.o
         2          0          0          0          0          0   libshutdown.o
         2          0          0          0          0          0   libshutdown2.o
         8          4          0          0         96         68   libspace.o
        38          0          0          0          0         68   llshl.o
         0          0          0          0          0          0   maybetermalloc1.o
        40          6          0          0          0         84   noretval__2sprintf.o
        16          4          0          0          0         76   rt_ctype_table.o
         8          4          0          0          0         68   rt_errno_addr_intlibspace.o
         8          4          0          0          0         68   rt_heap_descriptor_intlibspace.o
         8          4          0          0          0         68   rt_locale_intlibspace.o
        78          0          0          0          0         80   rt_memclr_w.o
       138          0          0          0          0         68   rt_memcpy_v6.o
       100          0          0          0          0         80   rt_memcpy_w.o
         2          0          0          0          0          0   rtexit.o
        10          0          0          0          0          0   rtexit2.o
      1288         16          0          0          0        168   scanf_fp.o
       806         14          0          0          0        100   scanf_hexfp.o
       314         16          0          0          0        100   scanf_infnan.o
        24          0          0          0          0         68   strcat.o
       124          0          0          0          0         88   strcmpv7em.o
        62          0          0          0          0         76   strlen.o
       176         14          0          0          0        124   strtod.o
        12          4          0          0          0         68   sys_exit.o
        74          0          0          0          0         80   sys_stackheap_outer.o
        14          0          0          0          0         76   sys_wrch.o
         2          0          0          0          0         68   use_no_semi.o
        98          4          0          0          0        140   d2f.o
       812         16          0          0          0        392   daddsub_clz.o
        16          4          0          0          0        116   dcheck1.o
        84          0          0          0          0        244   dcmp.o
        24          0          0          0          0        116   dcmpi.o
       696        140          0          0          0        264   ddiv.o
       120          4          0          0          0        140   deqf.o
        94          4          0          0          0        140   dfix.o
        90          4          0          0          0        140   dfixu.o
        84          0          0          0          0        232   dflt_clz.o
       120          4          0          0          0        140   dgeqf.o
       120          4          0          0          0        140   dleqf.o
       340         12          0          0          0        152   dmul.o
       156          4          0          0          0        140   dnaninf.o
        12          0          0          0          0        116   dretinf.o
       108          0          0          0          0        128   drleqf.o
         0          0         16          0          0          0   fpconst.o
        26          0          0          0          0        116   fpinit.o
        10          0          0          0          0        116   fretinf.o
         6          0          0          0          0        116   istatus.o
       100          0          0          0          0        116   retnan.o
        92          0          0          0          0        116   scalbn.o
         4          0          0          0          0        116   scanf1.o
         8          0          0          0          0        132   scanf2.o
        48          0          0          0          0        116   trapv.o
         0          0          0          0          0          0   usenofp.o
        56         10          0          0          0        132   atof.o
        64         16          0          0          0        248   dunder.o
       140         22          0          0          0        132   frexp.o
       228          8          0          0          0        308   ldexp.o
       266         16          0          0          0        308   narrow.o

    ----------------------------------------------------------------------
     11036        610        464          0         96       9608   Library Totals
        30          0          0          0          0          0   (incl. Padding)

    ----------------------------------------------------------------------

      Code (inc. data)   RO Data    RW Data    ZI Data      Debug   Library Name

      6984        338        448          0         96       4796   c_w.l
      3268        200         16          0          0       3684   fz_wm.l
       754         72          0          0          0       1128   m_wm.l

    ----------------------------------------------------------------------
     11036        610        464          0         96       9608   Library Totals

    ----------------------------------------------------------------------

==============================================================================


      Code (inc. data)   RO Data    RW Data    ZI Data      Debug   

     24296        770        968        124       1968     210872   Grand Totals
     24296        770        968        124       1968     210872   ELF Image Totals
     24296        770        968        124          0          0   ROM Totals

==============================================================================

    Total RO  Size (Code + RO Data)                25264 (  24.67kB)
    Total RW  Size (RW Data + ZI Data)              2092 (   2.04kB)
    Total ROM Size (Code + RO Data + RW Data)      25388 (  24.79kB)

==============================================================================

