Component: Arm Compiler for Embedded 6.22 Tool: armlink [5ee90200]

==============================================================================

Section Cross References

    buzzer.o(.ARM.exidx.text.enable_tim_clocks) refers to buzzer.o(.text.enable_tim_clocks) for [Anonymous Symbol]
    buzzer.o(.text.Init_buzzerEXT) refers to h1_alloc.o(.text) for malloc
    buzzer.o(.text.Init_buzzerEXT) refers to buzzer.o(.bss.frequency_list) for frequency_list
    buzzer.o(.text.Init_buzzerEXT) refers to buzzer.o(.data.timers) for timers
    buzzer.o(.text.Init_buzzerEXT) refers to stm32l4xx_hal_gpio.o(.text.HAL_GPIO_Init) for HAL_GPIO_Init
    buzzer.o(.text.Init_buzzerEXT) refers to buzzer.o(.bss.htimEXT) for htimEXT
    buzzer.o(.ARM.exidx.text.Init_buzzerEXT) refers to buzzer.o(.text.Init_buzzerEXT) for [Anonymous Symbol]
    buzzer.o(.text.AddFrequency) refers to dfix.o(x$fpl$dfix) for __aeabi_d2iz
    buzzer.o(.text.AddFrequency) refers to buzzer.o(.bss.frequency_list) for frequency_list
    buzzer.o(.text.AddFrequency) refers to list.o(.text.pushInteger) for pushInteger
    buzzer.o(.ARM.exidx.text.AddFrequency) refers to buzzer.o(.text.AddFrequency) for [Anonymous Symbol]
    buzzer.o(.text.RemoveFrequency) refers to dfix.o(x$fpl$dfix) for __aeabi_d2iz
    buzzer.o(.text.RemoveFrequency) refers to buzzer.o(.bss.frequency_list) for frequency_list
    buzzer.o(.text.RemoveFrequency) refers to list.o(.text.removeFromIntegers) for removeFromIntegers
    buzzer.o(.ARM.exidx.text.RemoveFrequency) refers to buzzer.o(.text.RemoveFrequency) for [Anonymous Symbol]
    buzzer.o(.text.CheckFrequency) refers to date.o(.text.date) for date
    buzzer.o(.text.CheckFrequency) refers to buzzer.o(.bss.lastDateFrequency) for lastDateFrequency
    buzzer.o(.text.CheckFrequency) refers to daddsub_clz.o(x$fpl$dsub) for __aeabi_dsub
    buzzer.o(.text.CheckFrequency) refers to buzzer.o(.data.lastSwitchTime) for lastSwitchTime
    buzzer.o(.text.CheckFrequency) refers to dflt_clz.o(x$fpl$dflt) for __aeabi_i2d
    buzzer.o(.text.CheckFrequency) refers to dcmp.o(x$fpl$fcmp) for __aeabi_dcmple
    buzzer.o(.text.CheckFrequency) refers to buzzer.o(.bss.frequency_list) for frequency_list
    buzzer.o(.text.CheckFrequency) refers to buzzer.o(.bss.currentFrequency) for currentFrequency
    buzzer.o(.text.CheckFrequency) refers to buzzer.o(.data.timers) for timers
    buzzer.o(.text.CheckFrequency) refers to buzzer.o(.bss.htimEXT) for htimEXT
    buzzer.o(.text.CheckFrequency) refers to stm32l4xx_hal_tim.o(.text.HAL_TIM_PWM_Stop) for HAL_TIM_PWM_Stop
    buzzer.o(.ARM.exidx.text.CheckFrequency) refers to buzzer.o(.text.CheckFrequency) for [Anonymous Symbol]
    buzzer.o(.text.SetFrequency) refers to dfix.o(x$fpl$dfix) for __aeabi_d2iz
    buzzer.o(.text.SetFrequency) refers to buzzer.o(.bss.currentFrequency) for currentFrequency
    buzzer.o(.text.SetFrequency) refers to dcmp.o(x$fpl$fcmp) for __aeabi_dcmpgt
    buzzer.o(.text.SetFrequency) refers to daddsub_clz.o(x$fpl$dadd) for __aeabi_dadd
    buzzer.o(.text.SetFrequency) refers to dmul.o(x$fpl$dmul) for __aeabi_dmul
    buzzer.o(.text.SetFrequency) refers to ddiv.o(x$fpl$ddiv) for __aeabi_ddiv
    buzzer.o(.text.SetFrequency) refers to dfixu.o(x$fpl$dfixu) for __aeabi_d2uiz
    buzzer.o(.text.SetFrequency) refers to buzzer.o(.bss.htimEXT) for htimEXT
    buzzer.o(.text.SetFrequency) refers to stm32l4xx_hal_tim.o(.text.HAL_TIM_Base_Init) for HAL_TIM_Base_Init
    buzzer.o(.text.SetFrequency) refers to buzzer.o(.data.timers) for timers
    buzzer.o(.text.SetFrequency) refers to stm32l4xx_hal_tim.o(.text.HAL_TIM_PWM_Stop) for HAL_TIM_PWM_Stop
    buzzer.o(.text.SetFrequency) refers to stm32l4xx_hal_tim.o(.text.HAL_TIM_PWM_ConfigChannel) for HAL_TIM_PWM_ConfigChannel
    buzzer.o(.text.SetFrequency) refers to stm32l4xx_hal_tim.o(.text.HAL_TIM_PWM_Start) for HAL_TIM_PWM_Start
    buzzer.o(.text.SetFrequency) refers to stm32l4xx_hal_tim_ex.o(.text.HAL_TIMEx_ConfigBreakDeadTime) for HAL_TIMEx_ConfigBreakDeadTime
    buzzer.o(.ARM.exidx.text.SetFrequency) refers to buzzer.o(.text.SetFrequency) for [Anonymous Symbol]
    date.o(.text.getCurrentMicros) refers to stm32l4xx_hal.o(.text.HAL_GetTick) for HAL_GetTick
    date.o(.text.getCurrentMicros) refers to dflt_clz.o(x$fpl$dfltu) for __aeabi_ui2d
    date.o(.text.getCurrentMicros) refers to dmul.o(x$fpl$dmul) for __aeabi_dmul
    date.o(.text.getCurrentMicros) refers to ddiv.o(x$fpl$ddiv) for __aeabi_ddiv
    date.o(.text.getCurrentMicros) refers to daddsub_clz.o(x$fpl$dadd) for __aeabi_dadd
    date.o(.text.getCurrentMicros) refers to dfix.o(x$fpl$dfix) for __aeabi_d2iz
    date.o(.ARM.exidx.text.getCurrentMicros) refers to date.o(.text.getCurrentMicros) for [Anonymous Symbol]
    date.o(.text.date) refers to date.o(.text.getCurrentMicros) for getCurrentMicros
    date.o(.text.date) refers to dflt_clz.o(x$fpl$dflt) for __aeabi_i2d
    date.o(.text.date) refers to ddiv.o(x$fpl$ddiv) for __aeabi_ddiv
[...]
    ../clib/signal.c                         0x00000000   Number         0  defsig_general.o ABSOLUTE
    ../clib/signal.c                         0x00000000   Number         0  defsig_abrt_inner.o ABSOLUTE
    ../clib/signal.c                         0x00000000   Number         0  defsig_fpe_inner.o ABSOLUTE
    ../clib/signal.c                         0x00000000   Number         0  defsig_rtred_inner.o ABSOLUTE
    ../clib/signal.c                         0x00000000   Number         0  defsig_stak_inner.o ABSOLUTE
    ../clib/signal.c                         0x00000000   Number         0  defsig_pvfn_inner.o ABSOLUTE
    ../clib/signal.c                         0x00000000   Number         0  defsig_cppl_inner.o ABSOLUTE
    ../clib/signal.c                         0x00000000   Number         0  defsig_segv_inner.o ABSOLUTE
    ../clib/signal.c                         0x00000000   Number         0  defsig_other.o ABSOLUTE
    ../clib/signal.s                         0x00000000   Number         0  defsig.o ABSOLUTE
    ../clib/stdlib.c                         0x00000000   Number         0  exit.o ABSOLUTE
    ../clib/string.c                         0x00000000   Number         0  strcpy.o ABSOLUTE
    ../fplib/daddsub.s                       0x00000000   Number         0  daddsub_clz.o ABSOLUTE
    ../fplib/dcmp.s                          0x00000000   Number         0  dcmp.o ABSOLUTE
    ../fplib/dcmpi.s                         0x00000000   Number         0  dcmpi.o ABSOLUTE
    ../fplib/ddiv.s                          0x00000000   Number         0  ddiv.o ABSOLUTE
    ../fplib/deqf.s                          0x00000000   Number         0  deqf.o ABSOLUTE
    ../fplib/dfix.s                          0x00000000   Number         0  dfix.o ABSOLUTE
    ../fplib/dfixu.s                         0x00000000   Number         0  dfixu.o ABSOLUTE
    ../fplib/dflt.s                          0x00000000   Number         0  dflt_clz.o ABSOLUTE
    ../fplib/dgeqf.s                         0x00000000   Number         0  dgeqf.o ABSOLUTE
    ../fplib/dleqf.s                         0x00000000   Number         0  dleqf.o ABSOLUTE
    ../fplib/dmul.s                          0x00000000   Number         0  dmul.o ABSOLUTE
    ../fplib/dnaninf.s                       0x00000000   Number         0  dnaninf.o ABSOLUTE
    ../fplib/dretinf.s                       0x00000000   Number         0  dretinf.o ABSOLUTE
    ../fplib/fpinit.s                        0x00000000   Number         0  fpinit.o ABSOLUTE
    ../fplib/usenofp.s                       0x00000000   Number         0  usenofp.o ABSOLUTE
    STM32CubeMX/Target_1/STM32CubeMX/MDK-ARM/startup_stm32l476xx.s 0x00000000   Number         0  startup_stm32l476xx.o ABSOLUTE
    buzzer.c                                 0x00000000   Number         0  buzzer.o ABSOLUTE
    date.c                                   0x00000000   Number         0  date.o ABSOLUTE
    dc.s                                     0x00000000   Number         0  dc.o ABSOLUTE
    events.c                                 0x00000000   Number         0  events.o ABSOLUTE
    lcd.c                                    0x00000000   Number         0  lcd.o ABSOLUTE
    list.c                                   0x00000000   Number         0  list.o ABSOLUTE
    main.c                                   0x00000000   Number         0  main.o ABSOLUTE
    run.c                                    0x00000000   Number         0  run.o ABSOLUTE
    stm32l4xx_hal.c                          0x00000000   Number         0  stm32l4xx_hal.o ABSOLUTE
    stm32l4xx_hal_cortex.c                   0x00000000   Number         0  stm32l4xx_hal_cortex.o ABSOLUTE
    stm32l4xx_hal_dma.c                      0x00000000   Number         0  stm32l4xx_hal_dma.o ABSOLUTE
    stm32l4xx_hal_dma_ex.c                   0x00000000   Number         0  stm32l4xx_hal_dma_ex.o ABSOLUTE
    stm32l4xx_hal_exti.c                     0x00000000   Number         0  stm32l4xx_hal_exti.o ABSOLUTE
    stm32l4xx_hal_flash.c                    0x00000000   Number         0  stm32l4xx_hal_flash.o ABSOLUTE
    stm32l4xx_hal_flash_ex.c                 0x00000000   Number         0  stm32l4xx_hal_flash_ex.o ABSOLUTE
    stm32l4xx_hal_flash_ramfunc.c            0x00000000   Number         0  stm32l4xx_hal_flash_ramfunc.o ABSOLUTE
    stm32l4xx_hal_gpio.c                     0x00000000   Number         0  stm32l4xx_hal_gpio.o ABSOLUTE
    stm32l4xx_hal_i2c.c                      0x00000000   Number         0  stm32l4xx_hal_i2c.o ABSOLUTE
    stm32l4xx_hal_i2c_ex.c                   0x00000000   Number         0  stm32l4xx_hal_i2c_ex.o ABSOLUTE
    stm32l4xx_hal_msp.c                      0x00000000   Number         0  stm32l4xx_hal_msp.o ABSOLUTE
    stm32l4xx_hal_pwr.c                      0x00000000   Number         0  stm32l4xx_hal_pwr.o ABSOLUTE
    stm32l4xx_hal_pwr_ex.c                   0x00000000   Number         0  stm32l4xx_hal_pwr_ex.o ABSOLUTE
    stm32l4xx_hal_rcc.c                      0x00000000   Number         0  stm32l4xx_hal_rcc.o ABSOLUTE
    stm32l4xx_hal_rcc_ex.c                   0x00000000   Number         0  stm32l4xx_hal_rcc_ex.o ABSOLUTE
    stm32l4xx_hal_tim.c                      0x00000000   Number         0  stm32l4xx_hal_tim.o ABSOLUTE
    stm32l4xx_hal_tim_ex.c                   0x00000000   Number         0  stm32l4xx_hal_tim_ex.o ABSOLUTE
    stm32l4xx_it.c                           0x00000000   Number         0  stm32l4xx_it.o ABSOLUTE
    system_stm32l4xx.c                       0x00000000   Number         0  system_stm32l4xx.o ABSOLUTE
    RESET                                    0x08000000   Section      392  startup_stm32l476xx.o(RESET)
    !!!main                                  0x08000188   Section        8  __main.o(!!!main)
    !!!scatter                               0x08000190   Section       92  __scatter.o(!!!scatter)
    !!dczerorl                               0x080001ec   Section       58  __dczerorl.o(!!dczerorl)
    !!handler_null                           0x08000228   Section        2  __scatter.o(!!handler_null)
    !!handler_zi                             0x0800022c   Section       28  __scatter_zi.o(!!handler_zi)
    .ARM.Collect$$libinit$$00000000          0x08000248   Section        2  libinit.o(.ARM.Collect$$libinit$$00000000)
    .ARM.Collect$$libinit$$00000001          0x0800024a   Section        4  libinit2.o(.ARM.Collect$$libinit$$00000001)
    .ARM.Collect$$libinit$$00000004          0x0800024e   Section        0  libinit2.o(.ARM.Collect$$libinit$$00000004)
    .ARM.Collect$$libinit$$00000006          0x0800024e   Section        0  libinit2.o(.ARM.Collect$$libinit$$00000006)
    .ARM.Collect$$libinit$$00000007          0x0800024e   Section        8  libinit2.o(.ARM.Collect$$libinit$$00000007)
    .ARM.Collect$$libinit$$0000000C          0x08000256   Section        0  libinit2.o(.ARM.Collect$$libinit$$0000000C)
    .ARM.Collect$$libinit$$0000000E          0x08000256   Section        0  libinit2.o(.ARM.Collect$$libinit$$0000000E)
    .ARM.Collect$$libinit$$00000010          0x08000256   Section        0  libinit2.o(.ARM.Collect$$libinit$$00000010)
    .ARM.Collect$$libinit$$00000013          0x08000256   Section        0  libinit2.o(.ARM.Collect$$libinit$$00000013)
    .ARM.Collect$$libinit$$00000015          0x08000256   Section        0  libinit2.o(.ARM.Collect$$libinit$$00000015)
    .ARM.Collect$$libinit$$00000017          0x08000256   Section        0  libinit2.o(.ARM.Collect$$libinit$$00000017)
    .ARM.Collect$$libinit$$00000019          0x08000256   Section        0  libinit2.o(.ARM.Collect$$libinit$$00000019)
    .ARM.Collect$$libinit$$0000001B          0x08000256   Section        0  libinit2.o(.ARM.Collect$$libinit$$0000001B)
    .ARM.Collect$$libinit$$0000001D          0x08000256   Section        0  libinit2.o(.ARM.Collect$$libinit$$0000001D)
    .ARM.Collect$$libinit$$0000001F          0x08000256   Section        0  libinit2.o(.ARM.Collect$$libinit$$0000001F)
    .ARM.Collect$$libinit$$00000021          0x08000256   Section        0  libinit2.o(.ARM.Collect$$libinit$$00000021)
    .ARM.Collect$$libinit$$00000023          0x08000256   Section        0  libinit2.o(.ARM.Collect$$libinit$$00000023)
    .ARM.Collect$$libinit$$00000025          0x08000256   Section        0  libinit2.o(.ARM.Collect$$libinit$$00000025)
    .ARM.Collect$$libinit$$00000027          0x08000256   Section        0  libinit2.o(.ARM.Collect$$libinit$$00000027)
    .ARM.Collect$$libinit$$0000002E          0x08000256   Section        0  libinit2.o(.ARM.Collect$$libinit$$0000002E)
    .ARM.Collect$$libinit$$00000030          0x08000256   Section        0  libinit2.o(.ARM.Collect$$libinit$$00000030)
    .ARM.Collect$$libinit$$00000032          0x08000256   Section        0  libinit2.o(.ARM.Collect$$libinit$$00000032)
    .ARM.Collect$$libinit$$00000034          0x08000256   Section        0  libinit2.o(.ARM.Collect$$libinit$$00000034)
    .ARM.Collect$$libinit$$00000035          0x08000256   Section        2  libinit2.o(.ARM.Collect$$libinit$$00000035)
    .ARM.Collect$$libshutdown$$00000000      0x08000258   Section        2  libshutdown.o(.ARM.Collect$$libshutdown$$00000000)
    .ARM.Collect$$libshutdown$$00000002      0x0800025a   Section        0  libshutdown2.o(.ARM.Collect$$libshutdown$$00000002)
    .ARM.Collect$$libshutdown$$00000004      0x0800025a   Section        0  libshutdown2.o(.ARM.Collect$$libshutdown$$00000004)
    .ARM.Collect$$libshutdown$$00000007      0x0800025a   Section        0  libshutdown2.o(.ARM.Collect$$libshutdown$$00000007)
    .ARM.Collect$$libshutdown$$0000000A      0x0800025a   Section        0  libshutdown2.o(.ARM.Collect$$libshutdown$$0000000A)
    .ARM.Collect$$libshutdown$$0000000C      0x0800025a   Section        0  libshutdown2.o(.ARM.Collect$$libshutdown$$0000000C)
    .ARM.Collect$$libshutdown$$0000000F      0x0800025a   Section        0  libshutdown2.o(.ARM.Collect$$libshutdown$$0000000F)
    .ARM.Collect$$libshutdown$$00000010      0x0800025a   Section        2  libshutdown2.o(.ARM.Collect$$libshutdown$$00000010)
    .ARM.Collect$$rtentry$$00000000          0x0800025c   Section        0  __rtentry.o(.ARM.Collect$$rtentry$$00000000)
    .ARM.Collect$$rtentry$$00000002          0x0800025c   Section        0  __rtentry2.o(.ARM.Collect$$rtentry$$00000002)
    .ARM.Collect$$rtentry$$00000004          0x0800025c   Section        6  __rtentry4.o(.ARM.Collect$$rtentry$$00000004)
    .ARM.Collect$$rtentry$$00000009          0x08000262   Section        0  __rtentry2.o(.ARM.Collect$$rtentry$$00000009)
    .ARM.Collect$$rtentry$$0000000A          0x08000262   Section        4  __rtentry2.o(.ARM.Collect$$rtentry$$0000000A)
    .ARM.Collect$$rtentry$$0000000C          0x08000266   Section        0  __rtentry2.o(.ARM.Collect$$rtentry$$0000000C)
    .ARM.Collect$$rtentry$$0000000D          0x08000266   Section        8  __rtentry2.o(.ARM.Collect$$rtentry$$0000000D)
    .ARM.Collect$$rtexit$$00000000           0x0800026e   Section        2  rtexit.o(.ARM.Collect$$rtexit$$00000000)
    .ARM.Collect$$rtexit$$00000002           0x08000270   Section        0  rtexit2.o(.ARM.Collect$$rtexit$$00000002)
    .ARM.Collect$$rtexit$$00000003           0x08000270   Section        4  rtexit2.o(.ARM.Collect$$rtexit$$00000003)
    .ARM.Collect$$rtexit$$00000004           0x08000274   Section        6  rtexit2.o(.ARM.Collect$$rtexit$$00000004)
    $v0                                      0x0800027c   Number         0  startup_stm32l476xx.o(.text)
    .text                                    0x0800027c   Section       64  startup_stm32l476xx.o(.text)
    .text                                    0x080002bc   Section        0  h1_alloc.o(.text)
    .text                                    0x0800031a   Section        0  h1_free.o(.text)
    .text                                    0x08000368   Section        0  strcpy.o(.text)
    .text                                    0x080003b0   Section      138  rt_memcpy_v6.o(.text)
    .text                                    0x0800043a   Section       78  rt_memclr_w.o(.text)
    .text                                    0x08000488   Section        0  heapauxi.o(.text)
    .text                                    0x08000490   Section        8  rt_heap_descriptor_intlibspace.o(.text)
    .text                                    0x08000498   Section        0  hguard.o(.text)
    .text                                    0x0800049c   Section        0  init_alloc.o(.text)
    .text                                    0x08000526   Section        0  h1_init.o(.text)
    .text                                    0x08000532   Section      100  rt_memcpy_w.o(.text)
    .text                                    0x08000598   Section        8  libspace.o(.text)
    .text                                    0x080005a0   Section        0  maybetermalloc1.o(.text)
    .text                                    0x080005a0   Section        0  h1_extend.o(.text)
    .text                                    0x080005d4   Section        0  defsig_rtmem_outer.o(.text)
    .text                                    0x080005e2   Section        2  use_no_semi.o(.text)
    .text                                    0x080005e4   Section        0  indicate_semi.o(.text)
    .text                                    0x080005e4   Section       74  sys_stackheap_outer.o(.text)
    .text                                    0x0800062e   Section        0  exit.o(.text)
    .text                                    0x08000640   Section        0  defsig_exit.o(.text)
    .text                                    0x0800064c   Section        0  defsig_rtmem_inner.o(.text)
    .text                                    0x0800069c   Section        0  sys_exit.o(.text)
    .text                                    0x080006a8   Section        0  defsig_general.o(.text)
    .text                                    0x080006da   Section        0  sys_wrch.o(.text)
    [Anonymous Symbol]                       0x080006e8   Section        0  buzzer.o(.text.AddFrequency)
    [Anonymous Symbol]                       0x08000704   Section        0  stm32l4xx_it.o(.text.BusFault_Handler)
    [Anonymous Symbol]                       0x08000708   Section        0  buzzer.o(.text.CheckFrequency)
    [Anonymous Symbol]                       0x08000790   Section        0  stm32l4xx_it.o(.text.DebugMon_Handler)
    [Anonymous Symbol]                       0x08000794   Section        0  stm32l4xx_hal.o(.text.HAL_Delay)
    [Anonymous Symbol]                       0x080007bc   Section        0  stm32l4xx_hal_gpio.o(.text.HAL_GPIO_Init)
    [Anonymous Symbol]                       0x08000998   Section        0  stm32l4xx_hal.o(.text.HAL_GetTick)
    [Anonymous Symbol]                       0x080009a4   Section        0  stm32l4xx_hal.o(.text.HAL_IncTick)
    [Anonymous Symbol]                       0x080009c0   Section        0  stm32l4xx_hal.o(.text.HAL_Init)
    [Anonymous Symbol]                       0x080009e0   Section        0  stm32l4xx_hal.o(.text.HAL_InitTick)
    [Anonymous Symbol]                       0x08000a3c   Section        0  stm32l4xx_hal_msp.o(.text.HAL_MspInit)
    [Anonymous Symbol]                       0x08000a70   Section        0  stm32l4xx_hal_cortex.o(.text.HAL_NVIC_SetPriority)
    [Anonymous Symbol]                       0x08000ac8   Section        0  stm32l4xx_hal_cortex.o(.text.HAL_NVIC_SetPriorityGrouping)
    [Anonymous Symbol]                       0x08000ae8   Section        0  stm32l4xx_hal_pwr_ex.o(.text.HAL_PWREx_ControlVoltageScaling)
    [Anonymous Symbol]                       0x08000b74   Section        0  stm32l4xx_hal_pwr_ex.o(.text.HAL_PWREx_GetVoltageRange)
    [Anonymous Symbol]                       0x08000b84   Section        0  stm32l4xx_hal_rcc_ex.o(.text.HAL_RCCEx_EnableMSIPLLMode)
    [Anonymous Symbol]                       0x08000b98   Section        0  stm32l4xx_hal_rcc.o(.text.HAL_RCC_ClockConfig)
    [Anonymous Symbol]                       0x08000dbc   Section        0  stm32l4xx_hal_rcc.o(.text.HAL_RCC_OscConfig)
    [Anonymous Symbol]                       0x08001518   Section        0  stm32l4xx_hal_cortex.o(.text.HAL_SYSTICK_Config)
    [Anonymous Symbol]                       0x08001544   Section        0  stm32l4xx_hal_tim_ex.o(.text.HAL_TIMEx_MasterConfigSynchronization)
    [Anonymous Symbol]                       0x08001604   Section        0  stm32l4xx_hal_tim.o(.text.HAL_TIM_Base_Init)
    [Anonymous Symbol]                       0x08001668   Section        0  stm32l4xx_hal_msp.o(.text.HAL_TIM_Base_MspInit)
    [Anonymous Symbol]                       0x08001694   Section        0  stm32l4xx_hal_tim.o(.text.HAL_TIM_ConfigClockSource)
    [Anonymous Symbol]                       0x08001830   Section        0  stm32l4xx_hal_msp.o(.text.HAL_TIM_MspPostInit)
    [Anonymous Symbol]                       0x08001884   Section        0  stm32l4xx_hal_tim.o(.text.HAL_TIM_PWM_ConfigChannel)
    [Anonymous Symbol]                       0x08001c0c   Section        0  stm32l4xx_hal_tim.o(.text.HAL_TIM_PWM_Init)
    [Anonymous Symbol]                       0x08001c70   Section        0  stm32l4xx_hal_tim.o(.text.HAL_TIM_PWM_MspInit)
    [Anonymous Symbol]                       0x08001c74   Section        0  stm32l4xx_hal_tim.o(.text.HAL_TIM_PWM_Stop)
    [Anonymous Symbol]                       0x08001d40   Section        0  stm32l4xx_it.o(.text.HardFault_Handler)
    [Anonymous Symbol]                       0x08001d44   Section        0  events.o(.text.InitEvents)
    [Anonymous Symbol]                       0x08001dd0   Section        0  buzzer.o(.text.Init_buzzerEXT)
    [Anonymous Symbol]                       0x08001e40   Section        0  lcd.o(.text.LCD_Init)
    [Anonymous Symbol]                       0x08001f30   Section        0  lcd.o(.text.LCD_nibble_write)
    [Anonymous Symbol]                       0x0800211c   Section        0  stm32l4xx_it.o(.text.MemManage_Handler)
    [Anonymous Symbol]                       0x08002120   Section        0  stm32l4xx_it.o(.text.NMI_Handler)
    [Anonymous Symbol]                       0x08002124   Section        0  stm32l4xx_it.o(.text.PendSV_Handler)
    [Anonymous Symbol]                       0x08002128   Section        0  buzzer.o(.text.RemoveFrequency)
    [Anonymous Symbol]                       0x08002148   Section        0  stm32l4xx_it.o(.text.SVC_Handler)
    [Anonymous Symbol]                       0x0800214c   Section        0  lcd.o(.text.Set_CursorPosition)
    [Anonymous Symbol]                       0x08002188   Section        0  stm32l4xx_it.o(.text.SysTick_Handler)
    [Anonymous Symbol]                       0x0800218c   Section        0  main.o(.text.SystemClock_Config)
    [Anonymous Symbol]                       0x08002200   Section        0  system_stm32l4xx.o(.text.SystemInit)
    [Anonymous Symbol]                       0x08002214   Section        0  stm32l4xx_hal_tim.o(.text.TIM_Base_SetConfig)
    [Anonymous Symbol]                       0x0800234c   Section        0  stm32l4xx_it.o(.text.UsageFault_Handler)
    [Anonymous Symbol]                       0x08002350   Section        0  lcd.o(.text.Write_Char_LCD)
    [Anonymous Symbol]                       0x08002400   Section        0  lcd.o(.text.Write_String_LCD)
    [Anonymous Symbol]                       0x08002420   Section        0  lcd.o(.text.Write_String_Sector_LCD)
    [Anonymous Symbol]                       0x080024a8   Section        0  events.o(.text.beforeCharWrite)
    [Anonymous Symbol]                       0x08002580   Section        0  events.o(.text.check)
    [Anonymous Symbol]                       0x080028a0   Section        0  lcd.o(.text.checkLCDWrites)
    [Anonymous Symbol]                       0x08002a70   Section        0  date.o(.text.date)
    [Anonymous Symbol]                       0x08002a98   Section        0  buzzer.o(.text.enable_tim_clocks)
    [Anonymous Symbol]                       0x08002af0   Section        0  date.o(.text.getCurrentMicros)
    [Anonymous Symbol]                       0x08002b90   Section        0  run.o(.text.keyPressCallback)
    [Anonymous Symbol]                       0x08002bcc   Section        0  run.o(.text.keyReleaseCallback)
    [Anonymous Symbol]                       0x08002c08   Section        0  main.o(.text.main)
    [Anonymous Symbol]                       0x08002cfc   Section        0  run.o(.text.numberBoxCallback)
    [Anonymous Symbol]                       0x08002d20   Section        0  events.o(.text.onKeyPadPress)
    [Anonymous Symbol]                       0x08002df0   Section        0  events.o(.text.onKeyPadRelease)
    [Anonymous Symbol]                       0x08002ec0   Section        0  events.o(.text.onSwitchPress)
    [Anonymous Symbol]                       0x08002f90   Section        0  events.o(.text.onSwitchRelease)
    [Anonymous Symbol]                       0x08003060   Section        0  list.o(.text.pushInteger)
    [Anonymous Symbol]                       0x08003150   Section        0  list.o(.text.removeFromIntegers)
    [Anonymous Symbol]                       0x080032dc   Section        0  run.o(.text.run)
    [Anonymous Symbol]                       0x08003388   Section        0  events.o(.text.runBeforeCharWriteCallbacks)
    [Anonymous Symbol]                       0x080033ec   Section        0  events.o(.text.subscribeKeyPad)
    [Anonymous Symbol]                       0x080034ec   Section        0  events.o(.text.subscribeSwitch)
    [Anonymous Symbol]                       0x0800358c   Section        0  run.o(.text.switchPressCallback)
    [Anonymous Symbol]                       0x080035dc   Section        0  run.o(.text.update_SW_Menu)
    $v0                                      0x080037d8   Number         0  daddsub_clz.o(x$fpl$dadd)
    x$fpl$dadd                               0x080037d8   Section      336  daddsub_clz.o(x$fpl$dadd)
    _dadd1                                   0x080037e9   Thumb Code     0  daddsub_clz.o(x$fpl$dadd)
    $v0                                      0x08003928   Number         0  dcmpi.o(x$fpl$dcmpinf)
    x$fpl$dcmpinf                            0x08003928   Section       24  dcmpi.o(x$fpl$dcmpinf)
    $v0                                      0x08003940   Number         0  ddiv.o(x$fpl$ddiv)
    x$fpl$ddiv                               0x08003940   Section      696  ddiv.o(x$fpl$ddiv)
    ddiv_entry                               0x08003947   Thumb Code     0  ddiv.o(x$fpl$ddiv)
    $v0                                      0x08003bf8   Number         0  deqf.o(x$fpl$deqf)
    x$fpl$deqf                               0x08003bf8   Section      120  deqf.o(x$fpl$deqf)
    $v0                                      0x08003c70   Number         0  dfix.o(x$fpl$dfix)
    x$fpl$dfix                               0x08003c70   Section       94  dfix.o(x$fpl$dfix)
    $v0                                      0x08003cce   Number         0  dflt_clz.o(x$fpl$dflt)
    x$fpl$dflt                               0x08003cce   Section       46  dflt_clz.o(x$fpl$dflt)
    $v0                                      0x08003cfc   Number         0  dflt_clz.o(x$fpl$dfltu)
    x$fpl$dfltu                              0x08003cfc   Section       38  dflt_clz.o(x$fpl$dfltu)
    $v0                                      0x08003d24   Number         0  dgeqf.o(x$fpl$dgeqf)
    x$fpl$dgeqf                              0x08003d24   Section      120  dgeqf.o(x$fpl$dgeqf)
    $v0                                      0x08003d9c   Number         0  dleqf.o(x$fpl$dleqf)
    x$fpl$dleqf                              0x08003d9c   Section      120  dleqf.o(x$fpl$dleqf)
    $v0                                      0x08003e14   Number         0  dmul.o(x$fpl$dmul)
    x$fpl$dmul                               0x08003e14   Section      340  dmul.o(x$fpl$dmul)
    $v0                                      0x08003f68   Number         0  dnaninf.o(x$fpl$dnaninf)
    x$fpl$dnaninf                            0x08003f68   Section      156  dnaninf.o(x$fpl$dnaninf)
    $v0                                      0x08004004   Number         0  dretinf.o(x$fpl$dretinf)
    x$fpl$dretinf                            0x08004004   Section       12  dretinf.o(x$fpl$dretinf)
    $v0                                      0x08004010   Number         0  daddsub_clz.o(x$fpl$dsub)
    x$fpl$dsub                               0x08004010   Section      476  daddsub_clz.o(x$fpl$dsub)
    _dsub1                                   0x08004021   Thumb Code     0  daddsub_clz.o(x$fpl$dsub)
    $v0                                      0x080041ec   Number         0  dcmp.o(x$fpl$fcmp)
    x$fpl$fcmp                               0x080041ec   Section       84  dcmp.o(x$fpl$fcmp)
    $v0                                      0x08004240   Number         0  fpinit.o(x$fpl$fpinit)
    x$fpl$fpinit                             0x08004240   Section       26  fpinit.o(x$fpl$fpinit)
    x$fpl$usenofp                            0x0800425a   Section        0  usenofp.o(x$fpl$usenofp)
    .bss                                     0x20000170   Section       96  libspace.o(.bss)
    Heap_Mem                                 0x20000418   Data         512  startup_stm32l476xx.o(HEAP)
    HEAP                                     0x20000418   Section      512  startup_stm32l476xx.o(HEAP)
    Stack_Mem                                0x20000618   Data        1024  startup_stm32l476xx.o(STACK)
    STACK                                    0x20000618   Section     1024  startup_stm32l476xx.o(STACK)
    __initial_sp                             0x20000a18   Data           0  startup_stm32l476xx.o(STACK)

    Global Symbols

    Symbol Name                              Value     Ov Type        Size  Object(Section)

    BuildAttributes$$THM_ISAv4$E$P$D$K$B$S$7EM$VFPi3$EXTD16$VFPS$VFMA$PE$A:L22UL41UL21$X:L11$S22US41US21$IEEE1$IW$~IW$USESV6$~STKCKD$USESV7$~SHL$OTIME$ROPI$EBA8$UX$STANDARDLIB$REQ8$PRES8$EABIv2 0x00000000   Number         0  anon$$obj.o ABSOLUTE
    __ARM_exceptions_init                     - Undefined Weak Reference
    __alloca_initialize                       - Undefined Weak Reference
    __arm_preinit_                            - Undefined Weak Reference
    __arm_relocate_pie_                       - Undefined Weak Reference
    __cpp_initialize__aeabi_                  - Undefined Weak Reference
    __cxa_finalize                            - Undefined Weak Reference
    __rt_locale                               - Undefined Weak Reference
    __sigvec_lookup                           - Undefined Weak Reference
    __user_heap_extent                        - Undefined Weak Reference
    _atexit_init                              - Undefined Weak Reference
    _call_atexit_fns                          - Undefined Weak Reference
    _clock_init                               - Undefined Weak Reference
    _fp_trap_init                             - Undefined Weak Reference
    _fp_trap_shutdown                         - Undefined Weak Reference
    _get_lc_collate                           - Undefined Weak Reference
    _get_lc_ctype                             - Undefined Weak Reference
    _get_lc_monetary                          - Undefined Weak Reference
    _get_lc_numeric                           - Undefined Weak Reference
    _get_lc_time                              - Undefined Weak Reference
    _getenv_init                              - Undefined Weak Reference
    _handle_redirection                       - Undefined Weak Reference
    _initio                                   - Undefined Weak Reference
    _mutex_acquire                            - Undefined Weak Reference
    _mutex_free                               - Undefined Weak Reference
    _mutex_release                            - Undefined Weak Reference
    _rand_init                                - Undefined Weak Reference
    _signal_finish                            - Undefined Weak Reference
    _signal_init                              - Undefined Weak Reference
    _terminateio                              - Undefined Weak Reference
    __Vectors_Size                           0x00000188   Number         0  startup_stm32l476xx.o ABSOLUTE
    __Vectors                                0x08000000   Data           4  startup_stm32l476xx.o(RESET)
    __Vectors_End                            0x08000188   Data           0  startup_stm32l476xx.o(RESET)
    __main                                   0x08000189   Thumb Code     8  __main.o(!!!main)
    __scatterload                            0x08000191   Thumb Code     0  __scatter.o(!!!scatter)
    __scatterload_rt2                        0x08000191   Thumb Code    84  __scatter.o(!!!scatter)
    __scatterload_rt2_thumb_only             0x08000191   Thumb Code     0  __scatter.o(!!!scatter)
    __scatterload_loop                       0x0800019b   Thumb Code     0  __scatter.o(!!!scatter)
    __decompress                             0x080001ed   Thumb Code    58  __dczerorl.o(!!dczerorl)
    __decompress0                            0x080001ed   Thumb Code     0  __dczerorl.o(!!dczerorl)
    __scatterload_null                       0x08000229   Thumb Code     2  __scatter.o(!!handler_null)
    __scatterload_zeroinit                   0x0800022d   Thumb Code    28  __scatter_zi.o(!!handler_zi)
    __rt_lib_init                            0x08000249   Thumb Code     0  libinit.o(.ARM.Collect$$libinit$$00000000)
    __rt_lib_init_fp_1                       0x0800024b   Thumb Code     0  libinit2.o(.ARM.Collect$$libinit$$00000001)
    __rt_lib_init_heap_2                     0x0800024f   Thumb Code     0  libinit2.o(.ARM.Collect$$libinit$$00000007)
    __rt_lib_init_preinit_1                  0x0800024f   Thumb Code     0  libinit2.o(.ARM.Collect$$libinit$$00000006)
    __rt_lib_init_relocate_pie_1             0x0800024f   Thumb Code     0  libinit2.o(.ARM.Collect$$libinit$$00000004)
    __rt_lib_init_alloca_1                   0x08000257   Thumb Code     0  libinit2.o(.ARM.Collect$$libinit$$00000030)
    __rt_lib_init_argv_1                     0x08000257   Thumb Code     0  libinit2.o(.ARM.Collect$$libinit$$0000002E)
    __rt_lib_init_atexit_1                   0x08000257   Thumb Code     0  libinit2.o(.ARM.Collect$$libinit$$0000001D)
    __rt_lib_init_clock_1                    0x08000257   Thumb Code     0  libinit2.o(.ARM.Collect$$libinit$$00000023)
    __rt_lib_init_cpp_1                      0x08000257   Thumb Code     0  libinit2.o(.ARM.Collect$$libinit$$00000034)
    __rt_lib_init_exceptions_1               0x08000257   Thumb Code     0  libinit2.o(.ARM.Collect$$libinit$$00000032)
    __rt_lib_init_fp_trap_1                  0x08000257   Thumb Code     0  libinit2.o(.ARM.Collect$$libinit$$00000021)
    __rt_lib_init_getenv_1                   0x08000257   Thumb Code     0  libinit2.o(.ARM.Collect$$libinit$$00000025)
    __rt_lib_init_heap_1                     0x08000257   Thumb Code     0  libinit2.o(.ARM.Collect$$libinit$$0000000C)
    __rt_lib_init_lc_collate_1               0x08000257   Thumb Code     0  libinit2.o(.ARM.Collect$$libinit$$00000013)
    __rt_lib_init_lc_ctype_1                 0x08000257   Thumb Code     0  libinit2.o(.ARM.Collect$$libinit$$00000015)
    __rt_lib_init_lc_monetary_1              0x08000257   Thumb Code     0  libinit2.o(.ARM.Collect$$libinit$$00000017)
    __rt_lib_init_lc_numeric_1               0x08000257   Thumb Code     0  libinit2.o(.ARM.Collect$$libinit$$00000019)
    __rt_lib_init_lc_time_1                  0x08000257   Thumb Code     0  libinit2.o(.ARM.Collect$$libinit$$0000001B)
    __rt_lib_init_rand_1                     0x08000257   Thumb Code     0  libinit2.o(.ARM.Collect$$libinit$$00000010)
    __rt_lib_init_return                     0x08000257   Thumb Code     0  libinit2.o(.ARM.Collect$$libinit$$00000035)
    __rt_lib_init_signal_1                   0x08000257   Thumb Code     0  libinit2.o(.ARM.Collect$$libinit$$0000001F)
    __rt_lib_init_stdio_1                    0x08000257   Thumb Code     0  libinit2.o(.ARM.Collect$$libinit$$00000027)
    __rt_lib_init_user_alloc_1               0x08000257   Thumb Code     0  libinit2.o(.ARM.Collect$$libinit$$0000000E)
    __rt_lib_shutdown                        0x08000259   Thumb Code     0  libshutdown.o(.ARM.Collect$$libshutdown$$00000000)
    __rt_lib_shutdown_cpp_1                  0x0800025b   Thumb Code     0  libshutdown2.o(.ARM.Collect$$libshutdown$$00000002)
    __rt_lib_shutdown_fp_trap_1              0x0800025b   Thumb Code     0  libshutdown2.o(.ARM.Collect$$libshutdown$$00000007)
    __rt_lib_shutdown_heap_1                 0x0800025b   Thumb Code     0  libshutdown2.o(.ARM.Collect$$libshutdown$$0000000F)
    __rt_lib_shutdown_return                 0x0800025b   Thumb Code     0  libshutdown2.o(.ARM.Collect$$libshutdown$$00000010)
    __rt_lib_shutdown_signal_1               0x0800025b   Thumb Code     0  libshutdown2.o(.ARM.Collect$$libshutdown$$0000000A)
    __rt_lib_shutdown_stdio_1                0x0800025b   Thumb Code     0  libshutdown2.o(.ARM.Collect$$libshutdown$$00000004)
    __rt_lib_shutdown_user_alloc_1           0x0800025b   Thumb Code     0  libshutdown2.o(.ARM.Collect$$libshutdown$$0000000C)
    __rt_entry                               0x0800025d   Thumb Code     0  __rtentry.o(.ARM.Collect$$rtentry$$00000000)
    __rt_entry_presh_1                       0x0800025d   Thumb Code     0  __rtentry2.o(.ARM.Collect$$rtentry$$00000002)
    __rt_entry_sh                            0x0800025d   Thumb Code     0  __rtentry4.o(.ARM.Collect$$rtentry$$00000004)
    __rt_entry_li                            0x08000263   Thumb Code     0  __rtentry2.o(.ARM.Collect$$rtentry$$0000000A)
    __rt_entry_postsh_1                      0x08000263   Thumb Code     0  __rtentry2.o(.ARM.Collect$$rtentry$$00000009)
    __rt_entry_main                          0x08000267   Thumb Code     0  __rtentry2.o(.ARM.Collect$$rtentry$$0000000D)
    __rt_entry_postli_1                      0x08000267   Thumb Code     0  __rtentry2.o(.ARM.Collect$$rtentry$$0000000C)
    __rt_exit                                0x0800026f   Thumb Code     0  rtexit.o(.ARM.Collect$$rtexit$$00000000)
    __rt_exit_ls                             0x08000271   Thumb Code     0  rtexit2.o(.ARM.Collect$$rtexit$$00000003)
    __rt_exit_prels_1                        0x08000271   Thumb Code     0  rtexit2.o(.ARM.Collect$$rtexit$$00000002)
    __rt_exit_exit                           0x08000275   Thumb Code     0  rtexit2.o(.ARM.Collect$$rtexit$$00000004)
    Reset_Handler                            0x0800027d   Thumb Code     8  startup_stm32l476xx.o(.text)
    ADC1_2_IRQHandler                        0x08000297   Thumb Code     0  startup_stm32l476xx.o(.text)
    ADC3_IRQHandler                          0x08000297   Thumb Code     0  startup_stm32l476xx.o(.text)
    CAN1_RX0_IRQHandler                      0x08000297   Thumb Code     0  startup_stm32l476xx.o(.text)
    CAN1_RX1_IRQHandler                      0x08000297   Thumb Code     0  startup_stm32l476xx.o(.text)
    CAN1_SCE_IRQHandler                      0x08000297   Thumb Code     0  startup_stm32l476xx.o(.text)
    CAN1_TX_IRQHandler                       0x08000297   Thumb Code     0  startup_stm32l476xx.o(.text)
    COMP_IRQHandler                          0x08000297   Thumb Code     0  startup_stm32l476xx.o(.text)
    DFSDM1_FLT0_IRQHandler                   0x08000297   Thumb Code     0  startup_stm32l476xx.o(.text)
    DFSDM1_FLT1_IRQHandler                   0x08000297   Thumb Code     0  startup_stm32l476xx.o(.text)
    DFSDM1_FLT2_IRQHandler                   0x08000297   Thumb Code     0  startup_stm32l476xx.o(.text)
    DFSDM1_FLT3_IRQHandler                   0x08000297   Thumb Code     0  startup_stm32l476xx.o(.text)
    DMA1_Channel1_IRQHandler                 0x08000297   Thumb Code     0  startup_stm32l476xx.o(.text)
    DMA1_Channel2_IRQHandler                 0x08000297   Thumb Code     0  startup_stm32l476xx.o(.text)
    DMA1_Channel3_IRQHandler                 0x08000297   Thumb Code     0  startup_stm32l476xx.o(.text)
    DMA1_Channel4_IRQHandler                 0x08000297   Thumb Code     0  startup_stm32l476xx.o(.text)
    DMA1_Channel5_IRQHandler                 0x08000297   Thumb Code     0  startup_stm32l476xx.o(.text)
    DMA1_Channel6_IRQHandler                 0x08000297   Thumb Code     0  startup_stm32l476xx.o(.text)
    DMA1_Channel7_IRQHandler                 0x08000297   Thumb Code     0  startup_stm32l476xx.o(.text)
    DMA2_Channel1_IRQHandler                 0x08000297   Thumb Code     0  startup_stm32l476xx.o(.text)
    DMA2_Channel2_IRQHandler                 0x08000297   Thumb Code     0  startup_stm32l476xx.o(.text)
    DMA2_Channel3_IRQHandler                 0x08000297   Thumb Code     0  startup_stm32l476xx.o(.text)
    DMA2_Channel4_IRQHandler                 0x08000297   Thumb Code     0  startup_stm32l476xx.o(.text)
    DMA2_Channel5_IRQHandler                 0x08000297   Thumb Code     0  startup_stm32l476xx.o(.text)
    DMA2_Channel6_IRQHandler                 0x08000297   Thumb Code     0  startup_stm32l476xx.o(.text)
    DMA2_Channel7_IRQHandler                 0x08000297   Thumb Code     0  startup_stm32l476xx.o(.text)
    EXTI0_IRQHandler                         0x08000297   Thumb Code     0  startup_stm32l476xx.o(.text)
    EXTI15_10_IRQHandler                     0x08000297   Thumb Code     0  startup_stm32l476xx.o(.text)
    EXTI1_IRQHandler                         0x08000297   Thumb Code     0  startup_stm32l476xx.o(.text)
    EXTI2_IRQHandler                         0x08000297   Thumb Code     0  startup_stm32l476xx.o(.text)
    EXTI3_IRQHandler                         0x08000297   Thumb Code     0  startup_stm32l476xx.o(.text)
    EXTI4_IRQHandler                         0x08000297   Thumb Code     0  startup_stm32l476xx.o(.text)
    EXTI9_5_IRQHandler                       0x08000297   Thumb Code     0  startup_stm32l476xx.o(.text)
    FLASH_IRQHandler                         0x08000297   Thumb Code     0  startup_stm32l476xx.o(.text)
    FMC_IRQHandler                           0x08000297   Thumb Code     0  startup_stm32l476xx.o(.text)
    FPU_IRQHandler                           0x08000297   Thumb Code     0  startup_stm32l476xx.o(.text)
    I2C1_ER_IRQHandler                       0x08000297   Thumb Code     0  startup_stm32l476xx.o(.text)
    I2C1_EV_IRQHandler                       0x08000297   Thumb Code     0  startup_stm32l476xx.o(.text)
    I2C2_ER_IRQHandler                       0x08000297   Thumb Code     0  startup_stm32l476xx.o(.text)
    I2C2_EV_IRQHandler                       0x08000297   Thumb Code     0  startup_stm32l476xx.o(.text)
    I2C3_ER_IRQHandler                       0x08000297   Thumb Code     0  startup_stm32l476xx.o(.text)
    I2C3_EV_IRQHandler                       0x08000297   Thumb Code     0  startup_stm32l476xx.o(.text)
    LCD_IRQHandler                           0x08000297   Thumb Code     0  startup_stm32l476xx.o(.text)
    LPTIM1_IRQHandler                        0x08000297   Thumb Code     0  startup_stm32l476xx.o(.text)
    LPTIM2_IRQHandler                        0x08000297   Thumb Code     0  startup_stm32l476xx.o(.text)
    LPUART1_IRQHandler                       0x08000297   Thumb Code     0  startup_stm32l476xx.o(.text)
    OTG_FS_IRQHandler                        0x08000297   Thumb Code     0  startup_stm32l476xx.o(.text)
    PVD_PVM_IRQHandler                       0x08000297   Thumb Code     0  startup_stm32l476xx.o(.text)
    QUADSPI_IRQHandler                       0x08000297   Thumb Code     0  startup_stm32l476xx.o(.text)
    RCC_IRQHandler                           0x08000297   Thumb Code     0  startup_stm32l476xx.o(.text)
    RNG_IRQHandler                           0x08000297   Thumb Code     0  startup_stm32l476xx.o(.text)
    RTC_Alarm_IRQHandler                     0x08000297   Thumb Code     0  startup_stm32l476xx.o(.text)
    RTC_WKUP_IRQHandler                      0x08000297   Thumb Code     0  startup_stm32l476xx.o(.text)
    SAI1_IRQHandler                          0x08000297   Thumb Code     0  startup_stm32l476xx.o(.text)
    SAI2_IRQHandler                          0x08000297   Thumb Code     0  startup_stm32l476xx.o(.text)
    SDMMC1_IRQHandler                        0x08000297   Thumb Code     0  startup_stm32l476xx.o(.text)
    SPI1_IRQHandler                          0x08000297   Thumb Code     0  startup_stm32l476xx.o(.text)
    SPI2_IRQHandler                          0x08000297   Thumb Code     0  startup_stm32l476xx.o(.text)
    SPI3_IRQHandler                          0x08000297   Thumb Code     0  startup_stm32l476xx.o(.text)
    SWPMI1_IRQHandler                        0x08000297   Thumb Code     0  startup_stm32l476xx.o(.text)
    TAMP_STAMP_IRQHandler                    0x08000297   Thumb Code     0  startup_stm32l476xx.o(.text)
    TIM1_BRK_TIM15_IRQHandler                0x08000297   Thumb Code     0  startup_stm32l476xx.o(.text)
    TIM1_CC_IRQHandler                       0x08000297   Thumb Code     0  startup_stm32l476xx.o(.text)
    TIM1_TRG_COM_TIM17_IRQHandler            0x08000297   Thumb Code     0  startup_stm32l476xx.o(.text)
    TIM1_UP_TIM16_IRQHandler                 0x08000297   Thumb Code     0  startup_stm32l476xx.o(.text)
    TIM2_IRQHandler                          0x08000297   Thumb Code     0  startup_stm32l476xx.o(.text)
    TIM3_IRQHandler                          0x08000297   Thumb Code     0  startup_stm32l476xx.o(.text)
    TIM4_IRQHandler                          0x08000297   Thumb Code     0  startup_stm32l476xx.o(.text)
    TIM5_IRQHandler                          0x08000297   Thumb Code     0  startup_stm32l476xx.o(.text)
    TIM6_DAC_IRQHandler                      0x08000297   Thumb Code     0  startup_stm32l476xx.o(.text)
    TIM7_IRQHandler                          0x08000297   Thumb Code     0  startup_stm32l476xx.o(.text)
    TIM8_BRK_IRQHandler                      0x08000297   Thumb Code     0  startup_stm32l476xx.o(.text)
    TIM8_CC_IRQHandler                       0x08000297   Thumb Code     0  startup_stm32l476xx.o(.text)
    TIM8_TRG_COM_IRQHandler                  0x08000297   Thumb Code     0  startup_stm32l476xx.o(.text)
    TIM8_UP_IRQHandler                       0x08000297   Thumb Code     0  startup_stm32l476xx.o(.text)
    TSC_IRQHandler                           0x08000297   Thumb Code     0  startup_stm32l476xx.o(.text)
    UART4_IRQHandler                         0x08000297   Thumb Code     0  startup_stm32l476xx.o(.text)
    UART5_IRQHandler                         0x08000297   Thumb Code     0  startup_stm32l476xx.o(.text)
    USART1_IRQHandler                        0x08000297   Thumb Code     0  startup_stm32l476xx.o(.text)
    USART2_IRQHandler                        0x08000297   Thumb Code     0  startup_stm32l476xx.o(.text)
    USART3_IRQHandler                        0x08000297   Thumb Code     0  startup_stm32l476xx.o(.text)
    WWDG_IRQHandler                          0x08000297   Thumb Code     0  startup_stm32l476xx.o(.text)
    __user_initial_stackheap                 0x08000299   Thumb Code     0  startup_stm32l476xx.o(.text)
    malloc                                   0x080002bd   Thumb Code    94  h1_alloc.o(.text)
    free                                     0x0800031b   Thumb Code    78  h1_free.o(.text)
    strcpy                                   0x08000369   Thumb Code    72  strcpy.o(.text)
    __aeabi_memcpy                           0x080003b1   Thumb Code     0  rt_memcpy_v6.o(.text)
    __rt_memcpy                              0x080003b1   Thumb Code   138  rt_memcpy_v6.o(.text)
    _memcpy_lastbytes                        0x08000417   Thumb Code     0  rt_memcpy_v6.o(.text)
    __aeabi_memclr4                          0x0800043b   Thumb Code     0  rt_memclr_w.o(.text)
    __aeabi_memclr8                          0x0800043b   Thumb Code     0  rt_memclr_w.o(.text)
    __rt_memclr_w                            0x0800043b   Thumb Code     0  rt_memclr_w.o(.text)
    _memset_w                                0x0800043f   Thumb Code    74  rt_memclr_w.o(.text)
    __use_two_region_memory                  0x08000489   Thumb Code     2  heapauxi.o(.text)
    __rt_heap_escrow                         0x0800048b   Thumb Code     2  heapauxi.o(.text)
    __rt_heap_expand                         0x0800048d   Thumb Code     2  heapauxi.o(.text)
    __rt_heap_descriptor                     0x08000491   Thumb Code     8  rt_heap_descriptor_intlibspace.o(.text)
    __use_no_heap                            0x08000499   Thumb Code     2  hguard.o(.text)
    __heap$guard                             0x0800049b   Thumb Code     2  hguard.o(.text)
    _terminate_user_alloc                    0x0800049d   Thumb Code     2  init_alloc.o(.text)
    _init_user_alloc                         0x0800049f   Thumb Code     2  init_alloc.o(.text)
    __Heap_Full                              0x080004a1   Thumb Code    34  init_alloc.o(.text)
    __Heap_Broken                            0x080004c3   Thumb Code     6  init_alloc.o(.text)
    _init_alloc                              0x080004c9   Thumb Code    94  init_alloc.o(.text)
    __Heap_Initialize                        0x08000527   Thumb Code     8  h1_init.o(.text)
    __Heap_DescSize                          0x0800052f   Thumb Code     4  h1_init.o(.text)
    __aeabi_memcpy4                          0x08000533   Thumb Code     0  rt_memcpy_w.o(.text)
    __aeabi_memcpy8                          0x08000533   Thumb Code     0  rt_memcpy_w.o(.text)
    __rt_memcpy_w                            0x08000533   Thumb Code   100  rt_memcpy_w.o(.text)
    _memcpy_lastbytes_aligned                0x0800057b   Thumb Code     0  rt_memcpy_w.o(.text)
    __user_libspace                          0x08000599   Thumb Code     8  libspace.o(.text)
    __user_perproc_libspace                  0x08000599   Thumb Code     0  libspace.o(.text)
    __user_perthread_libspace                0x08000599   Thumb Code     0  libspace.o(.text)
    __Heap_ProvideMemory                     0x080005a1   Thumb Code    52  h1_extend.o(.text)
    _maybe_terminate_alloc                   0x080005a1   Thumb Code     0  maybetermalloc1.o(.text)
    __rt_SIGRTMEM                            0x080005d5   Thumb Code    14  defsig_rtmem_outer.o(.text)
    __I$use$semihosting                      0x080005e3   Thumb Code     0  use_no_semi.o(.text)
    __use_no_semihosting_swi                 0x080005e3   Thumb Code     2  use_no_semi.o(.text)
    __semihosting_library_function           0x080005e5   Thumb Code     0  indicate_semi.o(.text)
    __user_setup_stackheap                   0x080005e5   Thumb Code    74  sys_stackheap_outer.o(.text)
    exit                                     0x0800062f   Thumb Code    18  exit.o(.text)
    __sig_exit                               0x08000641   Thumb Code    10  defsig_exit.o(.text)
    __rt_SIGRTMEM_inner                      0x0800064d   Thumb Code    22  defsig_rtmem_inner.o(.text)
    _sys_exit                                0x0800069d   Thumb Code     8  sys_exit.o(.text)
    __default_signal_display                 0x080006a9   Thumb Code    50  defsig_general.o(.text)
    _ttywrch                                 0x080006db   Thumb Code    14  sys_wrch.o(.text)
    AddFrequency                             0x080006e9   Thumb Code    28  buzzer.o(.text.AddFrequency)
    BusFault_Handler                         0x08000705   Thumb Code     2  stm32l4xx_it.o(.text.BusFault_Handler)
    CheckFrequency                           0x08000709   Thumb Code   136  buzzer.o(.text.CheckFrequency)
    DebugMon_Handler                         0x08000791   Thumb Code     2  stm32l4xx_it.o(.text.DebugMon_Handler)
    HAL_Delay                                0x08000795   Thumb Code    40  stm32l4xx_hal.o(.text.HAL_Delay)
    HAL_GPIO_Init                            0x080007bd   Thumb Code   470  stm32l4xx_hal_gpio.o(.text.HAL_GPIO_Init)
    HAL_GetTick                              0x08000999   Thumb Code    12  stm32l4xx_hal.o(.text.HAL_GetTick)
    HAL_IncTick                              0x080009a5   Thumb Code    26  stm32l4xx_hal.o(.text.HAL_IncTick)
    HAL_Init                                 0x080009c1   Thumb Code    30  stm32l4xx_hal.o(.text.HAL_Init)
    HAL_InitTick                             0x080009e1   Thumb Code    90  stm32l4xx_hal.o(.text.HAL_InitTick)
    HAL_MspInit                              0x08000a3d   Thumb Code    50  stm32l4xx_hal_msp.o(.text.HAL_MspInit)
    HAL_NVIC_SetPriority                     0x08000a71   Thumb Code    86  stm32l4xx_hal_cortex.o(.text.HAL_NVIC_SetPriority)
    HAL_NVIC_SetPriorityGrouping             0x08000ac9   Thumb Code    32  stm32l4xx_hal_cortex.o(.text.HAL_NVIC_SetPriorityGrouping)
    HAL_PWREx_ControlVoltageScaling          0x08000ae9   Thumb Code   140  stm32l4xx_hal_pwr_ex.o(.text.HAL_PWREx_ControlVoltageScaling)
    HAL_PWREx_GetVoltageRange                0x08000b75   Thumb Code    16  stm32l4xx_hal_pwr_ex.o(.text.HAL_PWREx_GetVoltageRange)
    HAL_RCCEx_EnableMSIPLLMode               0x08000b85   Thumb Code    18  stm32l4xx_hal_rcc_ex.o(.text.HAL_RCCEx_EnableMSIPLLMode)
    HAL_RCC_ClockConfig                      0x08000b99   Thumb Code   548  stm32l4xx_hal_rcc.o(.text.HAL_RCC_ClockConfig)
    HAL_RCC_OscConfig                        0x08000dbd   Thumb Code  1882  stm32l4xx_hal_rcc.o(.text.HAL_RCC_OscConfig)
    HAL_SYSTICK_Config                       0x08001519   Thumb Code    44  stm32l4xx_hal_cortex.o(.text.HAL_SYSTICK_Config)
    HAL_TIMEx_MasterConfigSynchronization    0x08001545   Thumb Code   192  stm32l4xx_hal_tim_ex.o(.text.HAL_TIMEx_MasterConfigSynchronization)
    HAL_TIM_Base_Init                        0x08001605   Thumb Code    98  stm32l4xx_hal_tim.o(.text.HAL_TIM_Base_Init)
    HAL_TIM_Base_MspInit                     0x08001669   Thumb Code    42  stm32l4xx_hal_msp.o(.text.HAL_TIM_Base_MspInit)
    HAL_TIM_ConfigClockSource                0x08001695   Thumb Code   410  stm32l4xx_hal_tim.o(.text.HAL_TIM_ConfigClockSource)
    HAL_TIM_MspPostInit                      0x08001831   Thumb Code    82  stm32l4xx_hal_msp.o(.text.HAL_TIM_MspPostInit)
    HAL_TIM_PWM_ConfigChannel                0x08001885   Thumb Code   902  stm32l4xx_hal_tim.o(.text.HAL_TIM_PWM_ConfigChannel)
    HAL_TIM_PWM_Init                         0x08001c0d   Thumb Code    98  stm32l4xx_hal_tim.o(.text.HAL_TIM_PWM_Init)
    HAL_TIM_PWM_MspInit                      0x08001c71   Thumb Code     2  stm32l4xx_hal_tim.o(.text.HAL_TIM_PWM_MspInit)
    HAL_TIM_PWM_Stop                         0x08001c75   Thumb Code   202  stm32l4xx_hal_tim.o(.text.HAL_TIM_PWM_Stop)
    HardFault_Handler                        0x08001d41   Thumb Code     2  stm32l4xx_it.o(.text.HardFault_Handler)
    InitEvents                               0x08001d45   Thumb Code   140  events.o(.text.InitEvents)
    Init_buzzerEXT                           0x08001dd1   Thumb Code   110  buzzer.o(.text.Init_buzzerEXT)
    LCD_Init                                 0x08001e41   Thumb Code   238  lcd.o(.text.LCD_Init)
    LCD_nibble_write                         0x08001f31   Thumb Code   486  lcd.o(.text.LCD_nibble_write)
    MemManage_Handler                        0x0800211d   Thumb Code     2  stm32l4xx_it.o(.text.MemManage_Handler)
    NMI_Handler                              0x08002121   Thumb Code     2  stm32l4xx_it.o(.text.NMI_Handler)
    PendSV_Handler                           0x08002125   Thumb Code     2  stm32l4xx_it.o(.text.PendSV_Handler)
    RemoveFrequency                          0x08002129   Thumb Code    30  buzzer.o(.text.RemoveFrequency)
    SVC_Handler                              0x08002149   Thumb Code     2  stm32l4xx_it.o(.text.SVC_Handler)
    Set_CursorPosition                       0x0800214d   Thumb Code    60  lcd.o(.text.Set_CursorPosition)
    SysTick_Handler                          0x08002189   Thumb Code     4  stm32l4xx_it.o(.text.SysTick_Handler)
    SystemClock_Config                       0x0800218d   Thumb Code   114  main.o(.text.SystemClock_Config)
    SystemInit                               0x08002201   Thumb Code    18  system_stm32l4xx.o(.text.SystemInit)
    TIM_Base_SetConfig                       0x08002215   Thumb Code   310  stm32l4xx_hal_tim.o(.text.TIM_Base_SetConfig)
    UsageFault_Handler                       0x0800234d   Thumb Code     2  stm32l4xx_it.o(.text.UsageFault_Handler)
    Write_Char_LCD                           0x08002351   Thumb Code   174  lcd.o(.text.Write_Char_LCD)
    Write_String_LCD                         0x08002401   Thumb Code    32  lcd.o(.text.Write_String_LCD)
    Write_String_Sector_LCD                  0x08002421   Thumb Code   134  lcd.o(.text.Write_String_Sector_LCD)
    beforeCharWrite                          0x080024a9   Thumb Code   210  events.o(.text.beforeCharWrite)
    check                                    0x08002581   Thumb Code   784  events.o(.text.check)
    checkLCDWrites                           0x080028a1   Thumb Code   448  lcd.o(.text.checkLCDWrites)
    date                                     0x08002a71   Thumb Code    32  date.o(.text.date)
    enable_tim_clocks                        0x08002a99   Thumb Code    86  buzzer.o(.text.enable_tim_clocks)
    getCurrentMicros                         0x08002af1   Thumb Code   152  date.o(.text.getCurrentMicros)
    keyPressCallback                         0x08002b91   Thumb Code    60  run.o(.text.keyPressCallback)
    keyReleaseCallback                       0x08002bcd   Thumb Code    60  run.o(.text.keyReleaseCallback)
    main                                     0x08002c09   Thumb Code   244  main.o(.text.main)
    numberBoxCallback                        0x08002cfd   Thumb Code    36  run.o(.text.numberBoxCallback)
    onKeyPadPress                            0x08002d21   Thumb Code   208  events.o(.text.onKeyPadPress)
    onKeyPadRelease                          0x08002df1   Thumb Code   208  events.o(.text.onKeyPadRelease)
    onSwitchPress                            0x08002ec1   Thumb Code   208  events.o(.text.onSwitchPress)
    onSwitchRelease                          0x08002f91   Thumb Code   208  events.o(.text.onSwitchRelease)
    pushInteger                              0x08003061   Thumb Code   238  list.o(.text.pushInteger)
    removeFromIntegers                       0x08003151   Thumb Code   396  list.o(.text.removeFromIntegers)
    run                                      0x080032dd   Thumb Code   164  run.o(.text.run)
    runBeforeCharWriteCallbacks              0x08003389   Thumb Code   100  events.o(.text.runBeforeCharWriteCallbacks)
    subscribeKeyPad                          0x080033ed   Thumb Code   254  events.o(.text.subscribeKeyPad)
    subscribeSwitch                          0x080034ed   Thumb Code   160  events.o(.text.subscribeSwitch)
    switchPressCallback                      0x0800358d   Thumb Code    78  run.o(.text.switchPressCallback)
    update_SW_Menu                           0x080035dd   Thumb Code   506  run.o(.text.update_SW_Menu)
    __aeabi_dadd                             0x080037d9   Thumb Code     0  daddsub_clz.o(x$fpl$dadd)
    _dadd                                    0x080037d9   Thumb Code   332  daddsub_clz.o(x$fpl$dadd)
    __fpl_dcmp_Inf                           0x08003929   Thumb Code    24  dcmpi.o(x$fpl$dcmpinf)
    __aeabi_ddiv                             0x08003941   Thumb Code     0  ddiv.o(x$fpl$ddiv)
    _ddiv                                    0x08003941   Thumb Code   560  ddiv.o(x$fpl$ddiv)
    __aeabi_cdcmpeq                          0x08003bf9   Thumb Code     0  deqf.o(x$fpl$deqf)
    _dcmpeq                                  0x08003bf9   Thumb Code   120  deqf.o(x$fpl$deqf)
    __aeabi_d2iz                             0x08003c71   Thumb Code     0  dfix.o(x$fpl$dfix)
    _dfix                                    0x08003c71   Thumb Code    94  dfix.o(x$fpl$dfix)
    __aeabi_i2d                              0x08003ccf   Thumb Code     0  dflt_clz.o(x$fpl$dflt)
    _dflt                                    0x08003ccf   Thumb Code    46  dflt_clz.o(x$fpl$dflt)
    __aeabi_ui2d                             0x08003cfd   Thumb Code     0  dflt_clz.o(x$fpl$dfltu)
    _dfltu                                   0x08003cfd   Thumb Code    38  dflt_clz.o(x$fpl$dfltu)
    __aeabi_cdcmpge                          0x08003d25   Thumb Code     0  dgeqf.o(x$fpl$dgeqf)
    _dcmpge                                  0x08003d25   Thumb Code   120  dgeqf.o(x$fpl$dgeqf)
    __aeabi_cdcmple                          0x08003d9d   Thumb Code     0  dleqf.o(x$fpl$dleqf)
    _dcmple                                  0x08003d9d   Thumb Code   120  dleqf.o(x$fpl$dleqf)
    __fpl_dcmple_InfNaN                      0x08003dff   Thumb Code     0  dleqf.o(x$fpl$dleqf)
    __aeabi_dmul                             0x08003e15   Thumb Code     0  dmul.o(x$fpl$dmul)
    _dmul                                    0x08003e15   Thumb Code   332  dmul.o(x$fpl$dmul)
    __fpl_dnaninf                            0x08003f69   Thumb Code   156  dnaninf.o(x$fpl$dnaninf)
    __fpl_dretinf                            0x08004005   Thumb Code    12  dretinf.o(x$fpl$dretinf)
    __aeabi_dsub                             0x08004011   Thumb Code     0  daddsub_clz.o(x$fpl$dsub)
    _dsub                                    0x08004011   Thumb Code   472  daddsub_clz.o(x$fpl$dsub)
    __aeabi_dcmpeq                           0x080041ed   Thumb Code     0  dcmp.o(x$fpl$fcmp)
    _deq                                     0x080041ed   Thumb Code    14  dcmp.o(x$fpl$fcmp)
    _dneq                                    0x080041fb   Thumb Code    14  dcmp.o(x$fpl$fcmp)
    __aeabi_dcmpgt                           0x08004209   Thumb Code     0  dcmp.o(x$fpl$fcmp)
    _dgr                                     0x08004209   Thumb Code    14  dcmp.o(x$fpl$fcmp)
    __aeabi_dcmpge                           0x08004217   Thumb Code     0  dcmp.o(x$fpl$fcmp)
    _dgeq                                    0x08004217   Thumb Code    14  dcmp.o(x$fpl$fcmp)
    __aeabi_dcmple                           0x08004225   Thumb Code     0  dcmp.o(x$fpl$fcmp)
    _dleq                                    0x08004225   Thumb Code    14  dcmp.o(x$fpl$fcmp)
    __aeabi_dcmplt                           0x08004233   Thumb Code     0  dcmp.o(x$fpl$fcmp)
    _dls                                     0x08004233   Thumb Code    14  dcmp.o(x$fpl$fcmp)
    _fp_init                                 0x08004241   Thumb Code    26  fpinit.o(x$fpl$fpinit)
    __fplib_config_fpu_vfp                   0x08004259   Thumb Code     0  fpinit.o(x$fpl$fpinit)
    __fplib_config_pureend_doubles           0x08004259   Thumb Code     0  fpinit.o(x$fpl$fpinit)
    AHBPrescTable                            0x0800425a   Data          16  system_stm32l4xx.o(.rodata.AHBPrescTable)
    __I$use$fp                               0x0800425a   Number         0  usenofp.o(x$fpl$usenofp)
    MSIRangeTable                            0x0800426c   Data          48  system_stm32l4xx.o(.rodata.MSIRangeTable)
    Region$$Table$$Base                      0x0800429c   Number         0  anon$$obj.o(Region$$Table)
    Region$$Table$$Limit                     0x080042bc   Number         0  anon$$obj.o(Region$$Table)
    Frequencies                              0x20000000   Data         192  run.o(.data.Frequencies)
    KEYPAD_MATRIX                            0x200000c0   Data          16  events.o(.data.KEYPAD_MATRIX)
    SWITCH_ARRAY                             0x200000d0   Data           4  events.o(.data.SWITCH_ARRAY)
    SystemCoreClock                          0x200000d4   Data           4  system_stm32l4xx.o(.data.SystemCoreClock)
    lastSwitchTime                           0x200000d8   Data           4  buzzer.o(.data.lastSwitchTime)
    maskLCD                                  0x200000dc   Data           1  lcd.o(.data.maskLCD)
    setFreq                                  0x200000e0   Data           4  run.o(.data.setFreq)
    timers                                   0x200000e8   Data         128  buzzer.o(.data.timers)
    uwTickFreq                               0x20000168   Data           1  stm32l4xx_hal.o(.data.uwTickFreq)
    uwTickPrio                               0x2000016c   Data           4  stm32l4xx_hal.o(.data.uwTickPrio)
    __libspace_start                         0x20000170   Data          96  libspace.o(.bss)
    Events                                   0x200001d0   Data          88  events.o(.bss.Events)
    __temporary_stack_top$libspace           0x200001d0   Data           0  libspace.o(.bss)
    cacheLCD                                 0x20000228   Data          35  lcd.o(.bss.cacheLCD)
    currentFrequency                         0x2000024c   Data          16  buzzer.o(.bss.currentFrequency)
    currentWrite                             0x2000025c   Data           1  lcd.o(.bss.currentWrite)
    delayLCD                                 0x2000025d   Data           1  lcd.o(.bss.delayLCD)
    frequency_list                           0x20000260   Data           4  buzzer.o(.bss.frequency_list)
    htim2                                    0x20000264   Data          76  main.o(.bss.htim2)
    htimEXT                                  0x200002b0   Data         304  buzzer.o(.bss.htimEXT)
    lastDateFrequency                        0x200003e0   Data           8  buzzer.o(.bss.lastDateFrequency)
    lastDateLCD                              0x200003e8   Data           8  lcd.o(.bss.lastDateLCD)
    modeCycle                                0x200003f0   Data           4  run.o(.bss.modeCycle)
    presetIndex                              0x200003f4   Data           1  run.o(.bss.presetIndex)
    sr_writes                                0x200003f8   Data           4  lcd.o(.bss.sr_writes)
    sr_writeslength                          0x200003fc   Data           4  lcd.o(.bss.sr_writeslength)
    switch_Menu                              0x20000400   Data          16  run.o(.bss.switch_Menu)
    uwTick                                   0x20000410   Data           4  stm32l4xx_hal.o(.bss.uwTick)
    writingInstruction                       0x20000414   Data           1  lcd.o(.bss.writingInstruction)



==============================================================================

Memory Map of the image

  Image Entry point : 0x0800027d

  Load Region LR_1 (Base: 0x08000000, Size: 0x00004430, Max: 0xffffffff, ABSOLUTE, COMPRESSED[0x00004388])

    Execution Region ER_RO (Exec base: 0x08000000, Load base: 0x08000000, Size: 0x000042bc, Max: 0xffffffff, ABSOLUTE)

    Exec Addr    Load Addr    Size         Type   Attr      Idx    E Section Name        Object

    0x08000000   0x08000000   0x00000188   Data   RO          247    RESET               startup_stm32l476xx.o
    0x08000188   0x08000188   0x00000008   Code   RO         1163  * !!!main             c_w.l(__main.o)
    0x08000190   0x08000190   0x0000005c   Code   RO         1415    !!!scatter          c_w.l(__scatter.o)
    0x080001ec   0x080001ec   0x0000003a   Code   RO         1413    !!dczerorl          c_w.l(__dczerorl.o)
    0x08000226   0x08000226   0x00000002   PAD
    0x08000228   0x08000228   0x00000002   Code   RO         1416    !!handler_null      c_w.l(__scatter.o)
    0x0800022a   0x0800022a   0x00000002   PAD
    0x0800022c   0x0800022c   0x0000001c   Code   RO         1419    !!handler_zi        c_w.l(__scatter_zi.o)
    0x08000248   0x08000248   0x00000002   Code   RO         1348    .ARM.Collect$$libinit$$00000000  c_w.l(libinit.o)
    0x0800024a   0x0800024a   0x00000004   Code   RO         1223    .ARM.Collect$$libinit$$00000001  c_w.l(libinit2.o)
    0x0800024e   0x0800024e   0x00000000   Code   RO         1226    .ARM.Collect$$libinit$$00000004  c_w.l(libinit2.o)
    0x0800024e   0x0800024e   0x00000000   Code   RO         1228    .ARM.Collect$$libinit$$00000006  c_w.l(libinit2.o)
    0x0800024e   0x0800024e   0x00000008   Code   RO         1229    .ARM.Collect$$libinit$$00000007  c_w.l(libinit2.o)
    0x08000256   0x08000256   0x00000000   Code   RO         1231    .ARM.Collect$$libinit$$0000000C  c_w.l(libinit2.o)
    0x08000256   0x08000256   0x00000000   Code   RO         1233    .ARM.Collect$$libinit$$0000000E  c_w.l(libinit2.o)
    0x08000256   0x08000256   0x00000000   Code   RO         1235    .ARM.Collect$$libinit$$00000010  c_w.l(libinit2.o)
    0x08000256   0x08000256   0x00000000   Code   RO         1238    .ARM.Collect$$libinit$$00000013  c_w.l(libinit2.o)
    0x08000256   0x08000256   0x00000000   Code   RO         1240    .ARM.Collect$$libinit$$00000015  c_w.l(libinit2.o)
    0x08000256   0x08000256   0x00000000   Code   RO         1242    .ARM.Collect$$libinit$$00000017  c_w.l(libinit2.o)
    0x08000256   0x08000256   0x00000000   Code   RO         1244    .ARM.Collect$$libinit$$00000019  c_w.l(libinit2.o)
    0x08000256   0x08000256   0x00000000   Code   RO         1246    .ARM.Collect$$libinit$$0000001B  c_w.l(libinit2.o)
    0x08000256   0x08000256   0x00000000   Code   RO         1248    .ARM.Collect$$libinit$$0000001D  c_w.l(libinit2.o)
    0x08000256   0x08000256   0x00000000   Code   RO         1250    .ARM.Collect$$libinit$$0000001F  c_w.l(libinit2.o)
    0x08000256   0x08000256   0x00000000   Code   RO         1252    .ARM.Collect$$libinit$$00000021  c_w.l(libinit2.o)
    0x08000256   0x08000256   0x00000000   Code   RO         1254    .ARM.Collect$$libinit$$00000023  c_w.l(libinit2.o)
    0x08000256   0x08000256   0x00000000   Code   RO         1256    .ARM.Collect$$libinit$$00000025  c_w.l(libinit2.o)
    0x08000256   0x08000256   0x00000000   Code   RO         1258    .ARM.Collect$$libinit$$00000027  c_w.l(libinit2.o)
    0x08000256   0x08000256   0x00000000   Code   RO         1262    .ARM.Collect$$libinit$$0000002E  c_w.l(libinit2.o)
    0x08000256   0x08000256   0x00000000   Code   RO         1264    .ARM.Collect$$libinit$$00000030  c_w.l(libinit2.o)
    0x08000256   0x08000256   0x00000000   Code   RO         1266    .ARM.Collect$$libinit$$00000032  c_w.l(libinit2.o)
    0x08000256   0x08000256   0x00000000   Code   RO         1268    .ARM.Collect$$libinit$$00000034  c_w.l(libinit2.o)
    0x08000256   0x08000256   0x00000002   Code   RO         1269    .ARM.Collect$$libinit$$00000035  c_w.l(libinit2.o)
    0x08000258   0x08000258   0x00000002   Code   RO         1410    .ARM.Collect$$libshutdown$$00000000  c_w.l(libshutdown.o)
    0x0800025a   0x0800025a   0x00000000   Code   RO         1364    .ARM.Collect$$libshutdown$$00000002  c_w.l(libshutdown2.o)
    0x0800025a   0x0800025a   0x00000000   Code   RO         1366    .ARM.Collect$$libshutdown$$00000004  c_w.l(libshutdown2.o)
    0x0800025a   0x0800025a   0x00000000   Code   RO         1369    .ARM.Collect$$libshutdown$$00000007  c_w.l(libshutdown2.o)
    0x0800025a   0x0800025a   0x00000000   Code   RO         1372    .ARM.Collect$$libshutdown$$0000000A  c_w.l(libshutdown2.o)
    0x0800025a   0x0800025a   0x00000000   Code   RO         1374    .ARM.Collect$$libshutdown$$0000000C  c_w.l(libshutdown2.o)
    0x0800025a   0x0800025a   0x00000000   Code   RO         1377    .ARM.Collect$$libshutdown$$0000000F  c_w.l(libshutdown2.o)
    0x0800025a   0x0800025a   0x00000002   Code   RO         1378    .ARM.Collect$$libshutdown$$00000010  c_w.l(libshutdown2.o)
    0x0800025c   0x0800025c   0x00000000   Code   RO         1195    .ARM.Collect$$rtentry$$00000000  c_w.l(__rtentry.o)
    0x0800025c   0x0800025c   0x00000000   Code   RO         1289    .ARM.Collect$$rtentry$$00000002  c_w.l(__rtentry2.o)
    0x0800025c   0x0800025c   0x00000006   Code   RO         1301    .ARM.Collect$$rtentry$$00000004  c_w.l(__rtentry4.o)
    0x08000262   0x08000262   0x00000000   Code   RO         1291    .ARM.Collect$$rtentry$$00000009  c_w.l(__rtentry2.o)
    0x08000262   0x08000262   0x00000004   Code   RO         1292    .ARM.Collect$$rtentry$$0000000A  c_w.l(__rtentry2.o)
    0x08000266   0x08000266   0x00000000   Code   RO         1294    .ARM.Collect$$rtentry$$0000000C  c_w.l(__rtentry2.o)
    0x08000266   0x08000266   0x00000008   Code   RO         1295    .ARM.Collect$$rtentry$$0000000D  c_w.l(__rtentry2.o)
    0x0800026e   0x0800026e   0x00000002   Code   RO         1353    .ARM.Collect$$rtexit$$00000000  c_w.l(rtexit.o)
    0x08000270   0x08000270   0x00000000   Code   RO         1384    .ARM.Collect$$rtexit$$00000002  c_w.l(rtexit2.o)
    0x08000270   0x08000270   0x00000004   Code   RO         1385    .ARM.Collect$$rtexit$$00000003  c_w.l(rtexit2.o)
    0x08000274   0x08000274   0x00000006   Code   RO         1386    .ARM.Collect$$rtexit$$00000004  c_w.l(rtexit2.o)
    0x0800027a   0x0800027a   0x00000002   PAD
    0x0800027c   0x0800027c   0x00000040   Code   RO          248  * .text               startup_stm32l476xx.o
    0x080002bc   0x080002bc   0x0000005e   Code   RO         1097    .text               c_w.l(h1_alloc.o)
    0x0800031a   0x0800031a   0x0000004e   Code   RO         1099    .text               c_w.l(h1_free.o)
    0x08000368   0x08000368   0x00000048   Code   RO         1155    .text               c_w.l(strcpy.o)
    0x080003b0   0x080003b0   0x0000008a   Code   RO         1157    .text               c_w.l(rt_memcpy_v6.o)
    0x0800043a   0x0800043a   0x0000004e   Code   RO         1159    .text               c_w.l(rt_memclr_w.o)
    0x08000488   0x08000488   0x00000006   Code   RO         1161    .text               c_w.l(heapauxi.o)
    0x0800048e   0x0800048e   0x00000002   PAD
    0x08000490   0x08000490   0x00000008   Code   RO         1199    .text               c_w.l(rt_heap_descriptor_intlibspace.o)
    0x08000498   0x08000498   0x00000004   Code   RO         1201    .text               c_w.l(hguard.o)
    0x0800049c   0x0800049c   0x0000008a   Code   RO         1203    .text               c_w.l(init_alloc.o)
    0x08000526   0x08000526   0x0000000c   Code   RO         1207    .text               c_w.l(h1_init.o)
    0x08000532   0x08000532   0x00000064   Code   RO         1219    .text               c_w.l(rt_memcpy_w.o)
    0x08000596   0x08000596   0x00000002   PAD
    0x08000598   0x08000598   0x00000008   Code   RO         1285    .text               c_w.l(libspace.o)
    0x080005a0   0x080005a0   0x00000000   Code   RO         1305    .text               c_w.l(maybetermalloc1.o)
    0x080005a0   0x080005a0   0x00000034   Code   RO         1307    .text               c_w.l(h1_extend.o)
    0x080005d4   0x080005d4   0x0000000e   Code   RO         1311    .text               c_w.l(defsig_rtmem_outer.o)
    0x080005e2   0x080005e2   0x00000002   Code   RO         1324    .text               c_w.l(use_no_semi.o)
    0x080005e4   0x080005e4   0x00000000   Code   RO         1326    .text               c_w.l(indicate_semi.o)
    0x080005e4   0x080005e4   0x0000004a   Code   RO         1327    .text               c_w.l(sys_stackheap_outer.o)
    0x0800062e   0x0800062e   0x00000012   Code   RO         1333    .text               c_w.l(exit.o)
    0x08000640   0x08000640   0x0000000a   Code   RO         1335    .text               c_w.l(defsig_exit.o)
    0x0800064a   0x0800064a   0x00000002   PAD
    0x0800064c   0x0800064c   0x00000050   Code   RO         1337    .text               c_w.l(defsig_rtmem_inner.o)
    0x0800069c   0x0800069c   0x0000000c   Code   RO         1349    .text               c_w.l(sys_exit.o)
    0x080006a8   0x080006a8   0x00000032   Code   RO         1361    .text               c_w.l(defsig_general.o)
    0x080006da   0x080006da   0x0000000e   Code   RO         1379    .text               c_w.l(sys_wrch.o)
    0x080006e8   0x080006e8   0x0000001c   Code   RO            6    .text.AddFrequency  buzzer.o
    0x08000704   0x08000704   0x00000002   Code   RO          211    .text.BusFault_Handler  stm32l4xx_it.o
    0x08000706   0x08000706   0x00000002   PAD
    0x08000708   0x08000708   0x00000088   Code   RO           10    .text.CheckFrequency  buzzer.o
    0x08000790   0x08000790   0x00000002   Code   RO          217    .text.DebugMon_Handler  stm32l4xx_it.o
    0x08000792   0x08000792   0x00000002   PAD
    0x08000794   0x08000794   0x00000028   Code   RO          616    .text.HAL_Delay     stm32l4xx_hal.o
    0x080007bc   0x080007bc   0x000001dc   Code   RO          827    .text.HAL_GPIO_Init  stm32l4xx_hal_gpio.o
    0x08000998   0x08000998   0x0000000c   Code   RO          608    .text.HAL_GetTick   stm32l4xx_hal.o
    0x080009a4   0x080009a4   0x0000001a   Code   RO          606    .text.HAL_IncTick   stm32l4xx_hal.o
    0x080009be   0x080009be   0x00000002   PAD
    0x080009c0   0x080009c0   0x0000001e   Code   RO          596    .text.HAL_Init      stm32l4xx_hal.o
    0x080009de   0x080009de   0x00000002   PAD
    0x080009e0   0x080009e0   0x0000005a   Code   RO          598    .text.HAL_InitTick  stm32l4xx_hal.o
    0x08000a3a   0x08000a3a   0x00000002   PAD
    0x08000a3c   0x08000a3c   0x00000032   Code   RO          230    .text.HAL_MspInit   stm32l4xx_hal_msp.o
    0x08000a6e   0x08000a6e   0x00000002   PAD
    0x08000a70   0x08000a70   0x00000056   Code   RO         1018    .text.HAL_NVIC_SetPriority  stm32l4xx_hal_cortex.o
    0x08000ac6   0x08000ac6   0x00000002   PAD
    0x08000ac8   0x08000ac8   0x00000020   Code   RO         1016    .text.HAL_NVIC_SetPriorityGrouping  stm32l4xx_hal_cortex.o
    0x08000ae8   0x08000ae8   0x0000008c   Code   RO          928    .text.HAL_PWREx_ControlVoltageScaling  stm32l4xx_hal_pwr_ex.o
    0x08000b74   0x08000b74   0x00000010   Code   RO          926    .text.HAL_PWREx_GetVoltageRange  stm32l4xx_hal_pwr_ex.o
    0x08000b84   0x08000b84   0x00000012   Code   RO          751    .text.HAL_RCCEx_EnableMSIPLLMode  stm32l4xx_hal_rcc_ex.o
    0x08000b96   0x08000b96   0x00000002   PAD
    0x08000b98   0x08000b98   0x00000224   Code   RO          683    .text.HAL_RCC_ClockConfig  stm32l4xx_hal_rcc.o
    0x08000dbc   0x08000dbc   0x0000075a   Code   RO          679    .text.HAL_RCC_OscConfig  stm32l4xx_hal_rcc.o
    0x08001516   0x08001516   0x00000002   PAD
    0x08001518   0x08001518   0x0000002c   Code   RO         1028    .text.HAL_SYSTICK_Config  stm32l4xx_hal_cortex.o
    0x08001544   0x08001544   0x000000c0   Code   RO          566    .text.HAL_TIMEx_MasterConfigSynchronization  stm32l4xx_hal_tim_ex.o
    0x08001604   0x08001604   0x00000062   Code   RO          271    .text.HAL_TIM_Base_Init  stm32l4xx_hal_tim.o
    0x08001666   0x08001666   0x00000002   PAD
    0x08001668   0x08001668   0x0000002a   Code   RO          232    .text.HAL_TIM_Base_MspInit  stm32l4xx_hal_msp.o
    0x08001692   0x08001692   0x00000002   PAD
    0x08001694   0x08001694   0x0000019a   Code   RO          451    .text.HAL_TIM_ConfigClockSource  stm32l4xx_hal_tim.o
    0x0800182e   0x0800182e   0x00000002   PAD
    0x08001830   0x08001830   0x00000052   Code   RO          234    .text.HAL_TIM_MspPostInit  stm32l4xx_hal_msp.o
    0x08001882   0x08001882   0x00000002   PAD
    0x08001884   0x08001884   0x00000386   Code   RO          425    .text.HAL_TIM_PWM_ConfigChannel  stm32l4xx_hal_tim.o
    0x08001c0a   0x08001c0a   0x00000002   PAD
    0x08001c0c   0x08001c0c   0x00000062   Code   RO          325    .text.HAL_TIM_PWM_Init  stm32l4xx_hal_tim.o
    0x08001c6e   0x08001c6e   0x00000002   PAD
    0x08001c70   0x08001c70   0x00000002   Code   RO          327    .text.HAL_TIM_PWM_MspInit  stm32l4xx_hal_tim.o
    0x08001c72   0x08001c72   0x00000002   PAD
    0x08001c74   0x08001c74   0x000000ca   Code   RO          335    .text.HAL_TIM_PWM_Stop  stm32l4xx_hal_tim.o
    0x08001d3e   0x08001d3e   0x00000002   PAD
    0x08001d40   0x08001d40   0x00000002   Code   RO          207    .text.HardFault_Handler  stm32l4xx_it.o
    0x08001d42   0x08001d42   0x00000002   PAD
    0x08001d44   0x08001d44   0x0000008c   Code   RO           65    .text.InitEvents    events.o
    0x08001dd0   0x08001dd0   0x0000006e   Code   RO            4    .text.Init_buzzerEXT  buzzer.o
    0x08001e3e   0x08001e3e   0x00000002   PAD
    0x08001e40   0x08001e40   0x000000ee   Code   RO          109    .text.LCD_Init      lcd.o
    0x08001f2e   0x08001f2e   0x00000002   PAD
    0x08001f30   0x08001f30   0x000001ec   Code   RO           97    .text.LCD_nibble_write  lcd.o
    0x0800211c   0x0800211c   0x00000002   Code   RO          209    .text.MemManage_Handler  stm32l4xx_it.o
    0x0800211e   0x0800211e   0x00000002   PAD
    0x08002120   0x08002120   0x00000002   Code   RO          205    .text.NMI_Handler   stm32l4xx_it.o
    0x08002122   0x08002122   0x00000002   PAD
    0x08002124   0x08002124   0x00000002   Code   RO          219    .text.PendSV_Handler  stm32l4xx_it.o
    0x08002126   0x08002126   0x00000002   PAD
    0x08002128   0x08002128   0x0000001e   Code   RO            8    .text.RemoveFrequency  buzzer.o
    0x08002146   0x08002146   0x00000002   PAD
    0x08002148   0x08002148   0x00000002   Code   RO          215    .text.SVC_Handler   stm32l4xx_it.o
    0x0800214a   0x0800214a   0x00000002   PAD
    0x0800214c   0x0800214c   0x0000003c   Code   RO           85    .text.Set_CursorPosition  lcd.o
    0x08002188   0x08002188   0x00000004   Code   RO          221    .text.SysTick_Handler  stm32l4xx_it.o
    0x0800218c   0x0800218c   0x00000072   Code   RO          191    .text.SystemClock_Config  main.o
    0x080021fe   0x080021fe   0x00000002   PAD
    0x08002200   0x08002200   0x00000012   Code   RO          255    .text.SystemInit    system_stm32l4xx.o
    0x08002212   0x08002212   0x00000002   PAD
    0x08002214   0x08002214   0x00000136   Code   RO          275    .text.TIM_Base_SetConfig  stm32l4xx_hal_tim.o
    0x0800234a   0x0800234a   0x00000002   PAD
    0x0800234c   0x0800234c   0x00000002   Code   RO          213    .text.UsageFault_Handler  stm32l4xx_it.o
    0x0800234e   0x0800234e   0x00000002   PAD
    0x08002350   0x08002350   0x000000ae   Code   RO           99    .text.Write_Char_LCD  lcd.o
    0x080023fe   0x080023fe   0x00000002   PAD
    0x08002400   0x08002400   0x00000020   Code   RO          101    .text.Write_String_LCD  lcd.o
    0x08002420   0x08002420   0x00000086   Code   RO          111    .text.Write_String_Sector_LCD  lcd.o
    0x080024a6   0x080024a6   0x00000002   PAD
    0x080024a8   0x080024a8   0x000000d2   Code   RO           57    .text.beforeCharWrite  events.o
    0x0800257a   0x0800257a   0x00000006   PAD
    0x08002580   0x08002580   0x0000031e   Code   RO           67    .text.check         events.o
    0x0800289e   0x0800289e   0x00000002   PAD
    0x080028a0   0x080028a0   0x000001ce   Code   RO           95    .text.checkLCDWrites  lcd.o
    0x08002a6e   0x08002a6e   0x00000002   PAD
    0x08002a70   0x08002a70   0x00000028   Code   RO           31    .text.date          date.o
    0x08002a98   0x08002a98   0x00000056   Code   RO            2    .text.enable_tim_clocks  buzzer.o
    0x08002aee   0x08002aee   0x00000002   PAD
    0x08002af0   0x08002af0   0x000000a0   Code   RO           29    .text.getCurrentMicros  date.o
    0x08002b90   0x08002b90   0x0000003c   Code   RO          167    .text.keyPressCallback  run.o
    0x08002bcc   0x08002bcc   0x0000003c   Code   RO          169    .text.keyReleaseCallback  run.o
    0x08002c08   0x08002c08   0x000000f4   Code   RO          189    .text.main          main.o
    0x08002cfc   0x08002cfc   0x00000024   Code   RO          165    .text.numberBoxCallback  run.o
    0x08002d20   0x08002d20   0x000000d0   Code   RO           47    .text.onKeyPadPress  events.o
    0x08002df0   0x08002df0   0x000000d0   Code   RO           51    .text.onKeyPadRelease  events.o
    0x08002ec0   0x08002ec0   0x000000d0   Code   RO           55    .text.onSwitchPress  events.o
    0x08002f90   0x08002f90   0x000000d0   Code   RO           53    .text.onSwitchRelease  events.o
    0x08003060   0x08003060   0x000000ee   Code   RO          131    .text.pushInteger   list.o
    0x0800314e   0x0800314e   0x00000002   PAD
    0x08003150   0x08003150   0x0000018c   Code   RO          135    .text.removeFromIntegers  list.o
    0x080032dc   0x080032dc   0x000000ac   Code   RO          173    .text.run           run.o
    0x08003388   0x08003388   0x00000064   Code   RO           59    .text.runBeforeCharWriteCallbacks  events.o
    0x080033ec   0x080033ec   0x000000fe   Code   RO           43    .text.subscribeKeyPad  events.o
    0x080034ea   0x080034ea   0x00000002   PAD
    0x080034ec   0x080034ec   0x000000a0   Code   RO           45    .text.subscribeSwitch  events.o
    0x0800358c   0x0800358c   0x0000004e   Code   RO          171    .text.switchPressCallback  run.o
    0x080035da   0x080035da   0x00000002   PAD
    0x080035dc   0x080035dc   0x000001fa   Code   RO          163    .text.update_SW_Menu  run.o
    0x080037d6   0x080037d6   0x00000002   PAD
    0x080037d8   0x080037d8   0x00000150   Code   RO         1165    x$fpl$dadd          fz_wm.l(daddsub_clz.o)
    0x08003928   0x08003928   0x00000018   Code   RO         1320    x$fpl$dcmpinf       fz_wm.l(dcmpi.o)
    0x08003940   0x08003940   0x000002b8   Code   RO         1174    x$fpl$ddiv          fz_wm.l(ddiv.o)
    0x08003bf8   0x08003bf8   0x00000078   Code   RO         1270    x$fpl$deqf          fz_wm.l(deqf.o)
    0x08003c70   0x08003c70   0x0000005e   Code   RO         1177    x$fpl$dfix          fz_wm.l(dfix.o)
    0x08003cce   0x08003cce   0x0000002e   Code   RO         1186    x$fpl$dflt          fz_wm.l(dflt_clz.o)
    0x08003cfc   0x08003cfc   0x00000026   Code   RO         1185    x$fpl$dfltu         fz_wm.l(dflt_clz.o)
    0x08003d22   0x08003d22   0x00000002   PAD
    0x08003d24   0x08003d24   0x00000078   Code   RO         1272    x$fpl$dgeqf         fz_wm.l(dgeqf.o)
    0x08003d9c   0x08003d9c   0x00000078   Code   RO         1274    x$fpl$dleqf         fz_wm.l(dleqf.o)
    0x08003e14   0x08003e14   0x00000154   Code   RO         1191    x$fpl$dmul          fz_wm.l(dmul.o)
    0x08003f68   0x08003f68   0x0000009c   Code   RO         1276    x$fpl$dnaninf       fz_wm.l(dnaninf.o)
    0x08004004   0x08004004   0x0000000c   Code   RO         1278    x$fpl$dretinf       fz_wm.l(dretinf.o)
    0x08004010   0x08004010   0x000001dc   Code   RO         1167    x$fpl$dsub          fz_wm.l(daddsub_clz.o)
    0x080041ec   0x080041ec   0x00000054   Code   RO         1171    x$fpl$fcmp          fz_wm.l(dcmp.o)
    0x08004240   0x08004240   0x0000001a   Code   RO         1322    x$fpl$fpinit        fz_wm.l(fpinit.o)
    0x0800425a   0x0800425a   0x00000000   Code   RO         1280    x$fpl$usenofp       fz_wm.l(usenofp.o)
    0x0800425a   0x0800425a   0x00000010   Data   RO          260    .rodata.AHBPrescTable  system_stm32l4xx.o
    0x0800426a   0x0800426a   0x00000002   PAD
    0x0800426c   0x0800426c   0x00000030   Data   RO          262    .rodata.MSIRangeTable  system_stm32l4xx.o
    0x0800429c   0x0800429c   0x00000020   Data   RO         1412    Region$$Table       anon$$obj.o


    Execution Region ER_RW (Exec base: 0x20000000, Load base: 0x080042c0, Size: 0x00000170, Max: 0xffffffff, ABSOLUTE, COMPRESSED[0x000000c8])

    Exec Addr    Load Addr    Size         Type   Attr      Idx    E Section Name        Object

    0x20000000   COMPRESSED   0x000000c0   Data   RW          178    .data.Frequencies   run.o
    0x200000c0   COMPRESSED   0x00000010   Data   RW           69    .data.KEYPAD_MATRIX  events.o
    0x200000d0   COMPRESSED   0x00000004   Data   RW           70    .data.SWITCH_ARRAY  events.o
    0x200000d4   COMPRESSED   0x00000004   Data   RW          259    .data.SystemCoreClock  system_stm32l4xx.o
    0x200000d8   COMPRESSED   0x00000004   Data   RW           20    .data.lastSwitchTime  buzzer.o
    0x200000dc   COMPRESSED   0x00000001   Data   RW          113    .data.maskLCD       lcd.o
    0x200000dd   COMPRESSED   0x00000003   PAD
    0x200000e0   COMPRESSED   0x00000004   Data   RW          180    .data.setFreq       run.o
    0x200000e4   COMPRESSED   0x00000004   PAD
    0x200000e8   COMPRESSED   0x00000080   Data   RW           15    .data.timers        buzzer.o
    0x20000168   COMPRESSED   0x00000001   Data   RW          667    .data.uwTickFreq    stm32l4xx_hal.o
    0x20000169   COMPRESSED   0x00000003   PAD
    0x2000016c   COMPRESSED   0x00000004   Data   RW          666    .data.uwTickPrio    stm32l4xx_hal.o


    Execution Region ER_ZI (Exec base: 0x20000170, Load base: 0x08004388, Size: 0x000008a8, Max: 0xffffffff, ABSOLUTE)

    Exec Addr    Load Addr    Size         Type   Attr      Idx    E Section Name        Object

    0x20000170        -       0x00000060   Zero   RW         1286    .bss                c_w.l(libspace.o)
    0x200001d0        -       0x00000058   Zero   RW           74    .bss.Events         events.o
    0x20000228        -       0x00000023   Zero   RW          115    .bss.cacheLCD       lcd.o
    0x2000024b   0x08004388   0x00000001   PAD
    0x2000024c        -       0x00000010   Zero   RW           19    .bss.currentFrequency  buzzer.o
    0x2000025c        -       0x00000001   Zero   RW          118    .bss.currentWrite   lcd.o
    0x2000025d        -       0x00000001   Zero   RW          114    .bss.delayLCD       lcd.o
    0x2000025e   0x08004388   0x00000002   PAD
    0x20000260        -       0x00000004   Zero   RW           16    .bss.frequency_list  buzzer.o
    0x20000264        -       0x0000004c   Zero   RW          195    .bss.htim2          main.o
    0x200002b0        -       0x00000130   Zero   RW           14    .bss.htimEXT        buzzer.o
    0x200003e0        -       0x00000008   Zero   RW           17    .bss.lastDateFrequency  buzzer.o
    0x200003e8        -       0x00000008   Zero   RW          120    .bss.lastDateLCD    lcd.o
    0x200003f0        -       0x00000004   Zero   RW          175    .bss.modeCycle      run.o
    0x200003f4        -       0x00000001   Zero   RW          176    .bss.presetIndex    run.o
    0x200003f5   0x08004388   0x00000003   PAD
    0x200003f8        -       0x00000004   Zero   RW          116    .bss.sr_writes      lcd.o
    0x200003fc        -       0x00000004   Zero   RW          117    .bss.sr_writeslength  lcd.o
    0x20000400        -       0x00000010   Zero   RW          177    .bss.switch_Menu    run.o
    0x20000410        -       0x00000004   Zero   RW          668    .bss.uwTick         stm32l4xx_hal.o
    0x20000414        -       0x00000001   Zero   RW          119    .bss.writingInstruction  lcd.o
    0x20000415   0x08004388   0x00000003   PAD
    0x20000418        -       0x00000200   Zero   RW          246    HEAP                startup_stm32l476xx.o
    0x20000618        -       0x00000400   Zero   RW          245    STACK               startup_stm32l476xx.o


==============================================================================

Image component sizes


      Code (inc. data)   RO Data    RW Data    ZI Data      Debug   Object Name

       390          0          0        132        332       8840   buzzer.o
       200         16          0          0          0       1332   date.o
      2494          8          0         20         88      15913   events.o
      1592          8          0          1         54      10695   lcd.o
       634          0          0          0          0       8237   list.o
       358          0          0          0         76       8137   main.o
       912          8          0        196         21       5717   run.o
        64         26        392          0       1536        964   startup_stm32l476xx.o
       198          0          0          5          4       9028   stm32l4xx_hal.o
       162          0          0          0          0      10896   stm32l4xx_hal_cortex.o
       476          0          0          0          0       5440   stm32l4xx_hal_gpio.o
       174          0          0          0          0       5794   stm32l4xx_hal_msp.o
       156          0          0          0          0       9773   stm32l4xx_hal_pwr_ex.o
      2430          0          0          0          0      11939   stm32l4xx_hal_rcc.o
        18          0          0          0          0      13832   stm32l4xx_hal_rcc_ex.o
      2022         18          0          0          0      60891   stm32l4xx_hal_tim.o
       192          0          0          0          0      23382   stm32l4xx_hal_tim_ex.o
        20          0          0          0          0       1258   stm32l4xx_it.o
        18          0         64          4          0       3177   system_stm32l4xx.o

    ----------------------------------------------------------------------
     12592         84        490        368       2120     215245   Object Totals
         0          0         32          0          0          0   (incl. Generated)
        82          0          2         10          9          0   (incl. Padding)

    ----------------------------------------------------------------------

      Code (inc. data)   RO Data    RW Data    ZI Data      Debug   Library Member Name

        58          0          0          0          0          0   __dczerorl.o
         8          0          0          0          0         68   __main.o
         0          0          0          0          0          0   __rtentry.o
        12          0          0          0          0          0   __rtentry2.o
         6          0          0          0          0          0   __rtentry4.o
        94          8          0          0          0          0   __scatter.o
        28          0          0          0          0          0   __scatter_zi.o
        10          0          0          0          0         68   defsig_exit.o
        50          0          0          0          0         88   defsig_general.o
        80         58          0          0          0         76   defsig_rtmem_inner.o
        14          0          0          0          0         80   defsig_rtmem_outer.o
        18          0          0          0          0         80   exit.o
        94          0          0          0          0         80   h1_alloc.o
        52          0          0          0          0         68   h1_extend.o
        78          0          0          0          0         80   h1_free.o
        12          0          0          0          0         84   h1_init.o
         6          0          0          0          0        152   heapauxi.o
         4          0          0          0          0        136   hguard.o
         0          0          0          0          0          0   indicate_semi.o
       138          0          0          0          0        168   init_alloc.o
         2          0          0          0          0          0   libinit.o
        14          0          0          0          0          0   libinit2.o
         2          0          0          0          0          0   libshutdown.o
         2          0          0          0          0          0   libshutdown2.o
         8          4          0          0         96         68   libspace.o
         0          0          0          0          0          0   maybetermalloc1.o
         8          4          0          0          0         68   rt_heap_descriptor_intlibspace.o
        78          0          0          0          0         80   rt_memclr_w.o
       138          0          0          0          0         68   rt_memcpy_v6.o
       100          0          0          0          0         80   rt_memcpy_w.o
         2          0          0          0          0          0   rtexit.o
        10          0          0          0          0          0   rtexit2.o
        72          0          0          0          0         80   strcpy.o
        12          4          0          0          0         68   sys_exit.o
        74          0          0          0          0         80   sys_stackheap_outer.o
        14          0          0          0          0         76   sys_wrch.o
         2          0          0          0          0         68   use_no_semi.o
       812         16          0          0          0        392   daddsub_clz.o
        84          0          0          0          0        244   dcmp.o
        24          0          0          0          0        116   dcmpi.o
       696        140          0          0          0        264   ddiv.o
       120          4          0          0          0        140   deqf.o
        94          4          0          0          0        140   dfix.o
        84          0          0          0          0        232   dflt_clz.o
       120          4          0          0          0        140   dgeqf.o
       120          4          0          0          0        140   dleqf.o
       340         12          0          0          0        152   dmul.o
       156          4          0          0          0        140   dnaninf.o
        12          0          0          0          0        116   dretinf.o
        26          0          0          0          0        116   fpinit.o
         0          0          0          0          0          0   usenofp.o

    ----------------------------------------------------------------------
      4002        266          0          0         96       4296   Library Totals
        14          0          0          0          0          0   (incl. Padding)

    ----------------------------------------------------------------------

      Code (inc. data)   RO Data    RW Data    ZI Data      Debug   Library Name

      1300         78          0          0         96       1964   c_w.l
      2688        188          0          0          0       2332   fz_wm.l

    ----------------------------------------------------------------------
      4002        266          0          0         96       4296   Library Totals

    ----------------------------------------------------------------------

==============================================================================


      Code (inc. data)   RO Data    RW Data    ZI Data      Debug   

     16594        350        490        368       2216     216829   Grand Totals
     16594        350        490        200       2216     216829   ELF Image Totals (compressed)
     16594        350        490        200          0          0   ROM Totals

==============================================================================

    Total RO  Size (Code + RO Data)                17084 (  16.68kB)
    Total RW  Size (RW Data + ZI Data)              2584 (   2.52kB)
    Total ROM Size (Code + RO Data + RW Data)      17284 (  16.88kB)

==============================================================================

