Component: Arm Compiler for Embedded 6.22 Tool: armlink [5ee90200]

==============================================================================

Section Cross References

    events.o(.ARM.exidx.text.Delay) refers to events.o(.text.Delay) for [Anonymous Symbol]
    events.o(.text.subscribeKeyPad) refers to events.o(.bss.Events) for Events
    events.o(.text.subscribeKeyPad) refers to events.o(.rodata.keyPadIB2) for keyPadIB2
    events.o(.text.subscribeKeyPad) refers to events.o(.rodata.keyPadIB) for keyPadIB
    events.o(.ARM.exidx.text.subscribeKeyPad) refers to events.o(.text.subscribeKeyPad) for [Anonymous Symbol]
    events.o(.text.subscribeSwitch) refers to events.o(.bss.Events) for Events
    events.o(.text.subscribeSwitch) refers to events.o(.rodata.keyPadIB2) for keyPadIB2
    events.o(.ARM.exidx.text.subscribeSwitch) refers to events.o(.text.subscribeSwitch) for [Anonymous Symbol]
    events.o(.text.onKeyPadPress) refers to events.o(.text.subscribeKeyPad) for subscribeKeyPad
    events.o(.text.onKeyPadPress) refers to events.o(.bss.Events) for Events
    events.o(.text.onKeyPadPress) refers to events.o(.text.length) for length
    events.o(.text.onKeyPadPress) refers to h1_alloc.o(.text) for malloc
    events.o(.text.onKeyPadPress) refers to h1_free.o(.text) for free
    events.o(.ARM.exidx.text.onKeyPadPress) refers to events.o(.text.onKeyPadPress) for [Anonymous Symbol]
    events.o(.ARM.exidx.text.length) refers to events.o(.text.length) for [Anonymous Symbol]
    events.o(.text.onKeyPadRelease) refers to events.o(.text.subscribeKeyPad) for subscribeKeyPad
    events.o(.text.onKeyPadRelease) refers to events.o(.bss.Events) for Events
    events.o(.text.onKeyPadRelease) refers to events.o(.text.length) for length
    events.o(.text.onKeyPadRelease) refers to h1_alloc.o(.text) for malloc
    events.o(.text.onKeyPadRelease) refers to h1_free.o(.text) for free
    events.o(.ARM.exidx.text.onKeyPadRelease) refers to events.o(.text.onKeyPadRelease) for [Anonymous Symbol]
    events.o(.text.onSwitchRelease) refers to events.o(.text.subscribeSwitch) for subscribeSwitch
    events.o(.text.onSwitchRelease) refers to events.o(.bss.Events) for Events
    events.o(.text.onSwitchRelease) refers to events.o(.text.length) for length
    events.o(.text.onSwitchRelease) refers to h1_alloc.o(.text) for malloc
    events.o(.text.onSwitchRelease) refers to h1_free.o(.text) for free
    events.o(.ARM.exidx.text.onSwitchRelease) refers to events.o(.text.onSwitchRelease) for [Anonymous Symbol]
    events.o(.text.onSwitchPress) refers to events.o(.text.subscribeSwitch) for subscribeSwitch
    events.o(.text.onSwitchPress) refers to events.o(.bss.Events) for Events
    events.o(.text.onSwitchPress) refers to events.o(.text.length) for length
    events.o(.text.onSwitchPress) refers to h1_alloc.o(.text) for malloc
    events.o(.text.onSwitchPress) refers to h1_free.o(.text) for free
    events.o(.ARM.exidx.text.onSwitchPress) refers to events.o(.text.onSwitchPress) for [Anonymous Symbol]
    events.o(.text.InitEvents) refers to h1_alloc.o(.text) for malloc
    events.o(.text.InitEvents) refers to events.o(.bss.Events) for Events
    events.o(.text.InitEvents) refers to events.o(.text.onKeyPadPress) for onKeyPadPress
    events.o(.text.InitEvents) refers to events.o(.text.onKeyPadRelease) for onKeyPadRelease
    events.o(.text.InitEvents) refers to events.o(.text.onSwitchRelease) for onSwitchRelease
    events.o(.text.InitEvents) refers to events.o(.text.onSwitchPress) for onSwitchPress
    events.o(.ARM.exidx.text.InitEvents) refers to events.o(.text.InitEvents) for [Anonymous Symbol]
    events.o(.text.check) refers to events.o(.bss.Events) for Events
    events.o(.text.check) refers to events.o(.data.SWITCH_ARRAY) for SWITCH_ARRAY
    events.o(.text.check) refers to events.o(.text.length) for length
    events.o(.text.check) refers to events.o(.data.KEYPAD_MATRIX) for KEYPAD_MATRIX
    events.o(.ARM.exidx.text.check) refers to events.o(.text.check) for [Anonymous Symbol]
    run.o(.ARM.exidx.text.EnableClock) refers to run.o(.text.EnableClock) for [Anonymous Symbol]
    run.o(.ARM.exidx.text.Init_LED) refers to run.o(.text.Init_LED) for [Anonymous Symbol]
    run.o(.ARM.exidx.text.keyPress5Callback) refers to run.o(.text.keyPress5Callback) for [Anonymous Symbol]
    run.o(.ARM.exidx.text.keyPressCallback) refers to run.o(.text.keyPressCallback) for [Anonymous Symbol]
    run.o(.text.switchPressCallback) refers to run.o(.rodata.str1.1) for .L.str
    run.o(.text.switchPressCallback) refers to lcd.o(.text.Write_String_LCD) for Write_String_LCD
    run.o(.ARM.exidx.text.switchPressCallback) refers to run.o(.text.switchPressCallback) for [Anonymous Symbol]
    run.o(.text.run) refers to run.o(.text.EnableClock) for EnableClock
    run.o(.text.run) refers to events.o(.text.Delay) for Delay
    run.o(.text.run) refers to run.o(.text.Init_LED) for Init_LED
    run.o(.text.run) refers to lcd.o(.text.LCD_Init) for LCD_Init
[...]
    $v0                                      0x08004b20   Number         0  dcmpi.o(x$fpl$dcmpinf)
    x$fpl$dcmpinf                            0x08004b20   Section       24  dcmpi.o(x$fpl$dcmpinf)
    $v0                                      0x08004b38   Number         0  ddiv.o(x$fpl$ddiv)
    x$fpl$ddiv                               0x08004b38   Section      696  ddiv.o(x$fpl$ddiv)
    ddiv_entry                               0x08004b3f   Thumb Code     0  ddiv.o(x$fpl$ddiv)
    $v0                                      0x08004df0   Number         0  deqf.o(x$fpl$deqf)
    x$fpl$deqf                               0x08004df0   Section      120  deqf.o(x$fpl$deqf)
    $v0                                      0x08004e68   Number         0  dfix.o(x$fpl$dfix)
    x$fpl$dfix                               0x08004e68   Section       94  dfix.o(x$fpl$dfix)
    $v0                                      0x08004ec6   Number         0  dflt_clz.o(x$fpl$dflt)
    x$fpl$dflt                               0x08004ec6   Section       46  dflt_clz.o(x$fpl$dflt)
    $v0                                      0x08004ef4   Number         0  dgeqf.o(x$fpl$dgeqf)
    x$fpl$dgeqf                              0x08004ef4   Section      120  dgeqf.o(x$fpl$dgeqf)
    $v0                                      0x08004f6c   Number         0  dleqf.o(x$fpl$dleqf)
    x$fpl$dleqf                              0x08004f6c   Section      120  dleqf.o(x$fpl$dleqf)
    $v0                                      0x08004fe4   Number         0  dmul.o(x$fpl$dmul)
    x$fpl$dmul                               0x08004fe4   Section      340  dmul.o(x$fpl$dmul)
    $v0                                      0x08005138   Number         0  dnaninf.o(x$fpl$dnaninf)
    x$fpl$dnaninf                            0x08005138   Section      156  dnaninf.o(x$fpl$dnaninf)
    $v0                                      0x080051d4   Number         0  dretinf.o(x$fpl$dretinf)
    x$fpl$dretinf                            0x080051d4   Section       12  dretinf.o(x$fpl$dretinf)
    $v0                                      0x080051e0   Number         0  daddsub_clz.o(x$fpl$drsb)
    x$fpl$drsb                               0x080051e0   Section       22  daddsub_clz.o(x$fpl$drsb)
    $v0                                      0x080051f8   Number         0  daddsub_clz.o(x$fpl$dsub)
    x$fpl$dsub                               0x080051f8   Section      476  daddsub_clz.o(x$fpl$dsub)
    _dsub1                                   0x08005209   Thumb Code     0  daddsub_clz.o(x$fpl$dsub)
    $v0                                      0x080053d4   Number         0  dcmp.o(x$fpl$fcmp)
    x$fpl$fcmp                               0x080053d4   Section       84  dcmp.o(x$fpl$fcmp)
    $v0                                      0x08005428   Number         0  fpinit.o(x$fpl$fpinit)
    x$fpl$fpinit                             0x08005428   Section       26  fpinit.o(x$fpl$fpinit)
    $v0                                      0x08005442   Number         0  printf1.o(x$fpl$printf1)
    x$fpl$printf1                            0x08005442   Section        4  printf1.o(x$fpl$printf1)
    $v0                                      0x08005446   Number         0  printf2.o(x$fpl$printf2)
    x$fpl$printf2                            0x08005446   Section        4  printf2.o(x$fpl$printf2)
    x$fpl$usenofp                            0x0800544a   Section        0  usenofp.o(x$fpl$usenofp)
    initial_mbstate                          0x0800544c   Data           8  _printf_wctomb.o(.constdata)
    .constdata                               0x0800544c   Section        8  _printf_wctomb.o(.constdata)
    uc_hextab                                0x08005454   Data          20  _printf_hex_int_ll_ptr.o(.constdata)
    .constdata                               0x08005454   Section       40  _printf_hex_int_ll_ptr.o(.constdata)
    lc_hextab                                0x08005468   Data          20  _printf_hex_int_ll_ptr.o(.constdata)
    maptable                                 0x0800547c   Data          17  __printf_flags_ss_wp.o(.constdata)
    .constdata                               0x0800547c   Section       17  __printf_flags_ss_wp.o(.constdata)
    Lg2                                      0x08005490   Data          24  log.o(.constdata)
    .constdata                               0x08005490   Section       56  log.o(.constdata)
    Lg                                       0x080054a8   Data          32  log.o(.constdata)
    lc_hextab                                0x080054c8   Data          19  _printf_fp_hex.o(.constdata)
    .constdata                               0x080054c8   Section       38  _printf_fp_hex.o(.constdata)
    uc_hextab                                0x080054db   Data          19  _printf_fp_hex.o(.constdata)
    .constdata                               0x080054f0   Section        8  qnan.o(.constdata)
    tenpwrs_x                                0x080054f8   Data          60  bigflt0.o(.constdata)
    .constdata                               0x080054f8   Section      148  bigflt0.o(.constdata)
    tenpwrs_i                                0x08005534   Data          64  bigflt0.o(.constdata)
    .L.str                                   0x080055ec   Data           6  run.o(.rodata.str1.1)
    [Anonymous Symbol]                       0x080055ec   Section        0  run.o(.rodata.str1.1)
    .L.str.1                                 0x080055f2   Data           6  run.o(.rodata.str1.1)
    .L.str.2                                 0x080055f8   Data           6  run.o(.rodata.str1.1)
    .L.str.3                                 0x080055fe   Data           6  run.o(.rodata.str1.1)
    .L.str.5                                 0x08005604   Data          12  run.o(.rodata.str1.1)
    .L.str.4                                 0x08005610   Data          10  run.o(.rodata.str1.1)
    .L.str                                   0x0800561a   Data           5  number.o(.rodata.str1.1)
    [Anonymous Symbol]                       0x0800561a   Section        0  number.o(.rodata.str1.1)
    locale$$data                             0x08005640   Section       28  lc_numeric_c.o(locale$$data)
    __lcnum_c_name                           0x08005644   Data           2  lc_numeric_c.o(locale$$data)
    __lcnum_c_start                          0x0800564c   Data           0  lc_numeric_c.o(locale$$data)
    __lcnum_c_point                          0x08005658   Data           0  lc_numeric_c.o(locale$$data)
    __lcnum_c_thousands                      0x0800565a   Data           0  lc_numeric_c.o(locale$$data)
    __lcnum_c_grouping                       0x0800565b   Data           0  lc_numeric_c.o(locale$$data)
    __lcnum_c_end                            0x0800565c   Data           0  lc_numeric_c.o(locale$$data)
    locale$$data                             0x0800565c   Section      272  lc_ctype_c.o(locale$$data)
    __lcctype_c_name                         0x08005660   Data           2  lc_ctype_c.o(locale$$data)
    __lcctype_c_start                        0x08005668   Data           0  lc_ctype_c.o(locale$$data)
    __lcctype_c_end                          0x0800576c   Data           0  lc_ctype_c.o(locale$$data)
    .bss                                     0x20000028   Section       96  libspace.o(.bss)
    Heap_Mem                                 0x20000160   Data         512  startup_stm32l476xx.o(HEAP)
    HEAP                                     0x20000160   Section      512  startup_stm32l476xx.o(HEAP)
    Stack_Mem                                0x20000360   Data        1024  startup_stm32l476xx.o(STACK)
    STACK                                    0x20000360   Section     1024  startup_stm32l476xx.o(STACK)
    __initial_sp                             0x20000760   Data           0  startup_stm32l476xx.o(STACK)

    Global Symbols

    Symbol Name                              Value     Ov Type        Size  Object(Section)

    BuildAttributes$$THM_ISAv4$E$P$D$K$B$S$7EM$VFPi3$EXTD16$VFPS$VFMA$PE$A:L22UL41UL21$X:L11$S22US41US21$IEEE1$IW$~IW$USESV6$~STKCKD$USESV7$~SHL$OTIME$ROPI$IEEEX$EBA8$UX$STANDARDLIB$REQ8$PRES8$EABIv2 0x00000000   Number         0  anon$$obj.o ABSOLUTE
    _printf_flags                            0x00000000   Number         0  printf_stubs.o ABSOLUTE
    _printf_return_value                     0x00000000   Number         0  printf_stubs.o ABSOLUTE
    _printf_sizespec                         0x00000000   Number         0  printf_stubs.o ABSOLUTE
    _printf_widthprec                        0x00000000   Number         0  printf_stubs.o ABSOLUTE
    __ARM_exceptions_init                     - Undefined Weak Reference
    __alloca_initialize                       - Undefined Weak Reference
    __arm_preinit_                            - Undefined Weak Reference
    __arm_relocate_pie_                       - Undefined Weak Reference
    __cpp_initialize__aeabi_                  - Undefined Weak Reference
    __cxa_finalize                            - Undefined Weak Reference
    __sigvec_lookup                           - Undefined Weak Reference
    __user_heap_extent                        - Undefined Weak Reference
    _atexit_init                              - Undefined Weak Reference
    _call_atexit_fns                          - Undefined Weak Reference
    _clock_init                               - Undefined Weak Reference
    _fp_trap_init                             - Undefined Weak Reference
    _fp_trap_shutdown                         - Undefined Weak Reference
    _get_lc_collate                           - Undefined Weak Reference
    _get_lc_monetary                          - Undefined Weak Reference
    _get_lc_time                              - Undefined Weak Reference
    _getenv_init                              - Undefined Weak Reference
    _handle_redirection                       - Undefined Weak Reference
    _initio                                   - Undefined Weak Reference
    _mutex_acquire                            - Undefined Weak Reference
    _mutex_free                               - Undefined Weak Reference
    _mutex_release                            - Undefined Weak Reference
    _printf_mbtowc                            - Undefined Weak Reference
    _printf_wc                                - Undefined Weak Reference
    _rand_init                                - Undefined Weak Reference
    _signal_finish                            - Undefined Weak Reference
    _signal_init                              - Undefined Weak Reference
    _terminateio                              - Undefined Weak Reference
    __Vectors_Size                           0x00000188   Number         0  startup_stm32l476xx.o ABSOLUTE
    __Vectors                                0x08000000   Data           4  startup_stm32l476xx.o(RESET)
    __Vectors_End                            0x08000188   Data           0  startup_stm32l476xx.o(RESET)
    __main                                   0x08000189   Thumb Code     8  __main.o(!!!main)
    __scatterload                            0x08000191   Thumb Code     0  __scatter.o(!!!scatter)
    __scatterload_rt2                        0x08000191   Thumb Code    84  __scatter.o(!!!scatter)
    __scatterload_rt2_thumb_only             0x08000191   Thumb Code     0  __scatter.o(!!!scatter)
    __scatterload_loop                       0x0800019b   Thumb Code     0  __scatter.o(!!!scatter)
    __scatterload_copy                       0x080001ed   Thumb Code    26  __scatter_copy.o(!!handler_copy)
    __scatterload_null                       0x08000209   Thumb Code     2  __scatter.o(!!handler_null)
    __scatterload_zeroinit                   0x0800020d   Thumb Code    28  __scatter_zi.o(!!handler_zi)
    _printf_n                                0x08000229   Thumb Code     0  _printf_n.o(.ARM.Collect$$_printf_percent$$00000001)
    _printf_percent                          0x08000229   Thumb Code     0  _printf_percent.o(.ARM.Collect$$_printf_percent$$00000000)
    _printf_p                                0x0800022f   Thumb Code     0  _printf_p.o(.ARM.Collect$$_printf_percent$$00000002)
    _printf_f                                0x08000235   Thumb Code     0  _printf_f.o(.ARM.Collect$$_printf_percent$$00000003)
    _printf_e                                0x0800023b   Thumb Code     0  _printf_e.o(.ARM.Collect$$_printf_percent$$00000004)
    _printf_g                                0x08000241   Thumb Code     0  _printf_g.o(.ARM.Collect$$_printf_percent$$00000005)
    _printf_a                                0x08000247   Thumb Code     0  _printf_a.o(.ARM.Collect$$_printf_percent$$00000006)
    _printf_ll                               0x0800024d   Thumb Code     0  _printf_ll.o(.ARM.Collect$$_printf_percent$$00000007)
    _printf_i                                0x08000257   Thumb Code     0  _printf_i.o(.ARM.Collect$$_printf_percent$$00000008)
    _printf_d                                0x0800025d   Thumb Code     0  _printf_d.o(.ARM.Collect$$_printf_percent$$00000009)
    _printf_u                                0x08000263   Thumb Code     0  _printf_u.o(.ARM.Collect$$_printf_percent$$0000000A)
    _printf_o                                0x08000269   Thumb Code     0  _printf_o.o(.ARM.Collect$$_printf_percent$$0000000B)
    _printf_x                                0x0800026f   Thumb Code     0  _printf_x.o(.ARM.Collect$$_printf_percent$$0000000C)
    _printf_lli                              0x08000275   Thumb Code     0  _printf_lli.o(.ARM.Collect$$_printf_percent$$0000000D)
    _printf_lld                              0x0800027b   Thumb Code     0  _printf_lld.o(.ARM.Collect$$_printf_percent$$0000000E)
    _printf_llu                              0x08000281   Thumb Code     0  _printf_llu.o(.ARM.Collect$$_printf_percent$$0000000F)
    _printf_llo                              0x08000287   Thumb Code     0  _printf_llo.o(.ARM.Collect$$_printf_percent$$00000010)
    _printf_llx                              0x0800028d   Thumb Code     0  _printf_llx.o(.ARM.Collect$$_printf_percent$$00000011)
    _printf_l                                0x08000293   Thumb Code     0  _printf_l.o(.ARM.Collect$$_printf_percent$$00000012)
    _printf_c                                0x0800029d   Thumb Code     0  _printf_c.o(.ARM.Collect$$_printf_percent$$00000013)
    _printf_s                                0x080002a3   Thumb Code     0  _printf_s.o(.ARM.Collect$$_printf_percent$$00000014)
    _printf_lc                               0x080002a9   Thumb Code     0  _printf_lc.o(.ARM.Collect$$_printf_percent$$00000015)
    _printf_ls                               0x080002af   Thumb Code     0  _printf_ls.o(.ARM.Collect$$_printf_percent$$00000016)
    _printf_percent_end                      0x080002b5   Thumb Code     0  _printf_percent_end.o(.ARM.Collect$$_printf_percent$$00000017)
    __rt_lib_init                            0x080002b9   Thumb Code     0  libinit.o(.ARM.Collect$$libinit$$00000000)
    __rt_lib_init_fp_1                       0x080002bb   Thumb Code     0  libinit2.o(.ARM.Collect$$libinit$$00000001)
    __rt_lib_init_heap_2                     0x080002bf   Thumb Code     0  libinit2.o(.ARM.Collect$$libinit$$00000007)
    __rt_lib_init_preinit_1                  0x080002bf   Thumb Code     0  libinit2.o(.ARM.Collect$$libinit$$00000006)
    __rt_lib_init_relocate_pie_1             0x080002bf   Thumb Code     0  libinit2.o(.ARM.Collect$$libinit$$00000004)
    __rt_lib_init_heap_1                     0x080002c7   Thumb Code     0  libinit2.o(.ARM.Collect$$libinit$$0000000C)
    __rt_lib_init_lc_common                  0x080002c7   Thumb Code     0  libinit2.o(.ARM.Collect$$libinit$$00000011)
    __rt_lib_init_rand_1                     0x080002c7   Thumb Code     0  libinit2.o(.ARM.Collect$$libinit$$00000010)
    __rt_lib_init_user_alloc_1               0x080002c7   Thumb Code     0  libinit2.o(.ARM.Collect$$libinit$$0000000E)
    __rt_lib_init_lc_collate_1               0x080002cd   Thumb Code     0  libinit2.o(.ARM.Collect$$libinit$$00000013)
    __rt_lib_init_lc_ctype_2                 0x080002cd   Thumb Code     0  libinit2.o(.ARM.Collect$$libinit$$00000014)
    __rt_lib_init_lc_ctype_1                 0x080002d9   Thumb Code     0  libinit2.o(.ARM.Collect$$libinit$$00000015)
    __rt_lib_init_lc_monetary_1              0x080002d9   Thumb Code     0  libinit2.o(.ARM.Collect$$libinit$$00000017)
    __rt_lib_init_lc_numeric_2               0x080002d9   Thumb Code     0  libinit2.o(.ARM.Collect$$libinit$$00000018)
    __rt_lib_init_alloca_1                   0x080002e3   Thumb Code     0  libinit2.o(.ARM.Collect$$libinit$$00000030)
    __rt_lib_init_argv_1                     0x080002e3   Thumb Code     0  libinit2.o(.ARM.Collect$$libinit$$0000002E)
    __rt_lib_init_atexit_1                   0x080002e3   Thumb Code     0  libinit2.o(.ARM.Collect$$libinit$$0000001D)
    __rt_lib_init_clock_1                    0x080002e3   Thumb Code     0  libinit2.o(.ARM.Collect$$libinit$$00000023)
    __rt_lib_init_cpp_1                      0x080002e3   Thumb Code     0  libinit2.o(.ARM.Collect$$libinit$$00000034)
    __rt_lib_init_exceptions_1               0x080002e3   Thumb Code     0  libinit2.o(.ARM.Collect$$libinit$$00000032)
    __rt_lib_init_fp_trap_1                  0x080002e3   Thumb Code     0  libinit2.o(.ARM.Collect$$libinit$$00000021)
    __rt_lib_init_getenv_1                   0x080002e3   Thumb Code     0  libinit2.o(.ARM.Collect$$libinit$$00000025)
    __rt_lib_init_lc_numeric_1               0x080002e3   Thumb Code     0  libinit2.o(.ARM.Collect$$libinit$$00000019)
    __rt_lib_init_lc_time_1                  0x080002e3   Thumb Code     0  libinit2.o(.ARM.Collect$$libinit$$0000001B)
    __rt_lib_init_return                     0x080002e3   Thumb Code     0  libinit2.o(.ARM.Collect$$libinit$$00000035)
    __rt_lib_init_signal_1                   0x080002e3   Thumb Code     0  libinit2.o(.ARM.Collect$$libinit$$0000001F)
    __rt_lib_init_stdio_1                    0x080002e3   Thumb Code     0  libinit2.o(.ARM.Collect$$libinit$$00000027)
    __rt_lib_shutdown                        0x080002e5   Thumb Code     0  libshutdown.o(.ARM.Collect$$libshutdown$$00000000)
    __rt_lib_shutdown_cpp_1                  0x080002e7   Thumb Code     0  libshutdown2.o(.ARM.Collect$$libshutdown$$00000002)
    __rt_lib_shutdown_fp_trap_1              0x080002e7   Thumb Code     0  libshutdown2.o(.ARM.Collect$$libshutdown$$00000007)
    __rt_lib_shutdown_heap_1                 0x080002e7   Thumb Code     0  libshutdown2.o(.ARM.Collect$$libshutdown$$0000000F)
    __rt_lib_shutdown_return                 0x080002e7   Thumb Code     0  libshutdown2.o(.ARM.Collect$$libshutdown$$00000010)
    __rt_lib_shutdown_signal_1               0x080002e7   Thumb Code     0  libshutdown2.o(.ARM.Collect$$libshutdown$$0000000A)
    __rt_lib_shutdown_stdio_1                0x080002e7   Thumb Code     0  libshutdown2.o(.ARM.Collect$$libshutdown$$00000004)
    __rt_lib_shutdown_user_alloc_1           0x080002e7   Thumb Code     0  libshutdown2.o(.ARM.Collect$$libshutdown$$0000000C)
    __rt_entry                               0x080002e9   Thumb Code     0  __rtentry.o(.ARM.Collect$$rtentry$$00000000)
    __rt_entry_presh_1                       0x080002e9   Thumb Code     0  __rtentry2.o(.ARM.Collect$$rtentry$$00000002)
    __rt_entry_sh                            0x080002e9   Thumb Code     0  __rtentry4.o(.ARM.Collect$$rtentry$$00000004)
    __rt_entry_li                            0x080002ef   Thumb Code     0  __rtentry2.o(.ARM.Collect$$rtentry$$0000000A)
    __rt_entry_postsh_1                      0x080002ef   Thumb Code     0  __rtentry2.o(.ARM.Collect$$rtentry$$00000009)
    __rt_entry_main                          0x080002f3   Thumb Code     0  __rtentry2.o(.ARM.Collect$$rtentry$$0000000D)
    __rt_entry_postli_1                      0x080002f3   Thumb Code     0  __rtentry2.o(.ARM.Collect$$rtentry$$0000000C)
    __rt_exit                                0x080002fb   Thumb Code     0  rtexit.o(.ARM.Collect$$rtexit$$00000000)
    __rt_exit_ls                             0x080002fd   Thumb Code     0  rtexit2.o(.ARM.Collect$$rtexit$$00000003)
    __rt_exit_prels_1                        0x080002fd   Thumb Code     0  rtexit2.o(.ARM.Collect$$rtexit$$00000002)
    __rt_exit_exit                           0x08000301   Thumb Code     0  rtexit2.o(.ARM.Collect$$rtexit$$00000004)
    Reset_Handler                            0x08000309   Thumb Code     8  startup_stm32l476xx.o(.text)
    ADC1_2_IRQHandler                        0x08000323   Thumb Code     0  startup_stm32l476xx.o(.text)
    ADC3_IRQHandler                          0x08000323   Thumb Code     0  startup_stm32l476xx.o(.text)
    CAN1_RX0_IRQHandler                      0x08000323   Thumb Code     0  startup_stm32l476xx.o(.text)
    CAN1_RX1_IRQHandler                      0x08000323   Thumb Code     0  startup_stm32l476xx.o(.text)
    CAN1_SCE_IRQHandler                      0x08000323   Thumb Code     0  startup_stm32l476xx.o(.text)
    CAN1_TX_IRQHandler                       0x08000323   Thumb Code     0  startup_stm32l476xx.o(.text)
    COMP_IRQHandler                          0x08000323   Thumb Code     0  startup_stm32l476xx.o(.text)
    DFSDM1_FLT0_IRQHandler                   0x08000323   Thumb Code     0  startup_stm32l476xx.o(.text)
    DFSDM1_FLT1_IRQHandler                   0x08000323   Thumb Code     0  startup_stm32l476xx.o(.text)
    DFSDM1_FLT2_IRQHandler                   0x08000323   Thumb Code     0  startup_stm32l476xx.o(.text)
    DFSDM1_FLT3_IRQHandler                   0x08000323   Thumb Code     0  startup_stm32l476xx.o(.text)
    DMA1_Channel1_IRQHandler                 0x08000323   Thumb Code     0  startup_stm32l476xx.o(.text)
    DMA1_Channel2_IRQHandler                 0x08000323   Thumb Code     0  startup_stm32l476xx.o(.text)
    DMA1_Channel3_IRQHandler                 0x08000323   Thumb Code     0  startup_stm32l476xx.o(.text)
    DMA1_Channel4_IRQHandler                 0x08000323   Thumb Code     0  startup_stm32l476xx.o(.text)
    DMA1_Channel5_IRQHandler                 0x08000323   Thumb Code     0  startup_stm32l476xx.o(.text)
    DMA1_Channel6_IRQHandler                 0x08000323   Thumb Code     0  startup_stm32l476xx.o(.text)
    DMA1_Channel7_IRQHandler                 0x08000323   Thumb Code     0  startup_stm32l476xx.o(.text)
    DMA2_Channel1_IRQHandler                 0x08000323   Thumb Code     0  startup_stm32l476xx.o(.text)
    DMA2_Channel2_IRQHandler                 0x08000323   Thumb Code     0  startup_stm32l476xx.o(.text)
    DMA2_Channel3_IRQHandler                 0x08000323   Thumb Code     0  startup_stm32l476xx.o(.text)
    DMA2_Channel4_IRQHandler                 0x08000323   Thumb Code     0  startup_stm32l476xx.o(.text)
    DMA2_Channel5_IRQHandler                 0x08000323   Thumb Code     0  startup_stm32l476xx.o(.text)
    DMA2_Channel6_IRQHandler                 0x08000323   Thumb Code     0  startup_stm32l476xx.o(.text)
    DMA2_Channel7_IRQHandler                 0x08000323   Thumb Code     0  startup_stm32l476xx.o(.text)
    EXTI0_IRQHandler                         0x08000323   Thumb Code     0  startup_stm32l476xx.o(.text)
    EXTI15_10_IRQHandler                     0x08000323   Thumb Code     0  startup_stm32l476xx.o(.text)
    EXTI1_IRQHandler                         0x08000323   Thumb Code     0  startup_stm32l476xx.o(.text)
    EXTI2_IRQHandler                         0x08000323   Thumb Code     0  startup_stm32l476xx.o(.text)
    EXTI3_IRQHandler                         0x08000323   Thumb Code     0  startup_stm32l476xx.o(.text)
    EXTI4_IRQHandler                         0x08000323   Thumb Code     0  startup_stm32l476xx.o(.text)
    EXTI9_5_IRQHandler                       0x08000323   Thumb Code     0  startup_stm32l476xx.o(.text)
    FLASH_IRQHandler                         0x08000323   Thumb Code     0  startup_stm32l476xx.o(.text)
    FMC_IRQHandler                           0x08000323   Thumb Code     0  startup_stm32l476xx.o(.text)
    FPU_IRQHandler                           0x08000323   Thumb Code     0  startup_stm32l476xx.o(.text)
    I2C1_ER_IRQHandler                       0x08000323   Thumb Code     0  startup_stm32l476xx.o(.text)
    I2C1_EV_IRQHandler                       0x08000323   Thumb Code     0  startup_stm32l476xx.o(.text)
    I2C2_ER_IRQHandler                       0x08000323   Thumb Code     0  startup_stm32l476xx.o(.text)
    I2C2_EV_IRQHandler                       0x08000323   Thumb Code     0  startup_stm32l476xx.o(.text)
    I2C3_ER_IRQHandler                       0x08000323   Thumb Code     0  startup_stm32l476xx.o(.text)
    I2C3_EV_IRQHandler                       0x08000323   Thumb Code     0  startup_stm32l476xx.o(.text)
    LCD_IRQHandler                           0x08000323   Thumb Code     0  startup_stm32l476xx.o(.text)
    LPTIM1_IRQHandler                        0x08000323   Thumb Code     0  startup_stm32l476xx.o(.text)
    LPTIM2_IRQHandler                        0x08000323   Thumb Code     0  startup_stm32l476xx.o(.text)
    LPUART1_IRQHandler                       0x08000323   Thumb Code     0  startup_stm32l476xx.o(.text)
    OTG_FS_IRQHandler                        0x08000323   Thumb Code     0  startup_stm32l476xx.o(.text)
    PVD_PVM_IRQHandler                       0x08000323   Thumb Code     0  startup_stm32l476xx.o(.text)
    QUADSPI_IRQHandler                       0x08000323   Thumb Code     0  startup_stm32l476xx.o(.text)
    RCC_IRQHandler                           0x08000323   Thumb Code     0  startup_stm32l476xx.o(.text)
    RNG_IRQHandler                           0x08000323   Thumb Code     0  startup_stm32l476xx.o(.text)
    RTC_Alarm_IRQHandler                     0x08000323   Thumb Code     0  startup_stm32l476xx.o(.text)
    RTC_WKUP_IRQHandler                      0x08000323   Thumb Code     0  startup_stm32l476xx.o(.text)
    SAI1_IRQHandler                          0x08000323   Thumb Code     0  startup_stm32l476xx.o(.text)
    SAI2_IRQHandler                          0x08000323   Thumb Code     0  startup_stm32l476xx.o(.text)
    SDMMC1_IRQHandler                        0x08000323   Thumb Code     0  startup_stm32l476xx.o(.text)
    SPI1_IRQHandler                          0x08000323   Thumb Code     0  startup_stm32l476xx.o(.text)
    SPI2_IRQHandler                          0x08000323   Thumb Code     0  startup_stm32l476xx.o(.text)
    SPI3_IRQHandler                          0x08000323   Thumb Code     0  startup_stm32l476xx.o(.text)
    SWPMI1_IRQHandler                        0x08000323   Thumb Code     0  startup_stm32l476xx.o(.text)
    TAMP_STAMP_IRQHandler                    0x08000323   Thumb Code     0  startup_stm32l476xx.o(.text)
    TIM1_BRK_TIM15_IRQHandler                0x08000323   Thumb Code     0  startup_stm32l476xx.o(.text)
    TIM1_CC_IRQHandler                       0x08000323   Thumb Code     0  startup_stm32l476xx.o(.text)
    TIM1_TRG_COM_TIM17_IRQHandler            0x08000323   Thumb Code     0  startup_stm32l476xx.o(.text)
    TIM1_UP_TIM16_IRQHandler                 0x08000323   Thumb Code     0  startup_stm32l476xx.o(.text)
    TIM2_IRQHandler                          0x08000323   Thumb Code     0  startup_stm32l476xx.o(.text)
    TIM3_IRQHandler                          0x08000323   Thumb Code     0  startup_stm32l476xx.o(.text)
    TIM4_IRQHandler                          0x08000323   Thumb Code     0  startup_stm32l476xx.o(.text)
    TIM5_IRQHandler                          0x08000323   Thumb Code     0  startup_stm32l476xx.o(.text)
    TIM6_DAC_IRQHandler                      0x08000323   Thumb Code     0  startup_stm32l476xx.o(.text)
    TIM7_IRQHandler                          0x08000323   Thumb Code     0  startup_stm32l476xx.o(.text)
    TIM8_BRK_IRQHandler                      0x08000323   Thumb Code     0  startup_stm32l476xx.o(.text)
    TIM8_CC_IRQHandler                       0x08000323   Thumb Code     0  startup_stm32l476xx.o(.text)
    TIM8_TRG_COM_IRQHandler                  0x08000323   Thumb Code     0  startup_stm32l476xx.o(.text)
    TIM8_UP_IRQHandler                       0x08000323   Thumb Code     0  startup_stm32l476xx.o(.text)
    TSC_IRQHandler                           0x08000323   Thumb Code     0  startup_stm32l476xx.o(.text)
    UART4_IRQHandler                         0x08000323   Thumb Code     0  startup_stm32l476xx.o(.text)
    UART5_IRQHandler                         0x08000323   Thumb Code     0  startup_stm32l476xx.o(.text)
    USART1_IRQHandler                        0x08000323   Thumb Code     0  startup_stm32l476xx.o(.text)
    USART2_IRQHandler                        0x08000323   Thumb Code     0  startup_stm32l476xx.o(.text)
    USART3_IRQHandler                        0x08000323   Thumb Code     0  startup_stm32l476xx.o(.text)
    WWDG_IRQHandler                          0x08000323   Thumb Code     0  startup_stm32l476xx.o(.text)
    __user_initial_stackheap                 0x08000325   Thumb Code     0  startup_stm32l476xx.o(.text)
    malloc                                   0x08000349   Thumb Code    94  h1_alloc.o(.text)
    free                                     0x080003a7   Thumb Code    78  h1_free.o(.text)
    sprintf                                  0x080003f5   Thumb Code    38  sprintf.o(.text)
    __aeabi_memclr4                          0x08000421   Thumb Code     0  rt_memclr_w.o(.text)
    __aeabi_memclr8                          0x08000421   Thumb Code     0  rt_memclr_w.o(.text)
    __rt_memclr_w                            0x08000421   Thumb Code     0  rt_memclr_w.o(.text)
    _memset_w                                0x08000425   Thumb Code    74  rt_memclr_w.o(.text)
    __use_two_region_memory                  0x0800046f   Thumb Code     2  heapauxi.o(.text)
    __rt_heap_escrow                         0x08000471   Thumb Code     2  heapauxi.o(.text)
    __rt_heap_expand                         0x08000473   Thumb Code     2  heapauxi.o(.text)
    __rt_heap_descriptor                     0x08000475   Thumb Code     8  rt_heap_descriptor_intlibspace.o(.text)
    __use_no_heap                            0x0800047d   Thumb Code     2  hguard.o(.text)
    __heap$guard                             0x0800047f   Thumb Code     2  hguard.o(.text)
    _terminate_user_alloc                    0x08000481   Thumb Code     2  init_alloc.o(.text)
    _init_user_alloc                         0x08000483   Thumb Code     2  init_alloc.o(.text)
    __Heap_Full                              0x08000485   Thumb Code    34  init_alloc.o(.text)
    __Heap_Broken                            0x080004a7   Thumb Code     6  init_alloc.o(.text)
    _init_alloc                              0x080004ad   Thumb Code    94  init_alloc.o(.text)
    __Heap_Initialize                        0x0800050b   Thumb Code     8  h1_init.o(.text)
    __Heap_DescSize                          0x08000513   Thumb Code     4  h1_init.o(.text)
    __read_errno                             0x08000517   Thumb Code    10  _rserrno.o(.text)
    __set_errno                              0x08000521   Thumb Code    12  _rserrno.o(.text)
    _printf_pre_padding                      0x0800052d   Thumb Code    44  _printf_pad.o(.text)
    _printf_post_padding                     0x08000559   Thumb Code    34  _printf_pad.o(.text)
    _printf_truncate_signed                  0x0800057b   Thumb Code    18  _printf_truncate.o(.text)
    _printf_truncate_unsigned                0x0800058d   Thumb Code    18  _printf_truncate.o(.text)
    _printf_str                              0x0800059f   Thumb Code    82  _printf_str.o(.text)
    _printf_int_dec                          0x080005f1   Thumb Code   104  _printf_dec.o(.text)
    _printf_charcount                        0x08000669   Thumb Code    40  _printf_charcount.o(.text)
    _printf_char_common                      0x0800069b   Thumb Code    32  _printf_char_common.o(.text)
    _sputc                                   0x080006c1   Thumb Code    10  _sputc.o(.text)
    _printf_wctomb                           0x080006cd   Thumb Code   182  _printf_wctomb.o(.text)
    _printf_longlong_dec                     0x08000791   Thumb Code   108  _printf_longlong_dec.o(.text)
    _printf_longlong_oct                     0x0800080d   Thumb Code    68  _printf_oct_int_ll.o(.text)
    _printf_int_oct                          0x08000851   Thumb Code    24  _printf_oct_int_ll.o(.text)
    _printf_ll_oct                           0x08000869   Thumb Code    12  _printf_oct_int_ll.o(.text)
    _printf_longlong_hex                     0x0800087d   Thumb Code    86  _printf_hex_int_ll_ptr.o(.text)
    _printf_int_hex                          0x080008d3   Thumb Code    28  _printf_hex_int_ll_ptr.o(.text)
    _printf_ll_hex                           0x080008ef   Thumb Code    12  _printf_hex_int_ll_ptr.o(.text)
    _printf_hex_ptr                          0x080008fb   Thumb Code    18  _printf_hex_int_ll_ptr.o(.text)
    __printf                                 0x08000911   Thumb Code   388  __printf_flags_ss_wp.o(.text)
    __user_libspace                          0x08000aa1   Thumb Code     8  libspace.o(.text)
    __user_perproc_libspace                  0x08000aa1   Thumb Code     0  libspace.o(.text)
    __user_perthread_libspace                0x08000aa1   Thumb Code     0  libspace.o(.text)
    __aeabi_errno_addr                       0x08000aa9   Thumb Code     8  rt_errno_addr_intlibspace.o(.text)
    __errno$intlibspace                      0x08000aa9   Thumb Code     0  rt_errno_addr_intlibspace.o(.text)
    __rt_errno_addr$intlibspace              0x08000aa9   Thumb Code     0  rt_errno_addr_intlibspace.o(.text)
    __Heap_ProvideMemory                     0x08000ab1   Thumb Code    52  h1_extend.o(.text)
    _maybe_terminate_alloc                   0x08000ab1   Thumb Code     0  maybetermalloc1.o(.text)
    _ll_udiv10                               0x08000ae5   Thumb Code   138  lludiv10.o(.text)
    _printf_int_common                       0x08000b6f   Thumb Code   178  _printf_intcommon.o(.text)
    _printf_fp_dec_real                      0x08000dd1   Thumb Code   620  _printf_fp_dec.o(.text)
    _printf_fp_hex_real                      0x08001045   Thumb Code   756  _printf_fp_hex.o(.text)
    _printf_cs_common                        0x08001347   Thumb Code    20  _printf_char.o(.text)
    _printf_char                             0x0800135b   Thumb Code    16  _printf_char.o(.text)
    _printf_string                           0x0800136b   Thumb Code     8  _printf_char.o(.text)
    _printf_lcs_common                       0x08001373   Thumb Code    20  _printf_wchar.o(.text)
    _printf_wchar                            0x08001387   Thumb Code    16  _printf_wchar.o(.text)
    _printf_wstring                          0x08001397   Thumb Code     8  _printf_wchar.o(.text)
    _c16rtomb                                0x0800139f   Thumb Code    72  _c16rtomb.o(.text)
    _wcrtomb                                 0x0800139f   Thumb Code     0  _c16rtomb.o(.text)
    __rt_SIGRTMEM                            0x080013e7   Thumb Code    14  defsig_rtmem_outer.o(.text)
    __I$use$semihosting                      0x080013f5   Thumb Code     0  use_no_semi.o(.text)
    __use_no_semihosting_swi                 0x080013f5   Thumb Code     2  use_no_semi.o(.text)
    __semihosting_library_function           0x080013f7   Thumb Code     0  indicate_semi.o(.text)
    __user_setup_stackheap                   0x080013f7   Thumb Code    74  sys_stackheap_outer.o(.text)
    __rt_ctype_table                         0x08001441   Thumb Code    16  rt_ctype_table.o(.text)
    __rt_locale                              0x08001451   Thumb Code     8  rt_locale_intlibspace.o(.text)
    _printf_fp_infnan                        0x08001459   Thumb Code   112  _printf_fp_infnan.o(.text)
    _btod_etento                             0x080014d9   Thumb Code   224  bigflt0.o(.text)
    exit                                     0x080015bd   Thumb Code    18  exit.o(.text)
    __sig_exit                               0x080015cf   Thumb Code    10  defsig_exit.o(.text)
    __rt_SIGRTMEM_inner                      0x080015d9   Thumb Code    22  defsig_rtmem_inner.o(.text)
    _sys_exit                                0x08001629   Thumb Code     8  sys_exit.o(.text)
    __default_signal_display                 0x08001635   Thumb Code    50  defsig_general.o(.text)
    strcmp                                   0x08001669   Thumb Code   124  strcmpv7em.o(.text)
    _ttywrch                                 0x080016e5   Thumb Code    14  sys_wrch.o(.text)
    BusFault_Handler                         0x080016f5   Thumb Code     4  stm32l4xx_it.o(.text.BusFault_Handler)
    DWT_Init                                 0x080016f9   Thumb Code    46  date.o(.text.DWT_Init)
    DebugMon_Handler                         0x08001729   Thumb Code     2  stm32l4xx_it.o(.text.DebugMon_Handler)
    Delay                                    0x0800172d   Thumb Code    50  events.o(.text.Delay)
    EnableClock                              0x08001761   Thumb Code    34  run.o(.text.EnableClock)
    Error_Handler                            0x08001785   Thumb Code     6  main.o(.text.Error_Handler)
    HAL_GetTick                              0x0800178d   Thumb Code    12  stm32l4xx_hal.o(.text.HAL_GetTick)
    HAL_IncTick                              0x08001799   Thumb Code    26  stm32l4xx_hal.o(.text.HAL_IncTick)
    HAL_Init                                 0x080017b5   Thumb Code    48  stm32l4xx_hal.o(.text.HAL_Init)
    HAL_InitTick                             0x080017e5   Thumb Code   136  stm32l4xx_hal.o(.text.HAL_InitTick)
    HAL_MspInit                              0x0800186d   Thumb Code    66  stm32l4xx_hal_msp.o(.text.HAL_MspInit)
    HAL_NVIC_SetPriority                     0x080018b1   Thumb Code    50  stm32l4xx_hal_cortex.o(.text.HAL_NVIC_SetPriority)
    HAL_NVIC_SetPriorityGrouping             0x080018e5   Thumb Code    16  stm32l4xx_hal_cortex.o(.text.HAL_NVIC_SetPriorityGrouping)
    HAL_PWREx_ControlVoltageScaling          0x080018f5   Thumb Code   228  stm32l4xx_hal_pwr_ex.o(.text.HAL_PWREx_ControlVoltageScaling)
    HAL_PWREx_GetVoltageRange                0x080019d9   Thumb Code    16  stm32l4xx_hal_pwr_ex.o(.text.HAL_PWREx_GetVoltageRange)
    HAL_RCC_ClockConfig                      0x080019e9   Thumb Code   674  stm32l4xx_hal_rcc.o(.text.HAL_RCC_ClockConfig)
    HAL_RCC_GetSysClockFreq                  0x08001c8d   Thumb Code   346  stm32l4xx_hal_rcc.o(.text.HAL_RCC_GetSysClockFreq)
    HAL_RCC_OscConfig                        0x08001de9   Thumb Code  2516  stm32l4xx_hal_rcc.o(.text.HAL_RCC_OscConfig)
    HAL_SYSTICK_Config                       0x080027bd   Thumb Code    16  stm32l4xx_hal_cortex.o(.text.HAL_SYSTICK_Config)
    HardFault_Handler                        0x080027cd   Thumb Code     4  stm32l4xx_it.o(.text.HardFault_Handler)
    InitEvents                               0x080027d1   Thumb Code   266  events.o(.text.InitEvents)
    Init_LED                                 0x080028dd   Thumb Code    84  run.o(.text.Init_LED)
    Init_buzzer                              0x08002931   Thumb Code   102  buzzer.o(.text.Init_buzzer)
    LCD_Init                                 0x08002999   Thumb Code   308  lcd.o(.text.LCD_Init)
    LCD_nibble_write                         0x08002acd   Thumb Code   144  lcd.o(.text.LCD_nibble_write)
    MemManage_Handler                        0x08002b5d   Thumb Code     4  stm32l4xx_it.o(.text.MemManage_Handler)
    NMI_Handler                              0x08002b61   Thumb Code     4  stm32l4xx_it.o(.text.NMI_Handler)
    PendSV_Handler                           0x08002bd1   Thumb Code     2  stm32l4xx_it.o(.text.PendSV_Handler)
    SVC_Handler                              0x08002cc5   Thumb Code     2  stm32l4xx_it.o(.text.SVC_Handler)
    SysTick_Handler                          0x08002d1d   Thumb Code     8  stm32l4xx_it.o(.text.SysTick_Handler)
    SystemClock_Config                       0x08002d25   Thumb Code   110  main.o(.text.SystemClock_Config)
    SystemInit                               0x08002d95   Thumb Code    18  system_stm32l4xx.o(.text.SystemInit)
    UsageFault_Handler                       0x08002da9   Thumb Code     4  stm32l4xx_it.o(.text.UsageFault_Handler)
    Write_Char_LCD                           0x08002dad   Thumb Code    48  lcd.o(.text.Write_Char_LCD)
    Write_Instr_LCD                          0x08002ddd   Thumb Code    48  lcd.o(.text.Write_Instr_LCD)
    Write_SR_LCD                             0x08002e0d   Thumb Code   160  lcd.o(.text.Write_SR_LCD)
    Write_String_LCD                         0x08002ead   Thumb Code    44  lcd.o(.text.Write_String_LCD)
    check                                    0x08002f69   Thumb Code   946  events.o(.text.check)
    countSigFigs                             0x08003321   Thumb Code   312  number.o(.text.countSigFigs)
    date                                     0x08003471   Thumb Code   178  date.o(.text.date)
    doubleToString                           0x08003525   Thumb Code    82  number.o(.text.doubleToString)
    dwt_check                                0x08003579   Thumb Code    70  date.o(.text.dwt_check)
    keyPress5Callback                        0x080035c1   Thumb Code    38  run.o(.text.keyPress5Callback)
    keyPressCallback                         0x080035e9   Thumb Code    38  run.o(.text.keyPressCallback)
    length                                   0x08003611   Thumb Code    36  events.o(.text.length)
    main                                     0x08003635   Thumb Code    18  main.o(.text.main)
    onKeyPadPress                            0x08003649   Thumb Code   144  events.o(.text.onKeyPadPress)
    onKeyPadRelease                          0x080036d9   Thumb Code   144  events.o(.text.onKeyPadRelease)
    onSwitchPress                            0x08003769   Thumb Code   144  events.o(.text.onSwitchPress)
    onSwitchRelease                          0x080037f9   Thumb Code   144  events.o(.text.onSwitchRelease)
    run                                      0x08003889   Thumb Code   216  run.o(.text.run)
    subscribeKeyPad                          0x08003961   Thumb Code   252  events.o(.text.subscribeKeyPad)
    subscribeSwitch                          0x08003a5d   Thumb Code   172  events.o(.text.subscribeSwitch)
    _btod_d2e                                0x08003b09   Thumb Code    62  btod.o(CL$$btod_d2e)
    _d2e_denorm_low                          0x08003b47   Thumb Code    70  btod.o(CL$$btod_d2e_denorm_low)
    _d2e_norm_op1                            0x08003b8d   Thumb Code    96  btod.o(CL$$btod_d2e_norm_op1)
    __btod_div_common                        0x08003bed   Thumb Code   696  btod.o(CL$$btod_div_common)
    _e2e                                     0x08003f25   Thumb Code   220  btod.o(CL$$btod_e2e)
    _btod_ediv                               0x08004001   Thumb Code    42  btod.o(CL$$btod_ediv)
    _btod_emul                               0x0800402b   Thumb Code    42  btod.o(CL$$btod_emul)
    __btod_mult_common                       0x08004055   Thumb Code   580  btod.o(CL$$btod_mult_common)
    __ARM_fpclassify                         0x08004299   Thumb Code    48  fpclassify.o(i.__ARM_fpclassify)
    __hardfp_log                             0x080042c9   Thumb Code   872  log.o(i.__hardfp_log)
    __hardfp_log10                           0x080046b1   Thumb Code   260  log10.o(i.__hardfp_log10)
    __kernel_poly                            0x080047e1   Thumb Code   248  poly.o(i.__kernel_poly)
    __mathlib_dbl_divzero                    0x080048d9   Thumb Code    28  dunder.o(i.__mathlib_dbl_divzero)
    __mathlib_dbl_infnan                     0x08004909   Thumb Code    20  dunder.o(i.__mathlib_dbl_infnan)
    __mathlib_dbl_invalid                    0x08004921   Thumb Code    24  dunder.o(i.__mathlib_dbl_invalid)
    _is_digit                                0x08004941   Thumb Code    14  __printf_wp.o(i._is_digit)
    log                                      0x0800494f   Thumb Code    16  log.o(i.log)
    _get_lc_numeric                          0x08004961   Thumb Code    44  lc_numeric_c.o(locale$$code)
    _get_lc_ctype                            0x0800498d   Thumb Code    44  lc_ctype_c.o(locale$$code)
    __aeabi_dneg                             0x080049b9   Thumb Code     0  basic.o(x$fpl$basic)
    _dneg                                    0x080049b9   Thumb Code     6  basic.o(x$fpl$basic)
    __aeabi_fneg                             0x080049bf   Thumb Code     0  basic.o(x$fpl$basic)
    _fneg                                    0x080049bf   Thumb Code     6  basic.o(x$fpl$basic)
    _dabs                                    0x080049c5   Thumb Code     6  basic.o(x$fpl$basic)
    _fabs                                    0x080049cb   Thumb Code     6  basic.o(x$fpl$basic)
    __aeabi_dadd                             0x080049d1   Thumb Code     0  daddsub_clz.o(x$fpl$dadd)
    _dadd                                    0x080049d1   Thumb Code   332  daddsub_clz.o(x$fpl$dadd)
    __fpl_dcmp_Inf                           0x08004b21   Thumb Code    24  dcmpi.o(x$fpl$dcmpinf)
    __aeabi_ddiv                             0x08004b39   Thumb Code     0  ddiv.o(x$fpl$ddiv)
    _ddiv                                    0x08004b39   Thumb Code   560  ddiv.o(x$fpl$ddiv)
    __aeabi_cdcmpeq                          0x08004df1   Thumb Code     0  deqf.o(x$fpl$deqf)
    _dcmpeq                                  0x08004df1   Thumb Code   120  deqf.o(x$fpl$deqf)
    __aeabi_d2iz                             0x08004e69   Thumb Code     0  dfix.o(x$fpl$dfix)
    _dfix                                    0x08004e69   Thumb Code    94  dfix.o(x$fpl$dfix)
    __aeabi_i2d                              0x08004ec7   Thumb Code     0  dflt_clz.o(x$fpl$dflt)
    _dflt                                    0x08004ec7   Thumb Code    46  dflt_clz.o(x$fpl$dflt)
    __aeabi_cdcmpge                          0x08004ef5   Thumb Code     0  dgeqf.o(x$fpl$dgeqf)
    _dcmpge                                  0x08004ef5   Thumb Code   120  dgeqf.o(x$fpl$dgeqf)
    __aeabi_cdcmple                          0x08004f6d   Thumb Code     0  dleqf.o(x$fpl$dleqf)
    _dcmple                                  0x08004f6d   Thumb Code   120  dleqf.o(x$fpl$dleqf)
    __fpl_dcmple_InfNaN                      0x08004fcf   Thumb Code     0  dleqf.o(x$fpl$dleqf)
    __aeabi_dmul                             0x08004fe5   Thumb Code     0  dmul.o(x$fpl$dmul)
    _dmul                                    0x08004fe5   Thumb Code   332  dmul.o(x$fpl$dmul)
    __fpl_dnaninf                            0x08005139   Thumb Code   156  dnaninf.o(x$fpl$dnaninf)
    __fpl_dretinf                            0x080051d5   Thumb Code    12  dretinf.o(x$fpl$dretinf)
    __aeabi_drsub                            0x080051e1   Thumb Code     0  daddsub_clz.o(x$fpl$drsb)
    _drsb                                    0x080051e1   Thumb Code    22  daddsub_clz.o(x$fpl$drsb)
    __aeabi_dsub                             0x080051f9   Thumb Code     0  daddsub_clz.o(x$fpl$dsub)
    _dsub                                    0x080051f9   Thumb Code   472  daddsub_clz.o(x$fpl$dsub)
    __aeabi_dcmpeq                           0x080053d5   Thumb Code     0  dcmp.o(x$fpl$fcmp)
    _deq                                     0x080053d5   Thumb Code    14  dcmp.o(x$fpl$fcmp)
    _dneq                                    0x080053e3   Thumb Code    14  dcmp.o(x$fpl$fcmp)
    __aeabi_dcmpgt                           0x080053f1   Thumb Code     0  dcmp.o(x$fpl$fcmp)
    _dgr                                     0x080053f1   Thumb Code    14  dcmp.o(x$fpl$fcmp)
    __aeabi_dcmpge                           0x080053ff   Thumb Code     0  dcmp.o(x$fpl$fcmp)
    _dgeq                                    0x080053ff   Thumb Code    14  dcmp.o(x$fpl$fcmp)
    __aeabi_dcmple                           0x0800540d   Thumb Code     0  dcmp.o(x$fpl$fcmp)
    _dleq                                    0x0800540d   Thumb Code    14  dcmp.o(x$fpl$fcmp)
    __aeabi_dcmplt                           0x0800541b   Thumb Code     0  dcmp.o(x$fpl$fcmp)
    _dls                                     0x0800541b   Thumb Code    14  dcmp.o(x$fpl$fcmp)
    _fp_init                                 0x08005429   Thumb Code    26  fpinit.o(x$fpl$fpinit)
    __fplib_config_fpu_vfp                   0x08005441   Thumb Code     0  fpinit.o(x$fpl$fpinit)
    __fplib_config_pureend_doubles           0x08005441   Thumb Code     0  fpinit.o(x$fpl$fpinit)
    _printf_fp_dec                           0x08005443   Thumb Code     4  printf1.o(x$fpl$printf1)
    _printf_fp_hex                           0x08005447   Thumb Code     4  printf2.o(x$fpl$printf2)
    __I$use$fp                               0x0800544a   Number         0  usenofp.o(x$fpl$usenofp)
    __mathlib_zero                           0x080054f0   Data           8  qnan.o(.constdata)
    AHBPrescTable                            0x0800558c   Data          16  system_stm32l4xx.o(.rodata.AHBPrescTable)
    MSIRangeTable                            0x0800559c   Data          48  system_stm32l4xx.o(.rodata.MSIRangeTable)
    keyPadIB                                 0x080055cc   Data          16  events.o(.rodata.keyPadIB)
    keyPadIB2                                0x080055dc   Data          16  events.o(.rodata.keyPadIB2)
    Region$$Table$$Base                      0x08005620   Number         0  anon$$obj.o(Region$$Table)
    Region$$Table$$Limit                     0x08005640   Number         0  anon$$obj.o(Region$$Table)
    __ctype                                  0x08005669   Data           0  lc_ctype_c.o(locale$$data)
    KEYPAD_MATRIX                            0x20000000   Data          16  events.o(.data.KEYPAD_MATRIX)
    SWITCH_ARRAY                             0x20000010   Data           4  events.o(.data.SWITCH_ARRAY)
    SystemCoreClock                          0x20000014   Data           4  system_stm32l4xx.o(.data.SystemCoreClock)
    freq                                     0x20000018   Data           4  date.o(.data.freq)
    uwTickFreq                               0x2000001c   Data           1  stm32l4xx_hal.o(.data.uwTickFreq)
    uwTickPrio                               0x20000020   Data           4  stm32l4xx_hal.o(.data.uwTickPrio)
    __libspace_start                         0x20000028   Data          96  libspace.o(.bss)
    Events                                   0x20000088   Data         204  events.o(.bss.Events)
    __temporary_stack_top$libspace           0x20000088   Data           0  libspace.o(.bss)
    completeCycles                           0x20000154   Data           4  date.o(.bss.completeCycles)
    lastValue                                0x20000158   Data           4  date.o(.bss.lastValue)
    uwTick                                   0x2000015c   Data           4  stm32l4xx_hal.o(.bss.uwTick)



==============================================================================

Memory Map of the image

  Image Entry point : 0x08000309

  Load Region LR_1 (Base: 0x08000000, Size: 0x00005790, Max: 0xffffffff, ABSOLUTE)

    Execution Region ER_RO (Exec base: 0x08000000, Load base: 0x08000000, Size: 0x0000576c, Max: 0xffffffff, ABSOLUTE)

    Exec Addr    Load Addr    Size         Type   Attr      Idx    E Section Name        Object

    0x08000000   0x08000000   0x00000188   Data   RO          181    RESET               startup_stm32l476xx.o
    0x08000188   0x08000188   0x00000008   Code   RO          811  * !!!main             c_w.l(__main.o)
    0x08000190   0x08000190   0x0000005c   Code   RO         1267    !!!scatter          c_w.l(__scatter.o)
    0x080001ec   0x080001ec   0x0000001a   Code   RO         1271    !!handler_copy      c_w.l(__scatter_copy.o)
    0x08000206   0x08000206   0x00000002   PAD
    0x08000208   0x08000208   0x00000002   Code   RO         1268    !!handler_null      c_w.l(__scatter.o)
    0x0800020a   0x0800020a   0x00000002   PAD
    0x0800020c   0x0800020c   0x0000001c   Code   RO         1273    !!handler_zi        c_w.l(__scatter_zi.o)
    0x08000228   0x08000228   0x00000000   Code   RO          952    .ARM.Collect$$_printf_percent$$00000000  c_w.l(_printf_percent.o)
    0x08000228   0x08000228   0x00000006   Code   RO          941    .ARM.Collect$$_printf_percent$$00000001  c_w.l(_printf_n.o)
    0x0800022e   0x0800022e   0x00000006   Code   RO          943    .ARM.Collect$$_printf_percent$$00000002  c_w.l(_printf_p.o)
    0x08000234   0x08000234   0x00000006   Code   RO          948    .ARM.Collect$$_printf_percent$$00000003  c_w.l(_printf_f.o)
    0x0800023a   0x0800023a   0x00000006   Code   RO          949    .ARM.Collect$$_printf_percent$$00000004  c_w.l(_printf_e.o)
    0x08000240   0x08000240   0x00000006   Code   RO          950    .ARM.Collect$$_printf_percent$$00000005  c_w.l(_printf_g.o)
    0x08000246   0x08000246   0x00000006   Code   RO          951    .ARM.Collect$$_printf_percent$$00000006  c_w.l(_printf_a.o)
    0x0800024c   0x0800024c   0x0000000a   Code   RO          956    .ARM.Collect$$_printf_percent$$00000007  c_w.l(_printf_ll.o)
    0x08000256   0x08000256   0x00000006   Code   RO          945    .ARM.Collect$$_printf_percent$$00000008  c_w.l(_printf_i.o)
    0x0800025c   0x0800025c   0x00000006   Code   RO          946    .ARM.Collect$$_printf_percent$$00000009  c_w.l(_printf_d.o)
    0x08000262   0x08000262   0x00000006   Code   RO          947    .ARM.Collect$$_printf_percent$$0000000A  c_w.l(_printf_u.o)
    0x08000268   0x08000268   0x00000006   Code   RO          944    .ARM.Collect$$_printf_percent$$0000000B  c_w.l(_printf_o.o)
    0x0800026e   0x0800026e   0x00000006   Code   RO          942    .ARM.Collect$$_printf_percent$$0000000C  c_w.l(_printf_x.o)
    0x08000274   0x08000274   0x00000006   Code   RO          953    .ARM.Collect$$_printf_percent$$0000000D  c_w.l(_printf_lli.o)
    0x0800027a   0x0800027a   0x00000006   Code   RO          954    .ARM.Collect$$_printf_percent$$0000000E  c_w.l(_printf_lld.o)
    0x08000280   0x08000280   0x00000006   Code   RO          955    .ARM.Collect$$_printf_percent$$0000000F  c_w.l(_printf_llu.o)
    0x08000286   0x08000286   0x00000006   Code   RO          960    .ARM.Collect$$_printf_percent$$00000010  c_w.l(_printf_llo.o)
    0x0800028c   0x0800028c   0x00000006   Code   RO          961    .ARM.Collect$$_printf_percent$$00000011  c_w.l(_printf_llx.o)
    0x08000292   0x08000292   0x0000000a   Code   RO          957    .ARM.Collect$$_printf_percent$$00000012  c_w.l(_printf_l.o)
    0x0800029c   0x0800029c   0x00000006   Code   RO          939    .ARM.Collect$$_printf_percent$$00000013  c_w.l(_printf_c.o)
    0x080002a2   0x080002a2   0x00000006   Code   RO          940    .ARM.Collect$$_printf_percent$$00000014  c_w.l(_printf_s.o)
    0x080002a8   0x080002a8   0x00000006   Code   RO          958    .ARM.Collect$$_printf_percent$$00000015  c_w.l(_printf_lc.o)
    0x080002ae   0x080002ae   0x00000006   Code   RO          959    .ARM.Collect$$_printf_percent$$00000016  c_w.l(_printf_ls.o)
    0x080002b4   0x080002b4   0x00000004   Code   RO         1107    .ARM.Collect$$_printf_percent$$00000017  c_w.l(_printf_percent_end.o)
    0x080002b8   0x080002b8   0x00000002   Code   RO         1189    .ARM.Collect$$libinit$$00000000  c_w.l(libinit.o)
    0x080002ba   0x080002ba   0x00000004   Code   RO          966    .ARM.Collect$$libinit$$00000001  c_w.l(libinit2.o)
    0x080002be   0x080002be   0x00000000   Code   RO          969    .ARM.Collect$$libinit$$00000004  c_w.l(libinit2.o)
    0x080002be   0x080002be   0x00000000   Code   RO          971    .ARM.Collect$$libinit$$00000006  c_w.l(libinit2.o)
    0x080002be   0x080002be   0x00000008   Code   RO          972    .ARM.Collect$$libinit$$00000007  c_w.l(libinit2.o)
    0x080002c6   0x080002c6   0x00000000   Code   RO          974    .ARM.Collect$$libinit$$0000000C  c_w.l(libinit2.o)
    0x080002c6   0x080002c6   0x00000000   Code   RO          976    .ARM.Collect$$libinit$$0000000E  c_w.l(libinit2.o)
    0x080002c6   0x080002c6   0x00000000   Code   RO          978    .ARM.Collect$$libinit$$00000010  c_w.l(libinit2.o)
    0x080002c6   0x080002c6   0x00000006   Code   RO          979    .ARM.Collect$$libinit$$00000011  c_w.l(libinit2.o)
    0x080002cc   0x080002cc   0x00000000   Code   RO          981    .ARM.Collect$$libinit$$00000013  c_w.l(libinit2.o)
    0x080002cc   0x080002cc   0x0000000c   Code   RO          982    .ARM.Collect$$libinit$$00000014  c_w.l(libinit2.o)
    0x080002d8   0x080002d8   0x00000000   Code   RO          983    .ARM.Collect$$libinit$$00000015  c_w.l(libinit2.o)
    0x080002d8   0x080002d8   0x00000000   Code   RO          985    .ARM.Collect$$libinit$$00000017  c_w.l(libinit2.o)
    0x080002d8   0x080002d8   0x0000000a   Code   RO          986    .ARM.Collect$$libinit$$00000018  c_w.l(libinit2.o)
    0x080002e2   0x080002e2   0x00000000   Code   RO          987    .ARM.Collect$$libinit$$00000019  c_w.l(libinit2.o)
    0x080002e2   0x080002e2   0x00000000   Code   RO          989    .ARM.Collect$$libinit$$0000001B  c_w.l(libinit2.o)
    0x080002e2   0x080002e2   0x00000000   Code   RO          991    .ARM.Collect$$libinit$$0000001D  c_w.l(libinit2.o)
    0x080002e2   0x080002e2   0x00000000   Code   RO          993    .ARM.Collect$$libinit$$0000001F  c_w.l(libinit2.o)
    0x080002e2   0x080002e2   0x00000000   Code   RO          995    .ARM.Collect$$libinit$$00000021  c_w.l(libinit2.o)
    0x080002e2   0x080002e2   0x00000000   Code   RO          997    .ARM.Collect$$libinit$$00000023  c_w.l(libinit2.o)
    0x080002e2   0x080002e2   0x00000000   Code   RO          999    .ARM.Collect$$libinit$$00000025  c_w.l(libinit2.o)
    0x080002e2   0x080002e2   0x00000000   Code   RO         1001    .ARM.Collect$$libinit$$00000027  c_w.l(libinit2.o)
    0x080002e2   0x080002e2   0x00000000   Code   RO         1005    .ARM.Collect$$libinit$$0000002E  c_w.l(libinit2.o)
    0x080002e2   0x080002e2   0x00000000   Code   RO         1007    .ARM.Collect$$libinit$$00000030  c_w.l(libinit2.o)
    0x080002e2   0x080002e2   0x00000000   Code   RO         1009    .ARM.Collect$$libinit$$00000032  c_w.l(libinit2.o)
    0x080002e2   0x080002e2   0x00000000   Code   RO         1011    .ARM.Collect$$libinit$$00000034  c_w.l(libinit2.o)
    0x080002e2   0x080002e2   0x00000002   Code   RO         1012    .ARM.Collect$$libinit$$00000035  c_w.l(libinit2.o)
    0x080002e4   0x080002e4   0x00000002   Code   RO         1264    .ARM.Collect$$libshutdown$$00000000  c_w.l(libshutdown.o)
    0x080002e6   0x080002e6   0x00000000   Code   RO         1216    .ARM.Collect$$libshutdown$$00000002  c_w.l(libshutdown2.o)
    0x080002e6   0x080002e6   0x00000000   Code   RO         1218    .ARM.Collect$$libshutdown$$00000004  c_w.l(libshutdown2.o)
    0x080002e6   0x080002e6   0x00000000   Code   RO         1221    .ARM.Collect$$libshutdown$$00000007  c_w.l(libshutdown2.o)
    0x080002e6   0x080002e6   0x00000000   Code   RO         1224    .ARM.Collect$$libshutdown$$0000000A  c_w.l(libshutdown2.o)
    0x080002e6   0x080002e6   0x00000000   Code   RO         1226    .ARM.Collect$$libshutdown$$0000000C  c_w.l(libshutdown2.o)
    0x080002e6   0x080002e6   0x00000000   Code   RO         1229    .ARM.Collect$$libshutdown$$0000000F  c_w.l(libshutdown2.o)
    0x080002e6   0x080002e6   0x00000002   Code   RO         1230    .ARM.Collect$$libshutdown$$00000010  c_w.l(libshutdown2.o)
    0x080002e8   0x080002e8   0x00000000   Code   RO          845    .ARM.Collect$$rtentry$$00000000  c_w.l(__rtentry.o)
    0x080002e8   0x080002e8   0x00000000   Code   RO         1063    .ARM.Collect$$rtentry$$00000002  c_w.l(__rtentry2.o)
    0x080002e8   0x080002e8   0x00000006   Code   RO         1075    .ARM.Collect$$rtentry$$00000004  c_w.l(__rtentry4.o)
    0x080002ee   0x080002ee   0x00000000   Code   RO         1065    .ARM.Collect$$rtentry$$00000009  c_w.l(__rtentry2.o)
    0x080002ee   0x080002ee   0x00000004   Code   RO         1066    .ARM.Collect$$rtentry$$0000000A  c_w.l(__rtentry2.o)
    0x080002f2   0x080002f2   0x00000000   Code   RO         1068    .ARM.Collect$$rtentry$$0000000C  c_w.l(__rtentry2.o)
    0x080002f2   0x080002f2   0x00000008   Code   RO         1069    .ARM.Collect$$rtentry$$0000000D  c_w.l(__rtentry2.o)
    0x080002fa   0x080002fa   0x00000002   Code   RO         1198    .ARM.Collect$$rtexit$$00000000  c_w.l(rtexit.o)
    0x080002fc   0x080002fc   0x00000000   Code   RO         1236    .ARM.Collect$$rtexit$$00000002  c_w.l(rtexit2.o)
    0x080002fc   0x080002fc   0x00000004   Code   RO         1237    .ARM.Collect$$rtexit$$00000003  c_w.l(rtexit2.o)
    0x08000300   0x08000300   0x00000006   Code   RO         1238    .ARM.Collect$$rtexit$$00000004  c_w.l(rtexit2.o)
    0x08000306   0x08000306   0x00000002   PAD
    0x08000308   0x08000308   0x00000040   Code   RO          182  * .text               startup_stm32l476xx.o
    0x08000348   0x08000348   0x0000005e   Code   RO          747    .text               c_w.l(h1_alloc.o)
    0x080003a6   0x080003a6   0x0000004e   Code   RO          749    .text               c_w.l(h1_free.o)
    0x080003f4   0x080003f4   0x0000002c   Code   RO          805    .text               c_w.l(sprintf.o)
    0x08000420   0x08000420   0x0000004e   Code   RO          807    .text               c_w.l(rt_memclr_w.o)
    0x0800046e   0x0800046e   0x00000006   Code   RO          809    .text               c_w.l(heapauxi.o)
    0x08000474   0x08000474   0x00000008   Code   RO          849    .text               c_w.l(rt_heap_descriptor_intlibspace.o)
    0x0800047c   0x0800047c   0x00000004   Code   RO          851    .text               c_w.l(hguard.o)
    0x08000480   0x08000480   0x0000008a   Code   RO          853    .text               c_w.l(init_alloc.o)
    0x0800050a   0x0800050a   0x0000000c   Code   RO          857    .text               c_w.l(h1_init.o)
    0x08000516   0x08000516   0x00000016   Code   RO          869    .text               c_w.l(_rserrno.o)
    0x0800052c   0x0800052c   0x0000004e   Code   RO          873    .text               c_w.l(_printf_pad.o)
    0x0800057a   0x0800057a   0x00000024   Code   RO          875    .text               c_w.l(_printf_truncate.o)
    0x0800059e   0x0800059e   0x00000052   Code   RO          877    .text               c_w.l(_printf_str.o)
    0x080005f0   0x080005f0   0x00000078   Code   RO          879    .text               c_w.l(_printf_dec.o)
    0x08000668   0x08000668   0x00000028   Code   RO          881    .text               c_w.l(_printf_charcount.o)
    0x08000690   0x08000690   0x00000030   Code   RO          883    .text               c_w.l(_printf_char_common.o)
    0x080006c0   0x080006c0   0x0000000a   Code   RO          885    .text               c_w.l(_sputc.o)
    0x080006ca   0x080006ca   0x00000002   PAD
    0x080006cc   0x080006cc   0x000000c2   Code   RO          887    .text               c_w.l(_printf_wctomb.o)
    0x0800078e   0x0800078e   0x00000002   PAD
    0x08000790   0x08000790   0x0000007c   Code   RO          890    .text               c_w.l(_printf_longlong_dec.o)
    0x0800080c   0x0800080c   0x00000070   Code   RO          896    .text               c_w.l(_printf_oct_int_ll.o)
    0x0800087c   0x0800087c   0x00000094   Code   RO          916    .text               c_w.l(_printf_hex_int_ll_ptr.o)
    0x08000910   0x08000910   0x0000018e   Code   RO          936    .text               c_w.l(__printf_flags_ss_wp.o)
    0x08000a9e   0x08000a9e   0x00000002   PAD
    0x08000aa0   0x08000aa0   0x00000008   Code   RO         1059    .text               c_w.l(libspace.o)
    0x08000aa8   0x08000aa8   0x00000008   Code   RO         1080    .text               c_w.l(rt_errno_addr_intlibspace.o)
    0x08000ab0   0x08000ab0   0x00000000   Code   RO         1084    .text               c_w.l(maybetermalloc1.o)
    0x08000ab0   0x08000ab0   0x00000034   Code   RO         1086    .text               c_w.l(h1_extend.o)
    0x08000ae4   0x08000ae4   0x0000008a   Code   RO         1090    .text               c_w.l(lludiv10.o)
    0x08000b6e   0x08000b6e   0x000000b2   Code   RO         1092    .text               c_w.l(_printf_intcommon.o)
    0x08000c20   0x08000c20   0x00000422   Code   RO         1094    .text               c_w.l(_printf_fp_dec.o)
    0x08001042   0x08001042   0x00000002   PAD
    0x08001044   0x08001044   0x00000302   Code   RO         1098    .text               c_w.l(_printf_fp_hex.o)
    0x08001346   0x08001346   0x0000002c   Code   RO         1103    .text               c_w.l(_printf_char.o)
    0x08001372   0x08001372   0x0000002c   Code   RO         1105    .text               c_w.l(_printf_wchar.o)
    0x0800139e   0x0800139e   0x00000048   Code   RO         1108    .text               c_w.l(_c16rtomb.o)
    0x080013e6   0x080013e6   0x0000000e   Code   RO         1110    .text               c_w.l(defsig_rtmem_outer.o)
    0x080013f4   0x080013f4   0x00000002   Code   RO         1126    .text               c_w.l(use_no_semi.o)
    0x080013f6   0x080013f6   0x00000000   Code   RO         1128    .text               c_w.l(indicate_semi.o)
    0x080013f6   0x080013f6   0x0000004a   Code   RO         1129    .text               c_w.l(sys_stackheap_outer.o)
    0x08001440   0x08001440   0x00000010   Code   RO         1131    .text               c_w.l(rt_ctype_table.o)
    0x08001450   0x08001450   0x00000008   Code   RO         1138    .text               c_w.l(rt_locale_intlibspace.o)
    0x08001458   0x08001458   0x00000080   Code   RO         1142    .text               c_w.l(_printf_fp_infnan.o)
    0x080014d8   0x080014d8   0x000000e4   Code   RO         1144    .text               c_w.l(bigflt0.o)
    0x080015bc   0x080015bc   0x00000012   Code   RO         1174    .text               c_w.l(exit.o)
    0x080015ce   0x080015ce   0x0000000a   Code   RO         1176    .text               c_w.l(defsig_exit.o)
    0x080015d8   0x080015d8   0x00000050   Code   RO         1178    .text               c_w.l(defsig_rtmem_inner.o)
    0x08001628   0x08001628   0x0000000c   Code   RO         1194    .text               c_w.l(sys_exit.o)
    0x08001634   0x08001634   0x00000032   Code   RO         1211    .text               c_w.l(defsig_general.o)
    0x08001666   0x08001666   0x00000002   PAD
    0x08001668   0x08001668   0x0000007c   Code   RO         1213    .text               c_w.l(strcmpv7em.o)
    0x080016e4   0x080016e4   0x0000000e   Code   RO         1231    .text               c_w.l(sys_wrch.o)
    0x080016f2   0x080016f2   0x00000002   PAD
    0x080016f4   0x080016f4   0x00000004   Code   RO          153    .text.BusFault_Handler  stm32l4xx_it.o
    0x080016f8   0x080016f8   0x0000002e   Code   RO          105    .text.DWT_Init      date.o
    0x08001726   0x08001726   0x00000002   PAD
    0x08001728   0x08001728   0x00000002   Code   RO          159    .text.DebugMon_Handler  stm32l4xx_it.o
    0x0800172a   0x0800172a   0x00000002   PAD
    0x0800172c   0x0800172c   0x00000032   Code   RO            2    .text.Delay         events.o
    0x0800175e   0x0800175e   0x00000002   PAD
    0x08001760   0x08001760   0x00000022   Code   RO           35    .text.EnableClock   run.o
    0x08001782   0x08001782   0x00000002   PAD
    0x08001784   0x08001784   0x00000006   Code   RO          137    .text.Error_Handler  main.o
    0x0800178a   0x0800178a   0x00000002   PAD
    0x0800178c   0x0800178c   0x0000000c   Code   RO          216    .text.HAL_GetTick   stm32l4xx_hal.o
    0x08001798   0x08001798   0x0000001a   Code   RO          214    .text.HAL_IncTick   stm32l4xx_hal.o
    0x080017b2   0x080017b2   0x00000002   PAD
    0x080017b4   0x080017b4   0x00000030   Code   RO          204    .text.HAL_Init      stm32l4xx_hal.o
    0x080017e4   0x080017e4   0x00000088   Code   RO          206    .text.HAL_InitTick  stm32l4xx_hal.o
    0x0800186c   0x0800186c   0x00000042   Code   RO          172    .text.HAL_MspInit   stm32l4xx_hal_msp.o
    0x080018ae   0x080018ae   0x00000002   PAD
    0x080018b0   0x080018b0   0x00000032   Code   RO          645    .text.HAL_NVIC_SetPriority  stm32l4xx_hal_cortex.o
    0x080018e2   0x080018e2   0x00000002   PAD
    0x080018e4   0x080018e4   0x00000010   Code   RO          641    .text.HAL_NVIC_SetPriorityGrouping  stm32l4xx_hal_cortex.o
    0x080018f4   0x080018f4   0x000000e4   Code   RO          554    .text.HAL_PWREx_ControlVoltageScaling  stm32l4xx_hal_pwr_ex.o
    0x080019d8   0x080019d8   0x00000010   Code   RO          552    .text.HAL_PWREx_GetVoltageRange  stm32l4xx_hal_pwr_ex.o
    0x080019e8   0x080019e8   0x000002a2   Code   RO          292    .text.HAL_RCC_ClockConfig  stm32l4xx_hal_rcc.o
    0x08001c8a   0x08001c8a   0x00000002   PAD
    0x08001c8c   0x08001c8c   0x0000015a   Code   RO          290    .text.HAL_RCC_GetSysClockFreq  stm32l4xx_hal_rcc.o
    0x08001de6   0x08001de6   0x00000002   PAD
    0x08001de8   0x08001de8   0x000009d4   Code   RO          286    .text.HAL_RCC_OscConfig  stm32l4xx_hal_rcc.o
    0x080027bc   0x080027bc   0x00000010   Code   RO          665    .text.HAL_SYSTICK_Config  stm32l4xx_hal_cortex.o
    0x080027cc   0x080027cc   0x00000004   Code   RO          149    .text.HardFault_Handler  stm32l4xx_it.o
    0x080027d0   0x080027d0   0x0000010a   Code   RO           18    .text.InitEvents    events.o
    0x080028da   0x080028da   0x00000002   PAD
    0x080028dc   0x080028dc   0x00000054   Code   RO           37    .text.Init_LED      run.o
    0x08002930   0x08002930   0x00000066   Code   RO           97    .text.Init_buzzer   buzzer.o
    0x08002996   0x08002996   0x00000002   PAD
    0x08002998   0x08002998   0x00000134   Code   RO           88    .text.LCD_Init      lcd.o
    0x08002acc   0x08002acc   0x00000090   Code   RO           68    .text.LCD_nibble_write  lcd.o
    0x08002b5c   0x08002b5c   0x00000004   Code   RO          151    .text.MemManage_Handler  stm32l4xx_it.o
    0x08002b60   0x08002b60   0x00000004   Code   RO          147    .text.NMI_Handler   stm32l4xx_it.o
    0x08002b64   0x08002b64   0x0000006c   Code   RO          651    .text.NVIC_EncodePriority  stm32l4xx_hal_cortex.o
    0x08002bd0   0x08002bd0   0x00000002   Code   RO          161    .text.PendSV_Handler  stm32l4xx_it.o
    0x08002bd2   0x08002bd2   0x00000002   PAD
    0x08002bd4   0x08002bd4   0x000000f0   Code   RO          288    .text.RCC_SetFlashLatencyFromMSIRange  stm32l4xx_hal_rcc.o
    0x08002cc4   0x08002cc4   0x00000002   Code   RO          157    .text.SVC_Handler   stm32l4xx_it.o
    0x08002cc6   0x08002cc6   0x00000002   PAD
    0x08002cc8   0x08002cc8   0x00000052   Code   RO          667    .text.SysTick_Config  stm32l4xx_hal_cortex.o
    0x08002d1a   0x08002d1a   0x00000002   PAD
    0x08002d1c   0x08002d1c   0x00000008   Code   RO          163    .text.SysTick_Handler  stm32l4xx_it.o
    0x08002d24   0x08002d24   0x0000006e   Code   RO          135    .text.SystemClock_Config  main.o
    0x08002d92   0x08002d92   0x00000002   PAD
    0x08002d94   0x08002d94   0x00000012   Code   RO          189    .text.SystemInit    system_stm32l4xx.o
    0x08002da6   0x08002da6   0x00000002   PAD
    0x08002da8   0x08002da8   0x00000004   Code   RO          155    .text.UsageFault_Handler  stm32l4xx_it.o
    0x08002dac   0x08002dac   0x00000030   Code   RO           72    .text.Write_Char_LCD  lcd.o
    0x08002ddc   0x08002ddc   0x00000030   Code   RO           70    .text.Write_Instr_LCD  lcd.o
    0x08002e0c   0x08002e0c   0x000000a0   Code   RO           66    .text.Write_SR_LCD  lcd.o
    0x08002eac   0x08002eac   0x0000002c   Code   RO           74    .text.Write_String_LCD  lcd.o
    0x08002ed8   0x08002ed8   0x00000010   Code   RO          647    .text.__NVIC_GetPriorityGrouping  stm32l4xx_hal_cortex.o
    0x08002ee8   0x08002ee8   0x00000042   Code   RO          649    .text.__NVIC_SetPriority  stm32l4xx_hal_cortex.o
    0x08002f2a   0x08002f2a   0x00000002   PAD
    0x08002f2c   0x08002f2c   0x0000003c   Code   RO          643    .text.__NVIC_SetPriorityGrouping  stm32l4xx_hal_cortex.o
    0x08002f68   0x08002f68   0x000003b2   Code   RO           20    .text.check         events.o
    0x0800331a   0x0800331a   0x00000006   PAD
    0x08003320   0x08003320   0x00000150   Code   RO          121    .text.countSigFigs  number.o
    0x08003470   0x08003470   0x000000b2   Code   RO          109    .text.date          date.o
    0x08003522   0x08003522   0x00000002   PAD
    0x08003524   0x08003524   0x00000052   Code   RO          123    .text.doubleToString  number.o
    0x08003576   0x08003576   0x00000002   PAD
    0x08003578   0x08003578   0x00000046   Code   RO          107    .text.dwt_check     date.o
    0x080035be   0x080035be   0x00000002   PAD
    0x080035c0   0x080035c0   0x00000026   Code   RO           39    .text.keyPress5Callback  run.o
    0x080035e6   0x080035e6   0x00000002   PAD
    0x080035e8   0x080035e8   0x00000026   Code   RO           41    .text.keyPressCallback  run.o
    0x0800360e   0x0800360e   0x00000002   PAD
    0x08003610   0x08003610   0x00000024   Code   RO           10    .text.length        events.o
    0x08003634   0x08003634   0x00000012   Code   RO          133    .text.main          main.o
    0x08003646   0x08003646   0x00000002   PAD
    0x08003648   0x08003648   0x00000090   Code   RO            8    .text.onKeyPadPress  events.o
    0x080036d8   0x080036d8   0x00000090   Code   RO           12    .text.onKeyPadRelease  events.o
    0x08003768   0x08003768   0x00000090   Code   RO           16    .text.onSwitchPress  events.o
    0x080037f8   0x080037f8   0x00000090   Code   RO           14    .text.onSwitchRelease  events.o
    0x08003888   0x08003888   0x000000d8   Code   RO           45    .text.run           run.o
    0x08003960   0x08003960   0x000000fc   Code   RO            4    .text.subscribeKeyPad  events.o
    0x08003a5c   0x08003a5c   0x000000ac   Code   RO            6    .text.subscribeSwitch  events.o
    0x08003b08   0x08003b08   0x0000003e   Code   RO         1147    CL$$btod_d2e        c_w.l(btod.o)
    0x08003b46   0x08003b46   0x00000046   Code   RO         1149    CL$$btod_d2e_denorm_low  c_w.l(btod.o)
    0x08003b8c   0x08003b8c   0x00000060   Code   RO         1148    CL$$btod_d2e_norm_op1  c_w.l(btod.o)
    0x08003bec   0x08003bec   0x00000338   Code   RO         1157    CL$$btod_div_common  c_w.l(btod.o)
    0x08003f24   0x08003f24   0x000000dc   Code   RO         1154    CL$$btod_e2e        c_w.l(btod.o)
    0x08004000   0x08004000   0x0000002a   Code   RO         1151    CL$$btod_ediv       c_w.l(btod.o)
    0x0800402a   0x0800402a   0x0000002a   Code   RO         1150    CL$$btod_emul       c_w.l(btod.o)
    0x08004054   0x08004054   0x00000244   Code   RO         1156    CL$$btod_mult_common  c_w.l(btod.o)
    0x08004298   0x08004298   0x00000030   Code   RO         1192    i.__ARM_fpclassify  m_wm.l(fpclassify.o)
    0x080042c8   0x080042c8   0x000003e8   Code   RO         1048    i.__hardfp_log      m_wm.l(log.o)
    0x080046b0   0x080046b0   0x00000130   Code   RO          837    i.__hardfp_log10    m_wm.l(log10.o)
    0x080047e0   0x080047e0   0x000000f8   Code   RO         1123    i.__kernel_poly     m_wm.l(poly.o)
    0x080048d8   0x080048d8   0x00000030   Code   RO         1034    i.__mathlib_dbl_divzero  m_wm.l(dunder.o)
    0x08004908   0x08004908   0x00000014   Code   RO         1035    i.__mathlib_dbl_infnan  m_wm.l(dunder.o)
    0x0800491c   0x0800491c   0x00000004   PAD
    0x08004920   0x08004920   0x00000020   Code   RO         1037    i.__mathlib_dbl_invalid  m_wm.l(dunder.o)
    0x08004940   0x08004940   0x0000000e   Code   RO          929    i._is_digit         c_w.l(__printf_wp.o)
    0x0800494e   0x0800494e   0x00000010   Code   RO         1050    i.log               m_wm.l(log.o)
    0x0800495e   0x0800495e   0x00000002   PAD
    0x08004960   0x08004960   0x0000002c   Code   RO         1172    locale$$code        c_w.l(lc_numeric_c.o)
    0x0800498c   0x0800498c   0x0000002c   Code   RO         1207    locale$$code        c_w.l(lc_ctype_c.o)
    0x080049b8   0x080049b8   0x00000018   Code   RO         1013    x$fpl$basic         fz_wm.l(basic.o)
    0x080049d0   0x080049d0   0x00000150   Code   RO          813    x$fpl$dadd          fz_wm.l(daddsub_clz.o)
    0x08004b20   0x08004b20   0x00000018   Code   RO         1119    x$fpl$dcmpinf       fz_wm.l(dcmpi.o)
    0x08004b38   0x08004b38   0x000002b8   Code   RO          822    x$fpl$ddiv          fz_wm.l(ddiv.o)
    0x08004df0   0x08004df0   0x00000078   Code   RO         1015    x$fpl$deqf          fz_wm.l(deqf.o)
    0x08004e68   0x08004e68   0x0000005e   Code   RO          825    x$fpl$dfix          fz_wm.l(dfix.o)
    0x08004ec6   0x08004ec6   0x0000002e   Code   RO          830    x$fpl$dflt          fz_wm.l(dflt_clz.o)
    0x08004ef4   0x08004ef4   0x00000078   Code   RO         1017    x$fpl$dgeqf         fz_wm.l(dgeqf.o)
    0x08004f6c   0x08004f6c   0x00000078   Code   RO         1019    x$fpl$dleqf         fz_wm.l(dleqf.o)
    0x08004fe4   0x08004fe4   0x00000154   Code   RO          835    x$fpl$dmul          fz_wm.l(dmul.o)
    0x08005138   0x08005138   0x0000009c   Code   RO         1021    x$fpl$dnaninf       fz_wm.l(dnaninf.o)
    0x080051d4   0x080051d4   0x0000000c   Code   RO         1023    x$fpl$dretinf       fz_wm.l(dretinf.o)
    0x080051e0   0x080051e0   0x00000016   Code   RO          814    x$fpl$drsb          fz_wm.l(daddsub_clz.o)
    0x080051f6   0x080051f6   0x00000002   PAD
    0x080051f8   0x080051f8   0x000001dc   Code   RO          815    x$fpl$dsub          fz_wm.l(daddsub_clz.o)
    0x080053d4   0x080053d4   0x00000054   Code   RO          819    x$fpl$fcmp          fz_wm.l(dcmp.o)
    0x08005428   0x08005428   0x0000001a   Code   RO         1121    x$fpl$fpinit        fz_wm.l(fpinit.o)
    0x08005442   0x08005442   0x00000004   Code   RO         1025    x$fpl$printf1       fz_wm.l(printf1.o)
    0x08005446   0x08005446   0x00000004   Code   RO         1027    x$fpl$printf2       fz_wm.l(printf2.o)
    0x0800544a   0x0800544a   0x00000000   Code   RO         1033    x$fpl$usenofp       fz_wm.l(usenofp.o)
    0x0800544a   0x0800544a   0x00000002   PAD
    0x0800544c   0x0800544c   0x00000008   Data   RO          888    .constdata          c_w.l(_printf_wctomb.o)
    0x08005454   0x08005454   0x00000028   Data   RO          917    .constdata          c_w.l(_printf_hex_int_ll_ptr.o)
    0x0800547c   0x0800547c   0x00000011   Data   RO          937    .constdata          c_w.l(__printf_flags_ss_wp.o)
    0x0800548d   0x0800548d   0x00000003   PAD
    0x08005490   0x08005490   0x00000038   Data   RO         1051    .constdata          m_wm.l(log.o)
    0x080054c8   0x080054c8   0x00000026   Data   RO         1099    .constdata          c_w.l(_printf_fp_hex.o)
    0x080054ee   0x080054ee   0x00000002   PAD
    0x080054f0   0x080054f0   0x00000008   Data   RO         1125    .constdata          m_wm.l(qnan.o)
    0x080054f8   0x080054f8   0x00000094   Data   RO         1145    .constdata          c_w.l(bigflt0.o)
    0x0800558c   0x0800558c   0x00000010   Data   RO          194    .rodata.AHBPrescTable  system_stm32l4xx.o
    0x0800559c   0x0800559c   0x00000030   Data   RO          196    .rodata.MSIRangeTable  system_stm32l4xx.o
    0x080055cc   0x080055cc   0x00000010   Data   RO           25    .rodata.keyPadIB    events.o
    0x080055dc   0x080055dc   0x00000010   Data   RO           26    .rodata.keyPadIB2   events.o
    0x080055ec   0x080055ec   0x0000002e   Data   RO           47    .rodata.str1.1      run.o
    0x0800561a   0x0800561a   0x00000005   Data   RO          125    .rodata.str1.1      number.o
    0x0800561f   0x0800561f   0x00000001   PAD
    0x08005620   0x08005620   0x00000020   Data   RO         1266    Region$$Table       anon$$obj.o
    0x08005640   0x08005640   0x0000001c   Data   RO         1171    locale$$data        c_w.l(lc_numeric_c.o)
    0x0800565c   0x0800565c   0x00000110   Data   RO         1206    locale$$data        c_w.l(lc_ctype_c.o)


    Execution Region ER_RW (Exec base: 0x20000000, Load base: 0x0800576c, Size: 0x00000024, Max: 0xffffffff, ABSOLUTE)

    Exec Addr    Load Addr    Size         Type   Attr      Idx    E Section Name        Object

    0x20000000   0x0800576c   0x00000010   Data   RW           22    .data.KEYPAD_MATRIX  events.o
    0x20000010   0x0800577c   0x00000004   Data   RW           23    .data.SWITCH_ARRAY  events.o
    0x20000014   0x08005780   0x00000004   Data   RW          193    .data.SystemCoreClock  system_stm32l4xx.o
    0x20000018   0x08005784   0x00000004   Data   RW          113    .data.freq          date.o
    0x2000001c   0x08005788   0x00000001   Data   RW          275    .data.uwTickFreq    stm32l4xx_hal.o
    0x2000001d   0x08005789   0x00000003   PAD
    0x20000020   0x0800578c   0x00000004   Data   RW          274    .data.uwTickPrio    stm32l4xx_hal.o


    Execution Region ER_ZI (Exec base: 0x20000028, Load base: 0x08005790, Size: 0x00000738, Max: 0xffffffff, ABSOLUTE)

    Exec Addr    Load Addr    Size         Type   Attr      Idx    E Section Name        Object

    0x20000028        -       0x00000060   Zero   RW         1060    .bss                c_w.l(libspace.o)
    0x20000088        -       0x000000cc   Zero   RW           27    .bss.Events         events.o
    0x20000154        -       0x00000004   Zero   RW          112    .bss.completeCycles  date.o
    0x20000158        -       0x00000004   Zero   RW          111    .bss.lastValue      date.o
    0x2000015c        -       0x00000004   Zero   RW          276    .bss.uwTick         stm32l4xx_hal.o
    0x20000160        -       0x00000200   Zero   RW          180    HEAP                startup_stm32l476xx.o
    0x20000360        -       0x00000400   Zero   RW          179    STACK               startup_stm32l476xx.o


==============================================================================

Image component sizes


      Code (inc. data)   RO Data    RW Data    ZI Data      Debug   Object Name

       102          0          0          0          0       1892   buzzer.o
       294          0          0          4          8       1879   date.o
      2298          0         32         20        204       5857   events.o
       752          0          0          0          0       3785   lcd.o
       134          0          0          0          0       2012   main.o
       418         24          5          0          0       1076   number.o
       410          0         46          0          0       3314   run.o
        64         26        392          0       1536        944   startup_stm32l476xx.o
       222          0          0          5          4       8666   stm32l4xx_hal.o
       414          0          0          0          0       9884   stm32l4xx_hal_cortex.o
        66          0          0          0          0       1705   stm32l4xx_hal_msp.o
       244          0          0          0          0       8394   stm32l4xx_hal_pwr_ex.o
      3776          0          0          0          0      10153   stm32l4xx_hal_rcc.o
        34          0          0          0          0       1077   stm32l4xx_it.o
        18          0         64          4          0       3087   system_stm32l4xx.o

    ----------------------------------------------------------------------
      9300         50        572         36       1752      63725   Object Totals
         0          0         32          0          0          0   (incl. Generated)
        54          0          1          3          0          0   (incl. Padding)

    ----------------------------------------------------------------------

      Code (inc. data)   RO Data    RW Data    ZI Data      Debug   Library Member Name

         8          0          0          0          0         68   __main.o
       398          4         17          0          0         92   __printf_flags_ss_wp.o
        14          0          0          0          0         68   __printf_wp.o
         0          0          0          0          0          0   __rtentry.o
        12          0          0          0          0          0   __rtentry2.o
         6          0          0          0          0          0   __rtentry4.o
        94          8          0          0          0          0   __scatter.o
        26          0          0          0          0          0   __scatter_copy.o
        28          0          0          0          0          0   __scatter_zi.o
        72          0          0          0          0         96   _c16rtomb.o
         6          0          0          0          0          0   _printf_a.o
         6          0          0          0          0          0   _printf_c.o
        44          0          0          0          0        108   _printf_char.o
        48          6          0          0          0         96   _printf_char_common.o
        40          0          0          0          0         68   _printf_charcount.o
         6          0          0          0          0          0   _printf_d.o
       120         16          0          0          0         92   _printf_dec.o
         6          0          0          0          0          0   _printf_e.o
         6          0          0          0          0          0   _printf_f.o
      1058          0          0          0          0        148   _printf_fp_dec.o
       770          8         38          0          0        100   _printf_fp_hex.o
       128         16          0          0          0         84   _printf_fp_infnan.o
         6          0          0          0          0          0   _printf_g.o
       148          4         40          0          0        160   _printf_hex_int_ll_ptr.o
         6          0          0          0          0          0   _printf_i.o
       178          0          0          0          0         88   _printf_intcommon.o
        10          0          0          0          0          0   _printf_l.o
         6          0          0          0          0          0   _printf_lc.o
        10          0          0          0          0          0   _printf_ll.o
         6          0          0          0          0          0   _printf_lld.o
         6          0          0          0          0          0   _printf_lli.o
         6          0          0          0          0          0   _printf_llo.o
         6          0          0          0          0          0   _printf_llu.o
         6          0          0          0          0          0   _printf_llx.o
       124         16          0          0          0         92   _printf_longlong_dec.o
         6          0          0          0          0          0   _printf_ls.o
         6          0          0          0          0          0   _printf_n.o
         6          0          0          0          0          0   _printf_o.o
       112          8          0          0          0        124   _printf_oct_int_ll.o
         6          0          0          0          0          0   _printf_p.o
        78          0          0          0          0        108   _printf_pad.o
         0          0          0          0          0          0   _printf_percent.o
         4          0          0          0          0          0   _printf_percent_end.o
         6          0          0          0          0          0   _printf_s.o
        82          0          0          0          0         80   _printf_str.o
        36          0          0          0          0         84   _printf_truncate.o
         6          0          0          0          0          0   _printf_u.o
        44          0          0          0          0        108   _printf_wchar.o
       194          6          8          0          0         92   _printf_wctomb.o
         6          0          0          0          0          0   _printf_x.o
        22          0          0          0          0        100   _rserrno.o
        10          0          0          0          0         68   _sputc.o
       228          4        148          0          0         96   bigflt0.o
      1936        128          0          0          0        668   btod.o
        10          0          0          0          0         68   defsig_exit.o
        50          0          0          0          0         88   defsig_general.o
        80         58          0          0          0         76   defsig_rtmem_inner.o
        14          0          0          0          0         80   defsig_rtmem_outer.o
        18          0          0          0          0         80   exit.o
        94          0          0          0          0         80   h1_alloc.o
        52          0          0          0          0         68   h1_extend.o
        78          0          0          0          0         80   h1_free.o
        12          0          0          0          0         84   h1_init.o
         6          0          0          0          0        152   heapauxi.o
         4          0          0          0          0        136   hguard.o
         0          0          0          0          0          0   indicate_semi.o
       138          0          0          0          0        168   init_alloc.o
        44         10        272          0          0         76   lc_ctype_c.o
        44         10         28          0          0         76   lc_numeric_c.o
         2          0          0          0          0          0   libinit.o
        42          0          0          0          0          0   libinit2.o
         2          0          0          0          0          0   libshutdown.o
         2          0          0          0          0          0   libshutdown2.o
         8          4          0          0         96         68   libspace.o
       138          0          0          0          0         80   lludiv10.o
         0          0          0          0          0          0   maybetermalloc1.o
        16          4          0          0          0         76   rt_ctype_table.o
         8          4          0          0          0         68   rt_errno_addr_intlibspace.o
         8          4          0          0          0         68   rt_heap_descriptor_intlibspace.o
         8          4          0          0          0         68   rt_locale_intlibspace.o
        78          0          0          0          0         80   rt_memclr_w.o
         2          0          0          0          0          0   rtexit.o
        10          0          0          0          0          0   rtexit2.o
        44          6          0          0          0         84   sprintf.o
       124          0          0          0          0         88   strcmpv7em.o
        12          4          0          0          0         68   sys_exit.o
        74          0          0          0          0         80   sys_stackheap_outer.o
        14          0          0          0          0         76   sys_wrch.o
         2          0          0          0          0         68   use_no_semi.o
        24          0          0          0          0        164   basic.o
       834         16          0          0          0        516   daddsub_clz.o
        84          0          0          0          0        244   dcmp.o
        24          0          0          0          0        116   dcmpi.o
       696        140          0          0          0        264   ddiv.o
       120          4          0          0          0        140   deqf.o
        94          4          0          0          0        140   dfix.o
        46          0          0          0          0        116   dflt_clz.o
       120          4          0          0          0        140   dgeqf.o
       120          4          0          0          0        140   dleqf.o
       340         12          0          0          0        152   dmul.o
       156          4          0          0          0        140   dnaninf.o
        12          0          0          0          0        116   dretinf.o
        26          0          0          0          0        116   fpinit.o
         4          0          0          0          0        116   printf1.o
         4          0          0          0          0        116   printf2.o
         0          0          0          0          0          0   usenofp.o
       100         28          0          0          0        372   dunder.o
        48          0          0          0          0        124   fpclassify.o
      1016         92         56          0          0        440   log.o
       304         44          0          0          0        200   log10.o
       248          0          0          0          0        152   poly.o
         0          0          8          0          0          0   qnan.o

    ----------------------------------------------------------------------
     11888        684        620          0         96       9196   Library Totals
        28          0          5          0          0          0   (incl. Padding)

    ----------------------------------------------------------------------

      Code (inc. data)   RO Data    RW Data    ZI Data      Debug   Library Name

      7440        332        551          0         96       5172   c_w.l
      2704        188          0          0          0       2736   fz_wm.l
      1716        164         64          0          0       1288   m_wm.l

    ----------------------------------------------------------------------
     11888        684        620          0         96       9196   Library Totals

    ----------------------------------------------------------------------

==============================================================================


      Code (inc. data)   RO Data    RW Data    ZI Data      Debug   

     21188        734       1192         36       1848      67469   Grand Totals
     21188        734       1192         36       1848      67469   ELF Image Totals
     21188        734       1192         36          0          0   ROM Totals

==============================================================================

    Total RO  Size (Code + RO Data)                22380 (  21.86kB)
    Total RW  Size (RW Data + ZI Data)              1884 (   1.84kB)
    Total ROM Size (Code + RO Data + RW Data)      22416 (  21.89kB)

==============================================================================

